09-18 12:08:38.260 17853 17873 I AtLeastOnceObservationG: Mobalt: generating observations for day index 20344 for report: 200006-1-1-5
09-18 12:08:38.261 17853 17873 I AtLeastOnceObservationG: Mobalt: generated 1 observations in 1 observation batches for day index 20344 for report: 200006-1-1-5
09-18 12:08:38.262  5535  5582 W HeadsetPhoneState: startListenForPhoneState, no event to listen
09-18 12:08:38.264 17853 17906 I BugleGroupManagement: Starting repair forked MMS groups.
09-18 12:08:38.271   686  2315 W ContextImpl: Calling a method in the system process without a qualified user: android.app.ContextImpl.sendBroadcastMultiplePermissions:1352 android.content.Context.sendBroadcastMultiplePermissions:2529 android.content.Context.sendBroadcastMultiplePermissions:2517 com.android.server.TelephonyRegistry.broadcastDataConnectionStateChanged:4378 com.android.server.TelephonyRegistry.notifyDataConnectionForSubscriber:2321 
09-18 12:08:38.272   686  1081 I ConnectivityService: Update capabilities for net 101 : +NOT_SUSPENDED
09-18 12:08:38.277   686  1073 W BestClock: java.time.DateTimeException: No network time available
09-18 12:08:38.278   686  1073 W BestClock: java.time.DateTimeException: No network time available
09-18 12:08:38.294   686  1081 D ConnectivityService: [101 CELLULAR] EVENT_NETWORK_INFO_CHANGED, going from SUSPENDED to CONNECTED
09-18 12:08:38.303 17853 17908 I BugleRestore: Marking 0 executions with initial prompt shown as ready for reprompt
09-18 12:08:38.306   686  1288 W BestClock: java.time.DateTimeException: No network time available
09-18 12:08:38.306   686  1288 W BestClock: java.time.DateTimeException: No network time available
09-18 12:08:38.306   686  1288 W BestClock: java.time.DateTimeException: No network time available
09-18 12:08:38.306   686  1288 W BestClock: java.time.DateTimeException: No network time available
09-18 12:08:38.306   686  1288 W BestClock: java.time.DateTimeException: No network time available
09-18 12:08:38.306 10972 11081 D BatteryUsageDataLoader: loadUsageDataSafely() in the AsyncTask
09-18 12:08:38.313  9520  9557 D WM-PackageManagerHelper: Skipping component enablement for androidx.work.impl.background.systemalarm.RescheduleReceiver
09-18 12:08:38.314 10157 10790 I NearbyMediums: WifiNetwork setTelephonyIsDataConnected:true
09-18 12:08:38.314 17853 17873 I DataService: Mobalt: generating observations for day index 20345 for report: 200006-1-1-5
09-18 12:08:38.315 17853 11045 I Bugle   : SubscriptionUtils.getCanonicalForSelf: self=redacted-pii[12-chars], country=US [CONTEXT sub_id=1 ]
09-18 12:08:38.337 17853 17873 I AtLeastOnceObservationG: Mobalt: generating observations for day index 20345 for report: 200006-1-1-5
09-18 12:08:38.340  1357  1357 D MultiSimSettingController: notifySubscriptionInfoChanged
09-18 12:08:38.350   686  2320 W UriGrantsManagerService: No permission grants found for com.google.android.apps.photos
09-18 12:08:38.353 17853 17873 I AtLeastOnceObservationG: Mobalt: generated 1 observations in 1 observation batches for day index 20345 for report: 200006-1-1-5
09-18 12:08:38.353 17853 11045 I SimSubscriptionInfoRetr: Found provisioning id for sub id in simStateCache. subId SubscriptionId(idValue=1): provisioning id: redacted-pii:sim_id[chars:20,last3:897]
09-18 12:08:38.354 17853 17873 I DataService: Mobalt: generating observations for day index 20346 for report: 200006-1-1-5
09-18 12:08:38.354 17853 17873 I AtLeastOnceObservationG: Mobalt: generating observations for day index 20346 for report: 200006-1-1-5
09-18 12:08:38.356   686  2320 W UriGrantsManagerService: No permission grants found for com.google.android.apps.photos
09-18 12:08:38.366 17853 17873 I AtLeastOnceObservationG: Mobalt: generated 1 observations in 1 observation batches for day index 20346 for report: 200006-1-1-5
09-18 12:08:38.366 17853 17873 I DataService: Mobalt: generating observations for day index 20347 for report: 200006-1-1-5
09-18 12:08:38.366 17853 17873 I AtLeastOnceObservationG: Mobalt: generating observations for day index 20347 for report: 200006-1-1-5
09-18 12:08:38.366 17853 17873 I AtLeastOnceObservationG: Mobalt: generated 1 observations in 1 observation batches for day index 20347 for report: 200006-1-1-5
09-18 12:08:38.367 17853 17873 I DataService: Mobalt: generating observations for day index 20344 for report: 200006-1-1-7
09-18 12:08:38.367 17853 17873 I AtLeastOnceObservationG: Mobalt: generating observations for day index 20344 for report: 200006-1-1-7
09-18 12:08:38.367 17853 17873 I AtLeastOnceObservationG: Mobalt: generated 2 observations in 1 observation batches for day index 20344 for report: 200006-1-1-7
09-18 12:08:38.368 17853 17873 I DataService: Mobalt: generating observations for day index 20345 for report: 200006-1-1-7
09-18 12:08:38.368 17853 17873 I AtLeastOnceObservationG: Mobalt: generating observations for day index 20345 for report: 200006-1-1-7
09-18 12:08:38.368 17853 17873 I AtLeastOnceObservationG: Mobalt: generated 3 observations in 1 observation batches for day index 20345 for report: 200006-1-1-7
09-18 12:08:38.368 17853 17873 I DataService: Mobalt: generating observations for day index 20346 for report: 200006-1-1-7
09-18 12:08:38.368 17853 17873 I AtLeastOnceObservationG: Mobalt: generating observations for day index 20346 for report: 200006-1-1-7
09-18 12:08:38.369 17853 17873 I AtLeastOnceObservationG: Mobalt: generated 1 observations in 1 observation batches for day index 20346 for report: 200006-1-1-7
09-18 12:08:38.371   686  1629 W BestClock: java.time.DateTimeException: No network time available
09-18 12:08:38.371   686   686 I AS.AudioService: onSubscriptionsChanged()
09-18 12:08:38.373   686  1228 W BestClock: java.time.DateTimeException: No network time available
09-18 12:08:38.376 17853 17874 I BugleNotifications: Finishing notification state synclet
09-18 12:08:38.397   686  1087 E AppOps  : attributionTag VCN not declared in manifest of android
09-18 12:08:38.409 17853 17873 I DataService: Mobalt: generating observations for day index 20347 for report: 200006-1-1-7
09-18 12:08:38.409 17853 17873 I AtLeastOnceObservationG: Mobalt: generating observations for day index 20347 for report: 200006-1-1-7
09-18 12:08:38.410 17853 17873 I AtLeastOnceObservationG: Mobalt: generated 1 observations in 1 observation batches for day index 20347 for report: 200006-1-1-7
09-18 12:08:38.411 17853 17873 I DataService: Mobalt: generating observations for day index 20344 for report: 200006-1-2-3
09-18 12:08:38.411 17853 17873 I AtLeastOnceObservationG: Mobalt: generating observations for day index 20344 for report: 200006-1-2-3
09-18 12:08:38.411 17853 17873 I AtLeastOnceObservationG: Mobalt: generated 1 observations in 1 observation batches for day index 20344 for report: 200006-1-2-3
09-18 12:08:38.412 17853 17873 I DataService: Mobalt: generating observations for day index 20345 for report: 200006-1-2-3
09-18 12:08:38.412 17853 17873 I AtLeastOnceObservationG: Mobalt: generating observations for day index 20345 for report: 200006-1-2-3
09-18 12:08:38.412 17853 17873 I AtLeastOnceObservationG: Mobalt: generated 1 observations in 1 observation batches for day index 20345 for report: 200006-1-2-3
09-18 12:08:38.413 17853 17873 I DataService: Mobalt: generating observations for day index 20346 for report: 200006-1-2-3
09-18 12:08:38.413 17853 17873 I AtLeastOnceObservationG: Mobalt: generating observations for day index 20346 for report: 200006-1-2-3
09-18 12:08:38.416 17853 11064 I .apps.messaging: Waiting for a blocking GC AddRemoveAppImageSpace
09-18 12:08:38.417 17853 17873 I AtLeastOnceObservationG: Mobalt: generated 1 observations in 1 observation batches for day index 20346 for report: 200006-1-2-3
09-18 12:08:38.417 17853 17873 I DataService: Mobalt: generating observations for day index 20347 for report: 200006-1-2-3
09-18 12:08:38.417 17853 17873 I AtLeastOnceObservationG: Mobalt: generating observations for day index 20347 for report: 200006-1-2-3
09-18 12:08:38.417 17853 17873 I AtLeastOnceObservationG: Mobalt: generated 1 observations in 1 observation batches for day index 20347 for report: 200006-1-2-3
09-18 12:08:38.418 17853 17873 I DataService: Mobalt: generating observations for day index 20344 for report: 200006-1-2-5
09-18 12:08:38.418 17853 17873 I AtLeastOnceObservationG: Mobalt: generating observations for day index 20344 for report: 200006-1-2-5
09-18 12:08:38.418 17853 17873 I AtLeastOnceObservationG: Mobalt: generated 1 observations in 1 observation batches for day index 20344 for report: 200006-1-2-5
09-18 12:08:38.419 17853 17873 I DataService: Mobalt: generating observations for day index 20345 for report: 200006-1-2-5
09-18 12:08:38.419 17853 17873 I AtLeastOnceObservationG: Mobalt: generating observations for day index 20345 for report: 200006-1-2-5
09-18 12:08:38.419 17853 17873 I AtLeastOnceObservationG: Mobalt: generated 1 observations in 1 observation batches for day index 20345 for report: 200006-1-2-5
09-18 12:08:38.419 17853 17873 I DataService: Mobalt: generating observations for day index 20346 for report: 200006-1-2-5
09-18 12:08:38.419 17853 17873 I AtLeastOnceObservationG: Mobalt: generating observations for day index 20346 for report: 200006-1-2-5
09-18 12:08:38.420 17853 17873 I AtLeastOnceObservationG: Mobalt: generated 1 observations in 1 observation batches for day index 20346 for report: 200006-1-2-5
09-18 12:08:38.420 17853 17873 I DataService: Mobalt: generating observations for day index 20347 for report: 200006-1-2-5
09-18 12:08:38.420 17853 17873 I AtLeastOnceObservationG: Mobalt: generating observations for day index 20347 for report: 200006-1-2-5
09-18 12:08:38.420 17853 17873 I AtLeastOnceObservationG: Mobalt: generated 1 observations in 1 observation batches for day index 20347 for report: 200006-1-2-5
09-18 12:08:38.421   686  2319 W IPCThreadState: Sending oneway calls to frozen process.
09-18 12:08:38.421   686  2319 W IPCThreadState: Sending oneway calls to frozen process.
09-18 12:08:38.421 17853 17873 I DataService: Mobalt: generating observations for day index 20344 for report: 200006-1-2-7
09-18 12:08:38.421 17853 17873 I AtLeastOnceObservationG: Mobalt: generating observations for day index 20344 for report: 200006-1-2-7
09-18 12:08:38.422 17853 17873 I AtLeastOnceObservationG: Mobalt: generated 2 observations in 1 observation batches for day index 20344 for report: 200006-1-2-7
09-18 12:08:38.422 17853 17873 I DataService: Mobalt: generating observations for day index 20345 for report: 200006-1-2-7
09-18 12:08:38.422 17853 17873 I AtLeastOnceObservationG: Mobalt: generating observations for day index 20345 for report: 200006-1-2-7
09-18 12:08:38.423 17853 17873 I AtLeastOnceObservationG: Mobalt: generated 3 observations in 1 observation batches for day index 20345 for report: 200006-1-2-7
09-18 12:08:38.423 17853 17873 I DataService: Mobalt: generating observations for day index 20346 for report: 200006-1-2-7
09-18 12:08:38.423 17853 17873 I AtLeastOnceObservationG: Mobalt: generating observations for day index 20346 for report: 200006-1-2-7
09-18 12:08:38.423  1357  1357 I Telephony: TelecomAccountRegistry$TelecomAccountTelephonyCallback: TelecomAccountRegistry: onServiceStateChanged: newState=0, mServiceState=1
09-18 12:08:38.423  1357  1357 I Telephony: TelecomAccountRegistry: onServiceStateChanged: Tearing down and re-setting up accounts.
09-18 12:08:38.423  1357  1357 I Telephony: PstnIncomingCallNotifier: Unregistering: [0]
09-18 12:08:38.423  1357  1357 D Telephony: Unregistering: Handler (com.android.internal.telephony.GsmCdmaPhone) {f748415}
09-18 12:08:38.423 17853 17873 I AtLeastOnceObservationG: Mobalt: generated 1 observations in 1 observation batches for day index 20346 for report: 200006-1-2-7
09-18 12:08:38.423  1357  1357 I PhoneInterfaceManager: unregisterMmTelCapabilityCallback: 1 is inactive, ignoring unregister.
09-18 12:08:38.423  1357  1357 I PhoneInterfaceManager: unregisterImsRegistrationCallback: 1is inactive, ignoring unregister.
09-18 12:08:38.424 17853 17873 I DataService: Mobalt: generating observations for day index 20347 for report: 200006-1-2-7
09-18 12:08:38.424 17853 17873 I AtLeastOnceObservationG: Mobalt: generating observations for day index 20347 for report: 200006-1-2-7
09-18 12:08:38.424 17853 17873 I AtLeastOnceObservationG: Mobalt: generated 1 observations in 1 observation batches for day index 20347 for report: 200006-1-2-7
09-18 12:08:38.425 17853 11048 I BugleDataModel: Scheduling country code detector action, because a subscription changed its state.
09-18 12:08:38.425 17853 11099 D WM-GreedyScheduler: Cancelling work ID 8f475be8-c617-4381-865f-83bf85b7eab2
09-18 12:08:38.425 17853 11048 I BugleDataModel: Scheduling self participants refresh action, because a subscription changed its state.
09-18 12:08:38.426 17853 11088 I MobaltPeriodicJobImpl: Mobalt: successfully generated observations for 6 reports
09-18 12:08:38.429 17853 11099 D WM-SystemJobScheduler: Scheduling work ID 8f475be8-c617-4381-865f-83bf85b7eab2Job ID 1412
09-18 12:08:38.431 17853 17945 I BugleRcsEngine: SIM state event delay enabled: attempts 1, maxAttempts 3, delaySeconds 90 MSIM delayseconds 90, effective delay seconds 90 [CONTEXT thread_id=107 ]
09-18 12:08:38.432 17853 11056 I BugleSimStateTracker: Update trigger: 2
09-18 12:08:38.432  9520 11101 I DialerVvmCarrierIdentifierImpl: com.android.dialer.voicemail.service.impl.carriermapping.VvmCarrierIdentifierImpl.getVvmCarrierNameBlocking:133 found carrier name: VVM_CARRIER_TMO_US [CONTEXT enable_persistent_logger=true ]
09-18 12:08:38.433 17853 17945 I BugleRcsEngine: posted simEventProcessTask to handler with delay 90 [CONTEXT thread_id=107 ]
09-18 12:08:38.438  9520  9553 I DialerRestVoicemailEnabledFn: com.android.dialer.voicemail.service.impl.vvmclients.rest.RestVoicemailEnabledFn.isEnabled:67 device is supported, enabling. [CONTEXT ratelimit_period="1 MINUTES" ]
09-18 12:08:38.441  4512  4632 I BugleRcsEngine: SIM state event delay enabled: attempts 1, maxAttempts 3, delaySeconds 90 MSIM delayseconds 90, effective delay seconds 90 [CONTEXT thread_id=63 ]
09-18 12:08:38.441  4512  4632 I BugleRcsEngine: posted simEventProcessTask to handler with delay 90 [CONTEXT thread_id=63 ]
09-18 12:08:38.443 17853 11047 I SimStateSchedulerImpl: Scheduling UPDATE_PHONE_SIMS_STATE. Delay Seconds: 0, UpdateTrigger: UPDATE_TRIGGER_SUBSCRIPTIONS_CHANGED
09-18 12:08:38.443 17853 11047 I SimStateSchedulerImpl: Scheduling WORK_TYPE_UPDATE_PHONE_SIMS_STATE using PWQ. Delay Seconds: 0, UpdateTrigger: 2
09-18 12:08:38.448   686  1073 W BestClock: java.time.DateTimeException: No network time available
09-18 12:08:38.449   686  1073 W BestClock: java.time.DateTimeException: No network time available
09-18 12:08:38.455 10212 10457 I CobaltLoggerImpl: (REDACTED) Logging Cobalt occurrence for metric %d-%d-%d, with count %d and event vector %s, for caller: %s
09-18 12:08:38.456 10212 10457 I CobaltLoggerImpl: (REDACTED) Loaded Cobalt registry contains metric: %d-%d-%d
09-18 12:08:38.457 17853 11099 D WM-SystemJobScheduler: Scheduling work ID 45edb9eb-2b76-4f04-878f-0db32bbb4745Job ID 1413
09-18 12:08:38.459 11084 11084 D ApplicationLoaders: Returning zygote-cached class loader: /system/framework/org.apache.http.legacy.jar
09-18 12:08:38.459 11084 11084 D ApplicationLoaders: Returning zygote-cached class loader: /system_ext/framework/androidx.window.extensions.jar
09-18 12:08:38.459 11084 11084 D ApplicationLoaders: Returning zygote-cached class loader: /system_ext/framework/androidx.window.sidecar.jar
09-18 12:08:38.462  1357  1675 W SQLiteLog: (28) double-quoted string literal: ""
09-18 12:08:38.465  9520  9553 I DialerVoicemailModule: com.android.voicemail.impl.VoicemailModule.provideVoicemailClient:66 Providing stub due to flag
09-18 12:08:38.465   686  1073 W BestClock: java.time.DateTimeException: No network time available
09-18 12:08:38.466  1357  1357 I Telephony: TelecomAccountRegistry: setupAccounts: Found 1 phones.  Attempting to register.
09-18 12:08:38.466  1357  1357 I Telephony: TelecomAccountRegistry: setupAccounts: Phone with subscription id 1
09-18 12:08:38.467 17853 17907 I SmsSubjectLogger: Found [0] non-null SMS subjects
09-18 12:08:38.474  1357  1357 V SimultaneousCallingTracker: Device is not simultaneous calling capable
09-18 12:08:38.476 17853 11045 E SmsApplication: com.google.android.apps.messaging lost android:read_cell_broadcasts:  (no permission to fix)
09-18 12:08:38.480   686  1073 W BestClock: java.time.DateTimeException: No network time available
09-18 12:08:38.482  9520  9553 D CompatChangeReporter: Compat change id reported: 330583731; UID 10142; state: ENABLED
09-18 12:08:38.486   686  1073 W BestClock: java.time.DateTimeException: No network time available
09-18 12:08:38.486   686  1073 W BestClock: java.time.DateTimeException: No network time available
09-18 12:08:38.486 11084 11084 D nativeloader: InitLlndkLibrariesProduct: libEGL.so:libGLESv1_CM.so:libGLESv2.so:libGLESv3.so:libRS.so:libandroid_net.so:libapexsupport.so:libavf.so:libbinder_ndk.so:libc.so:libcgrouprc.so:libclang_rt.asan-x86_64-android.so:libcom.android.tethering.connectivity_native.so:libdl.so:libft2.so:liblog.so:libm.so:libmediandk.so:libnativewindow.so:libneuralnetworks.so:libselinux.so:libsync.so:libvendorsupport.so:libvndksupport.so:libvulkan.so
09-18 12:08:38.487 11084 11084 D nativeloader: Configuring product-clns-9 for unbundled product apk /product/app/PrebuiltDeskClockGoogle/PrebuiltDeskClockGoogle.apk. target_sdk_version=33, uses_libraries=, library_path=/product/app/PrebuiltDeskClockGoogle/lib/x86_64:/product/lib64:/system/product/lib64, permitted_path=/data:/mnt/expand:/data/user/0/com.google.android.deskclock:/product/lib64:/system/product/lib64
09-18 12:08:38.487 11084 11084 D nativeloader: InitVndkspLibrariesProduct: VNDK is deprecated with product
09-18 12:08:38.500 17853 11099 D WM-GreedyScheduler: Ignoring {WorkSpec: 1dfb44bb-e1a3-4883-ad4e-f2975dcf6c5f}. Requires device idle.
09-18 12:08:38.500 17853 11099 D WM-GreedyScheduler: Ignoring {WorkSpec: f43c8708-a62a-41b5-9468-74ebfd163365}. Requires device idle.
09-18 12:08:38.500 17853 11099 D WM-GreedyScheduler: Ignoring {WorkSpec: 1421db32-e01b-4e61-bbce-d056a228f1b7}. Requires device idle.
09-18 12:08:38.501 17853 11099 D WM-GreedyScheduler: Ignoring {WorkSpec: 2b62f28c-544c-49ca-b8dd-23d1a2fdf312}. Requires device idle.
09-18 12:08:38.501 17853 11099 D WM-GreedyScheduler: Starting tracking for 91a0cbb3-b388-4651-8f27-beecdfe186d5,7f269ec1-dfae-4da9-ac5f-094dc08cabe0,41743f46-3bc1-4049-b8b1-69b3462567c5,78aa564a-1c78-4354-9d3b-959965447ae0,158c0537-a60e-41c6-ad3c-5ef67efc025b,e1e5bb40-3bb2-4eae-8113-1c9b710591f0,a1ef4bfd-6acd-43a6-a405-adea1c2d2273,a0ce7a7e-9331-4650-be2d-a8f4d12aca18,778c5cba-f375-4d4b-9a71-6818f615f8f2,11028397-5321-4127-be1f-dc108fc1b5b2,f3f5d7ed-8b96-4c19-aba4-c6066b40964a
09-18 12:08:38.507  1357  1357 D Telephony: isEmergencyPreferredAccount: subId=1, activeData=1
09-18 12:08:38.511  1357  1357 D Telephony: isEmergencyPreferredAccount: Device does not require preference.
09-18 12:08:38.524  1357  1357 I Telephony: isRttCurrentlySupported -- regular acct, hasVoiceAvailability: false
09-18 12:08:38.524  1357  1357 I Telephony:  isRttSupported: false
09-18 12:08:38.524  1357  1357 I Telephony:  alwaysAllowWhileRoaming: false
09-18 12:08:38.524  1357  1357 I Telephony:  isRoaming: false
09-18 12:08:38.524  1357  1357 I Telephony:  isOnWfc: false
09-18 12:08:38.533 17853 11087 I .apps.messaging: AssetManager2(0x7ff8366a4e38) locale list changing from [] to [en-US]
09-18 12:08:38.576   686  2315 W ForegroundServiceTypeLoggerModule: FGS stop call for: 10147 has no types!
09-18 12:08:38.586   686  1130 D BackgroundInstallControlService: Package event received: 0
09-18 12:08:38.587   686  1130 D BackgroundInstallControlService: Package event received: 0
09-18 12:08:38.587   686  1130 D BackgroundInstallControlService: Package event received: 0
09-18 12:08:38.616   686   730 E BluetoothPowerStatsCollector: Cannot acquire BluetoothActivityEnergyInfo
09-18 12:08:38.616   686   730 E BluetoothPowerStatsCollector: java.util.concurrent.ExecutionException: java.lang.RuntimeException: error: 11
09-18 12:08:38.616   686   730 E BluetoothPowerStatsCollector: 	at java.util.concurrent.CompletableFuture.reportGet(CompletableFuture.java:372)
09-18 12:08:38.616   686   730 E BluetoothPowerStatsCollector: 	at java.util.concurrent.CompletableFuture.get(CompletableFuture.java:2072)
09-18 12:08:38.616   686   730 E BluetoothPowerStatsCollector: 	at com.android.server.power.stats.BluetoothPowerStatsCollector.collectBluetoothActivityInfo(BluetoothPowerStatsCollector.java:192)
09-18 12:08:38.616   686   730 E BluetoothPowerStatsCollector: 	at com.android.server.power.stats.BluetoothPowerStatsCollector.collectStats(BluetoothPowerStatsCollector.java:155)
09-18 12:08:38.616   686   730 E BluetoothPowerStatsCollector: 	at com.android.server.power.stats.PowerStatsCollector.collectAndDeliverStats(PowerStatsCollector.java:176)
09-18 12:08:38.616   686   730 E BluetoothPowerStatsCollector: 	at com.android.server.power.stats.PowerStatsCollector$$ExternalSyntheticLambda0.run(R8$$SyntheticClass:0)
09-18 12:08:38.616   686   730 E BluetoothPowerStatsCollector: 	at android.os.Handler.handleCallback(Handler.java:995)
09-18 12:08:38.616   686   730 E BluetoothPowerStatsCollector: 	at android.os.Handler.dispatchMessage(Handler.java:103)
09-18 12:08:38.616   686   730 E BluetoothPowerStatsCollector: 	at android.os.Looper.loopOnce(Looper.java:248)
09-18 12:08:38.616   686   730 E BluetoothPowerStatsCollector: 	at android.os.Looper.loop(Looper.java:338)
09-18 12:08:38.616   686   730 E BluetoothPowerStatsCollector: 	at android.os.HandlerThread.run(HandlerThread.java:85)
09-18 12:08:38.616   686   730 E BluetoothPowerStatsCollector: Caused by: java.lang.RuntimeException: error: 11
09-18 12:08:38.616   686   730 E BluetoothPowerStatsCollector: 	at com.android.server.power.stats.BluetoothPowerStatsCollector$1.onBluetoothActivityEnergyInfoError(BluetoothPowerStatsCollector.java:181)
09-18 12:08:38.616   686   730 E BluetoothPowerStatsCollector: 	at android.bluetooth.BluetoothAdapter$OnBluetoothActivityEnergyInfoProxy.lambda$onBluetoothActivityEnergyInfoAvailable$0(BluetoothAdapter.java:1037)
09-18 12:08:38.616   686   730 E BluetoothPowerStatsCollector: 	at android.bluetooth.BluetoothAdapter$OnBluetoothActivityEnergyInfoProxy$$ExternalSyntheticLambda1.run(D8$$SyntheticClass:0)
09-18 12:08:38.616   686   730 E BluetoothPowerStatsCollector: 	at android.bluetooth.BluetoothUtils.lambda$executeFromBinder$0(BluetoothUtils.java:343)
09-18 12:08:38.616   686   730 E BluetoothPowerStatsCollector: 	at android.bluetooth.BluetoothUtils$$ExternalSyntheticLambda1.run(D8$$SyntheticClass:0)
09-18 12:08:38.616   686   730 E BluetoothPowerStatsCollector: 	at com.android.server.SystemServerInitThreadPool$$ExternalSyntheticLambda0.execute(R8$$SyntheticClass:0)
09-18 12:08:38.616   686   730 E BluetoothPowerStatsCollector: 	at android.bluetooth.BluetoothUtils.executeFromBinder(BluetoothUtils.java:343)
09-18 12:08:38.616   686   730 E BluetoothPowerStatsCollector: 	at android.bluetooth.BluetoothAdapter$OnBluetoothActivityEnergyInfoProxy.onBluetoothActivityEnergyInfoAvailable(BluetoothAdapter.java:1035)
09-18 12:08:38.616   686   730 E BluetoothPowerStatsCollector: 	at android.bluetooth.IBluetoothActivityEnergyInfoListener$Stub.onTransact(IBluetoothActivityEnergyInfoListener.java:98)
09-18 12:08:38.616   686   730 E BluetoothPowerStatsCollector: 	at android.os.Binder.execTransactInternal(Binder.java:1426)
09-18 12:08:38.616   686   730 E BluetoothPowerStatsCollector: 	at android.os.Binder.execTransact(Binder.java:1365)
09-18 12:08:38.625  1357  1357 W HWUI    : Image decoding logging dropped!
09-18 12:08:38.633   686  1130 D BackgroundInstallControlService: Package event received: 0
09-18 12:08:38.633  1357  1357 I Telephony: TelecomAccountRegistry$AccountEntry: registerPstnPhoneAccount: Registering account=[[ ] PhoneAccount: ComponentInfo{com.android.phone/com.android.services.telephony.TelephonyConnectionService}, 1, UserHandle{0} Capabilities: CallProvider MultiUser PlaceEmerg SimSub  Audio Routes: BESW Schemes: tel voicemail  Extras: Bundle[{android.telecom.extra.SUPPORTS_VIDEO_CALLING_FALLBACK=true}] GroupId: *** SC Restrictions: [ ]] with Telecom. subId=1
09-18 12:08:38.636   686  2397 I Telecom : TelecomServiceImpl$1: registerPhoneAccount: account=[[ ] PhoneAccount: ComponentInfo{com.android.phone/com.android.services.telephony.TelephonyConnectionService}, 1, UserHandle{0} Capabilities: CallProvider MultiUser PlaceEmerg SimSub  Audio Routes: BESW Schemes: tel voicemail  Extras: Bundle[{android.telecom.extra.SUPPORTS_VIDEO_CALLING_FALLBACK=true}] GroupId: *** SC Restrictions: [ ]]: TSI.rPA(cap)@BuM
09-18 12:08:38.646 17853 11087 W Bugle   : BuglePhoneNumberUtils: canonicalizeMccMnc: invalid mccmnc. mcc: null, mnc: null
09-18 12:08:38.648 17853 11045 I BugleRcsEngine: No RCS Configuration was found in Bugle for simID: redacted-pii:sim_id[chars:20,last3:897] [CONTEXT log_prefix="ProvisioningEngineDataRetriever" thread_id=419 ]
09-18 12:08:38.648   686  2397 I Telecom : PhoneAccountRegistrar: Modify account: [ComponentInfo{com.android.phone/com.android.services.telephony.TelephonyConnectionService}, 1, UserHandle{0}]: TSI.rPA(cap)@BuM
09-18 12:08:38.649   686  2397 I Telecom : CallsManager: handlePhoneAccountChanged: phoneAccount=[[X] PhoneAccount: ComponentInfo{com.android.phone/com.android.services.telephony.TelephonyConnectionService}, 1, UserHandle{0} Capabilities: CallProvider MultiUser PlaceEmerg SimSub  Audio Routes: BESW Schemes: tel voicemail  Extras: Bundle[{android.telecom.extra.SUPPORTS_VIDEO_CALLING_FALLBACK=true}] GroupId: *** SC Restrictions: [ ]]: TSI.rPA(cap)@BuM
09-18 12:08:38.649 17853 11045 W BugleRcsProvisioning: Failed to get RCS configuration from the cached provider, configuration is empty.
09-18 12:08:38.649 17853 11045 W BugleRcsProvisioning: eoex: FULL
09-18 12:08:38.649 17853 11045 W BugleRcsProvisioning: 	at cnav.j(PG:116)
09-18 12:08:38.649 17853 11045 W BugleRcsProvisioning: 	at cnav.m(PG:13)
09-18 12:08:38.649 17853 11045 W BugleRcsProvisioning: 	at ckrx.S(PG:9)
09-18 12:08:38.649 17853 11045 W BugleRcsProvisioning: 	at ckrx.r(PG:4)
09-18 12:08:38.649 17853 11045 W BugleRcsProvisioning: 	at bare.call(PG:1913)
09-18 12:08:38.649 17853 11045 W BugleRcsProvisioning: 	at elsm.call(PG:13)
09-18 12:08:38.649 17853 11045 W BugleRcsProvisioning: 	at escg.a(PG:3)
09-18 12:08:38.649 17853 11045 W BugleRcsProvisioning: 	at eseb.run(PG:19)
09-18 12:08:38.649 17853 11045 W BugleRcsProvisioning: 	at dubu.run(PG:7)
09-18 12:08:38.649 17853 11045 W BugleRcsProvisioning: 	at java.util.concurrent.ThreadPoolExecutor.runWorker(ThreadPoolExecutor.java:1156)
09-18 12:08:38.649 17853 11045 W BugleRcsProvisioning: 	at java.util.concurrent.ThreadPoolExecutor$Worker.run(ThreadPoolExecutor.java:651)
09-18 12:08:38.649 17853 11045 W BugleRcsProvisioning: 	at dubb.run(PG:6)
09-18 12:08:38.649 17853 11045 W BugleRcsProvisioning: 	at java.lang.Thread.run(Thread.java:1119)
09-18 12:08:38.649 17853 11045 W BugleRcsProvisioning: 	at ducv.run(PG:61)
09-18 12:08:38.657   686  2397 I Telecom : PhoneAccountRegistrar: getSimCallManager: SimCallManager for subId 1 queried, returning: null: TSI.rPA(cap)@BuM
09-18 12:08:38.657   686  2397 I Telecom : PhoneAccountRegistrar: Notifying telephony of voice service override change for 1 SIMs, hasService = false: TSI.rPA(cap)@BuM
09-18 12:08:38.661  1357  1357 I PhoneInterfaceManager: setVoiceServiceStateOverride: subId=1, phone=Handler (com.android.internal.telephony.GsmCdmaPhone) {f748415}, hasService=false, callingPackage=com.android.server.telecom
09-18 12:08:38.661  1357  1357 I Telephony: TelecomAccountRegistry$AccountEntry: Registered phoneAccount: [[ ] PhoneAccount: ComponentInfo{com.android.phone/com.android.services.telephony.TelephonyConnectionService}, 1, UserHandle{0} Capabilities: CallProvider MultiUser PlaceEmerg SimSub  Audio Routes: BESW Schemes: tel voicemail  Extras: Bundle[{android.telecom.extra.SUPPORTS_VIDEO_CALLING_FALLBACK=true}] GroupId: *** SC Restrictions: [ ]] with handle: ComponentInfo{com.android.phone/com.android.services.telephony.TelephonyConnectionService}, 1, UserHandle{0}
09-18 12:08:38.661  1357  1357 I Telephony: PstnIncomingCallNotifier: Registering: [0]
09-18 12:08:38.661  1357  1357 D Telephony: Registering: Handler (com.android.internal.telephony.GsmCdmaPhone) {f748415}
09-18 12:08:38.662  1357  1357 W Telephony: registerMmTelCapabilityCallback: registration failed, no ImsService available. Exception: code: 1
09-18 12:08:38.662  1357  1357 W Telephony: registerImsRegistrationCallback: registration failed, no ImsService available. Exception: code: 1
09-18 12:08:38.662  1357  1357 D Telephony: Finished registering mSimultaneousCallingTrackerListener for phoneId = 0; subId = 1
09-18 12:08:38.670   686  2319 W BestClock: java.time.DateTimeException: No network time available
09-18 12:08:38.671   686   701 I system_server: Background concurrent mark compact GC freed 30MB AllocSpace bytes, 36(1132KB) LOS objects, 41% free, 33MB/57MB, paused 9.325ms,8.717ms total 1.527s
09-18 12:08:38.681   686   702 I BpBinder: onLastStrongRef automatically unlinking death recipients: 
09-18 12:08:38.697 17853 11028 D WM-GreedyScheduler: Cancelling work ID 45edb9eb-2b76-4f04-878f-0db32bbb4745
09-18 12:08:38.702 17853 11028 D WM-GreedyScheduler: Ignoring {WorkSpec: 1dfb44bb-e1a3-4883-ad4e-f2975dcf6c5f}. Requires device idle.
09-18 12:08:38.702 17853 11028 D WM-GreedyScheduler: Ignoring {WorkSpec: f43c8708-a62a-41b5-9468-74ebfd163365}. Requires device idle.
09-18 12:08:38.702 17853 11028 D WM-GreedyScheduler: Ignoring {WorkSpec: 1421db32-e01b-4e61-bbce-d056a228f1b7}. Requires device idle.
09-18 12:08:38.702 17853 11028 D WM-GreedyScheduler: Ignoring {WorkSpec: 2b62f28c-544c-49ca-b8dd-23d1a2fdf312}. Requires device idle.
09-18 12:08:38.702 17853 11028 D WM-GreedyScheduler: Starting tracking for 91a0cbb3-b388-4651-8f27-beecdfe186d5,7f269ec1-dfae-4da9-ac5f-094dc08cabe0,41743f46-3bc1-4049-b8b1-69b3462567c5,78aa564a-1c78-4354-9d3b-959965447ae0,158c0537-a60e-41c6-ad3c-5ef67efc025b,e1e5bb40-3bb2-4eae-8113-1c9b710591f0,a1ef4bfd-6acd-43a6-a405-adea1c2d2273,a0ce7a7e-9331-4650-be2d-a8f4d12aca18,778c5cba-f375-4d4b-9a71-6818f615f8f2,11028397-5321-4127-be1f-dc108fc1b5b2,f3f5d7ed-8b96-4c19-aba4-c6066b40964a
09-18 12:08:38.707   686  2319 W BestClock: java.time.DateTimeException: No network time available
09-18 12:08:38.714  1357  1357 D MultiSimSettingController: onSubscriptionsChanged
09-18 12:08:38.715  1357  1357 D MultiSimSettingController: isReadyToReevaluate: subInfoInitialized=true, carrierConfigsLoaded=true, satelliteEnabledOrBeingEnabled=false
09-18 12:08:38.715  1357  1357 D MultiSimSettingController: updateDefaults
09-18 12:08:38.715  1357  1357 D MultiSimSettingController: isReadyToReevaluate: subInfoInitialized=true, carrierConfigsLoaded=true, satelliteEnabledOrBeingEnabled=false
09-18 12:08:38.719 17853 11056 I BugleSimStateTracker: Is carrier config for identified carrier: true
09-18 12:08:38.720 17853 11056 I BugleSimStateTracker: default call SIM: redacted-pii:sim_id[chars:20,last3:897], default sms SIM redacted-pii:sim_id[chars:20,last3:897]. default data SIM redacted-pii:sim_id[chars:20,last3:897].
09-18 12:08:38.721 11084 11084 I droid.deskclock: AssetManager2(0x7ff836692238) locale list changing from [] to [en-US]
09-18 12:08:38.734  7192  7216 W FirebaseApp: Default FirebaseApp failed to initialize because no default options were found. This usually means that com.google.gms:google-services was not applied to your gradle project.
09-18 12:08:38.746   686  1073 W BestClock: java.time.DateTimeException: No network time available
09-18 12:08:38.747   686  1073 W BestClock: java.time.DateTimeException: No network time available
09-18 12:08:38.747   686  1073 W BestClock: java.time.DateTimeException: No network time available
09-18 12:08:38.747   686  1073 W BestClock: java.time.DateTimeException: No network time available
09-18 12:08:38.747   686  1073 W BestClock: java.time.DateTimeException: No network time available
09-18 12:08:38.748  1953  1958 W FuseDaemon: Reducing the number of considered missed Gc histogram windows from 150 to 100
09-18 12:08:38.750 17853 11099 I LogWriter: Mobalt: logged event to 3 reports
09-18 12:08:38.753  1357  1357 D MultiSimSettingController: updateDefaultValues: change: 0
09-18 12:08:38.753  1357  1357 D MultiSimSettingController: isReadyToReevaluate: subInfoInitialized=true, carrierConfigsLoaded=true, satelliteEnabledOrBeingEnabled=false
09-18 12:08:38.754  1357  1357 I CallNotifier: onSubscriptionsChanged
09-18 12:08:38.766  1357  1357 I CallNotifier: updatePhoneStateListeners: update CF/MWI for subId=1
09-18 12:08:38.766  1357  1357 I NotificationMgr: updateCfi: subId= 1, visible=N
09-18 12:08:38.769 17853 11047 I MobaltPeriodicJobImpl: Mobalt: uploading logs to the Cobalt Server, got 24 observations
09-18 12:08:38.769  1357  1368 W System  : A resource failed to call AbstractCursor.close. 
09-18 12:08:38.772 17853 11045 W BugleRcs: Failed to get msisdn from Bugle
09-18 12:08:38.778 17853 11045 W BugleRcsProvisioning: Failed to get RCS configuration from the cached provider, configuration is empty.
09-18 12:08:38.778 17853 11045 W BugleRcsProvisioning: eoex: FULL
09-18 12:08:38.778 17853 11045 W BugleRcsProvisioning: 	at cnav.j(PG:116)
09-18 12:08:38.778 17853 11045 W BugleRcsProvisioning: 	at cnav.m(PG:13)
09-18 12:08:38.778 17853 11045 W BugleRcsProvisioning: 	at cuma.e(PG:9)
09-18 12:08:38.778 17853 11045 W BugleRcsProvisioning: 	at cuma.f(PG:1)
09-18 12:08:38.778 17853 11045 W BugleRcsProvisioning: 	at com.google.android.rcs.client.profile.RcsProfileService.getMsisdn(PG:9)
09-18 12:08:38.778 17853 11045 W BugleRcsProvisioning: 	at ckrx.S(PG:94)
09-18 12:08:38.778 17853 11045 W BugleRcsProvisioning: 	at ckrx.r(PG:4)
09-18 12:08:38.778 17853 11045 W BugleRcsProvisioning: 	at bare.call(PG:1913)
09-18 12:08:38.778 17853 11045 W BugleRcsProvisioning: 	at elsm.call(PG:13)
09-18 12:08:38.778 17853 11045 W BugleRcsProvisioning: 	at escg.a(PG:3)
09-18 12:08:38.778 17853 11045 W BugleRcsProvisioning: 	at eseb.run(PG:19)
09-18 12:08:38.778 17853 11045 W BugleRcsProvisioning: 	at dubu.run(PG:7)
09-18 12:08:38.778 17853 11045 W BugleRcsProvisioning: 	at java.util.concurrent.ThreadPoolExecutor.runWorker(ThreadPoolExecutor.java:1156)
09-18 12:08:38.778 17853 11045 W BugleRcsProvisioning: 	at java.util.concurrent.ThreadPoolExecutor$Worker.run(ThreadPoolExecutor.java:651)
09-18 12:08:38.778 17853 11045 W BugleRcsProvisioning: 	at dubb.run(PG:6)
09-18 12:08:38.778 17853 11045 W BugleRcsProvisioning: 	at java.lang.Thread.run(Thread.java:1119)
09-18 12:08:38.778 17853 11045 W BugleRcsProvisioning: 	at ducv.run(PG:61)
09-18 12:08:38.781   686  1130 D BackgroundInstallControlService: Package event received: 0
09-18 12:08:38.783 17853 11045 I Bugle   : getRawTelephonyPhoneNumber redacted-pii[0-chars] [CONTEXT sub_id=-1 ]
09-18 12:08:38.784   686  1073 W BestClock: java.time.DateTimeException: No network time available
09-18 12:08:38.798 17853 11045 W BugleRcs: No default number, returning empty msisdn
09-18 12:08:38.804   686  1073 W BestClock: java.time.DateTimeException: No network time available
09-18 12:08:38.804  7192  7214 W UsageSyncManager: <DWB> Shifting events by PT730H30M34.201S now
09-18 12:08:38.809 17853 11028 D WM-GreedyScheduler: Constraints not met: Cancelling work ID WorkGenerationalId(workSpecId=f3f5d7ed-8b96-4c19-aba4-c6066b40964a, generation=0)
09-18 12:08:38.812  1357  1357 I NotificationMgr: updateMwi(): subId:1 isRefresh:true state:N->N (changed:N)
09-18 12:08:38.814  9520  9525 W .android.dialer: Suspending all threads took: 13.768ms
09-18 12:08:38.815   686  1130 D BackgroundInstallControlService: Package event received: 0
09-18 12:08:38.815   686  1130 D BackgroundInstallControlService: Package event received: 0
09-18 12:08:38.815 17853 11028 D WM-GreedyScheduler: Constraints met: Scheduling work ID WorkGenerationalId(workSpecId=7f269ec1-dfae-4da9-ac5f-094dc08cabe0, generation=0)
09-18 12:08:38.817   686  2319 W AppOps  : Noting op not finished: uid 10148 pkg com.google.android.gms code 79 startTime of in progress event=1758168518628
09-18 12:08:38.822  1357  1357 I NotificationMgr: maybeSendVoicemailNotificationUsingDefaultDialer: count: 0->0 (changed=false)
09-18 12:08:38.828 17853 11087 D WM-GreedyScheduler: Constraints met: Scheduling work ID WorkGenerationalId(workSpecId=a0ce7a7e-9331-4650-be2d-a8f4d12aca18, generation=0)
09-18 12:08:38.832  1357  1357 I NotificationMgr: maybeSendVoicemailNotificationUsingDefaultDialer: skip bcast to:com.google.android.dialer, user:UserHandle{0}
09-18 12:08:38.832  1357  1357 I Telephony: TelecomAccountRegistry: onSubscriptionsChanged - update accounts
09-18 12:08:38.832  1357  1357 I Telephony: PstnIncomingCallNotifier: Unregistering: [0]
09-18 12:08:38.832  1357  1357 D Telephony: Unregistering: Handler (com.android.internal.telephony.GsmCdmaPhone) {f748415}
09-18 12:08:38.835   686   686 I system_server: AssetManager2(0x7ff83675f698) locale list changing from [] to [en-US]
09-18 12:08:38.835  1357  1357 I PhoneInterfaceManager: unregisterMmTelCapabilityCallback: 1 is inactive, ignoring unregister.
09-18 12:08:38.835  1357  1357 I PhoneInterfaceManager: unregisterImsRegistrationCallback: 1is inactive, ignoring unregister.
09-18 12:08:38.835   686   686 W NotificationHistory: Attempted to add notif for locked/gone/disabled user 0
09-18 12:08:38.835   686   686 W Looper  : Slow dispatch took 119ms main app=system_server main=true group=FOREGROUND h=com.android.server.notification.NotificationManagerService$WorkerHandler c=com.android.server.notification.NotificationManagerService$PostNotificationRunnable@318119d m=0
09-18 12:08:38.836 17853 11091 D WM-GreedyScheduler: Constraints met: Scheduling work ID WorkGenerationalId(workSpecId=778c5cba-f375-4d4b-9a71-6818f615f8f2, generation=2)
09-18 12:08:38.841  1357  1357 I Telephony: TelecomAccountRegistry: setupAccounts: Found 1 phones.  Attempting to register.
09-18 12:08:38.841  1357  1357 I Telephony: TelecomAccountRegistry: setupAccounts: Phone with subscription id 1
09-18 12:08:38.842  1357  1357 V SimultaneousCallingTracker: Device is not simultaneous calling capable
09-18 12:08:38.842   686  1073 W BestClock: java.time.DateTimeException: No network time available
09-18 12:08:38.842 10157 10157 D BoundBrokerSvc: onBind: Intent { act=com.google.android.contextmanager.service.ContextManagerService.START xflg=0x4 pkg=com.google.android.gms }
09-18 12:08:38.842 10157 10157 D BoundBrokerSvc: Loading bound service for intent: Intent { act=com.google.android.contextmanager.service.ContextManagerService.START xflg=0x4 pkg=com.google.android.gms }
09-18 12:08:38.847  1357  1357 D Telephony: isEmergencyPreferredAccount: subId=1, activeData=1
09-18 12:08:38.847  1357  1357 D Telephony: isEmergencyPreferredAccount: Device does not require preference.
09-18 12:08:38.849  1357  1357 I Telephony: isRttCurrentlySupported -- regular acct, hasVoiceAvailability: false
09-18 12:08:38.849  1357  1357 I Telephony:  isRttSupported: false
09-18 12:08:38.849  1357  1357 I Telephony:  alwaysAllowWhileRoaming: false
09-18 12:08:38.849  1357  1357 I Telephony:  isRoaming: false
09-18 12:08:38.849  1357  1357 I Telephony:  isOnWfc: false
09-18 12:08:38.858   686  1073 W BestClock: java.time.DateTimeException: No network time available
09-18 12:08:38.858   686  1073 W BestClock: java.time.DateTimeException: No network time available
09-18 12:08:38.858   686  1073 W BestClock: java.time.DateTimeException: No network time available
09-18 12:08:38.858   686  1073 W BestClock: java.time.DateTimeException: No network time available
09-18 12:08:38.858   686  1073 D NetworkStatsObservers: Registering observer for RequestInfo from pid/uid:686/1000(android) for DataUsageRequest [ requestId=86, networkTemplate=NetworkTemplate: matchRule=MOBILE, matchSubscriberIds=[310260...], matchWifiNetworkKeys=[], metered=YES, defaultNetwork=NO, thresholdInBytes=3675551 ] accessLevel:3
09-18 12:08:38.859   686  1073 W BestClock: java.time.DateTimeException: No network time available
09-18 12:08:38.859   686  1073 W BestClock: java.time.DateTimeException: No network time available
09-18 12:08:38.868 11084 11084 V GraphicsEnvironment: Currently set values for:
09-18 12:08:38.868 11084 11084 V GraphicsEnvironment:   angle_gl_driver_selection_pkgs=[]
09-18 12:08:38.868 11084 11084 V GraphicsEnvironment:   angle_gl_driver_selection_values=[]
09-18 12:08:38.869 11084 11084 V GraphicsEnvironment: com.google.android.deskclock is not listed in per-application setting
09-18 12:08:38.869 11084 11084 V GraphicsEnvironment: ANGLE allowlist from config: 
09-18 12:08:38.869 11084 11084 V GraphicsEnvironment: com.google.android.deskclock is not listed in ANGLE allowlist or settings, returning default
09-18 12:08:38.869 11084 11084 V GraphicsEnvironment: Neither updatable production driver nor prerelease driver is supported.
09-18 12:08:38.871   686  1228 W AppOps  : Noting op not finished: uid 10148 pkg com.google.android.gms code 113 startTime of in progress event=1758168518628
09-18 12:08:38.880  5185  5204 W oid.apps.photos: Reducing the number of considered missed Gc histogram windows from 145 to 100
09-18 12:08:38.885 10157 10790 I NearbySharing: Network state changed: NetworkState(isRestricted=false, isOnline=true, isCongested=false, isMetered=false, isWifiConnected=true)
09-18 12:08:38.902  1178  1178 D GlobalActionsDialogLite: Service changed before actions created
09-18 12:08:38.902  1178  1178 D GlobalActionsDialogLite: Service changed before actions created
09-18 12:08:38.922  1178  1178 D TileServices: Couldn't find tile for ComponentInfo{com.google.android.apps.wellbeing/com.google.android.apps.wellbeing.screen.ui.GrayscaleTileService}(0)
09-18 12:08:38.946  1357  1357 W HWUI    : Image decoding logging dropped!
09-18 12:08:38.959  1357  1357 I Telephony: TelecomAccountRegistry$AccountEntry: registerPstnPhoneAccount: Registering account=[[ ] PhoneAccount: ComponentInfo{com.android.phone/com.android.services.telephony.TelephonyConnectionService}, 1, UserHandle{0} Capabilities: CallProvider MultiUser PlaceEmerg SimSub  Audio Routes: BESW Schemes: tel voicemail  Extras: Bundle[{android.telecom.extra.SUPPORTS_VIDEO_CALLING_FALLBACK=true}] GroupId: *** SC Restrictions: [ ]] with Telecom. subId=1
09-18 12:08:38.984   686  2315 I Telecom : TelecomServiceImpl$1: registerPhoneAccount: account=[[ ] PhoneAccount: ComponentInfo{com.android.phone/com.android.services.telephony.TelephonyConnectionService}, 1, UserHandle{0} Capabilities: CallProvider MultiUser PlaceEmerg SimSub  Audio Routes: BESW Schemes: tel voicemail  Extras: Bundle[{android.telecom.extra.SUPPORTS_VIDEO_CALLING_FALLBACK=true}] GroupId: *** SC Restrictions: [ ]]: TSI.rPA(cap)@Buo
09-18 12:08:38.987 17853 11090 D WM-GreedyScheduler: Constraints met: Scheduling work ID WorkGenerationalId(workSpecId=e1e5bb40-3bb2-4eae-8113-1c9b710591f0, generation=0)
09-18 12:08:38.988   686  1228 W UriGrantsManagerService: No permission grants found for com.google.android.apps.photos
09-18 12:08:38.989   686  1171 D NetworkStatsObservers: Unregistering RequestInfo from pid/uid:686/1000(android) for DataUsageRequest [ requestId=85, networkTemplate=NetworkTemplate: matchRule=MOBILE, matchSubscriberIds=[310260...], matchWifiNetworkKeys=[], metered=YES, defaultNetwork=NO, thresholdInBytes=3681531 ] accessLevel:3
09-18 12:08:38.995   686  1072 W BestClock: java.time.DateTimeException: No network time available
09-18 12:08:38.999   686  2397 W UriGrantsManagerService: No permission grants found for com.google.android.apps.photos
09-18 12:08:39.002  1941  2543 W AiAiEcho: LyftNotificationParser Ridesharing ETA not enabled
09-18 12:08:39.002  1941  2543 I AiAiEcho: SmartspaceNotificationPredictor no parser can handle this notification or notification is invalid
09-18 12:08:39.009   686  2315 I Telecom : PhoneAccountRegistrar: Modify account: [ComponentInfo{com.android.phone/com.android.services.telephony.TelephonyConnectionService}, 1, UserHandle{0}]: TSI.rPA(cap)@Buo
09-18 12:08:39.011   686  2315 I Telecom : CallsManager: handlePhoneAccountChanged: phoneAccount=[[X] PhoneAccount: ComponentInfo{com.android.phone/com.android.services.telephony.TelephonyConnectionService}, 1, UserHandle{0} Capabilities: CallProvider MultiUser PlaceEmerg SimSub  Audio Routes: BESW Schemes: tel voicemail  Extras: Bundle[{android.telecom.extra.SUPPORTS_VIDEO_CALLING_FALLBACK=true}] GroupId: *** SC Restrictions: [ ]]: TSI.rPA(cap)@Buo
09-18 12:08:39.019   686  1228 D ConnectivityService: requestNetwork for uid/pid:10147/7192 activeRequest: null callbackRequest: 555 [NetworkRequest [ REQUEST id=556, [ Capabilities: INTERNET&NOT_RESTRICTED&TRUSTED&NOT_VCN_MANAGED&NOT_BANDWIDTH_CONSTRAINED Uid: 10147 RequestorUid: 10147 RequestorPkg: com.google.android.apps.wellbeing UnderlyingNetworks: Null] ]] callback flags: 0 order: 2147483647 isUidTracked: false declaredMethods: AVAIL|LOST|NC
09-18 12:08:39.021   686  2397 E JobScheduler.JobStatus: App com.google.android.apps.photos became active but still in NEVER bucket
09-18 12:08:39.027   686  1072 W BestClock: java.time.DateTimeException: No network time available
09-18 12:08:39.031   686  1130 D BackgroundInstallControlService: Package event received: 0
09-18 12:08:39.051 10157 10494 I GmsCoreXrpcWrapper: (REDACTED) Returning a channel provider with trafficStatsTag=%d trafficStatsUid=%d
09-18 12:08:39.055 10157 10494 I GmsCoreXrpcWrapper: (REDACTED) Returning a channel provider with trafficStatsTag=%d trafficStatsUid=%d
09-18 12:08:39.055 10157 10494 I GmsCoreXrpcWrapper: (REDACTED) Returning a channel provider with trafficStatsTag=%d trafficStatsUid=%d
09-18 12:08:39.055 10157 10494 I GmsCoreXrpcWrapper: (REDACTED) Returning a channel provider with trafficStatsTag=%d trafficStatsUid=%d
09-18 12:08:39.060 10157 10205 I ActivityScheduler: nextTriggerTime: 174644502, in 238100ms, detectorType: 39, FULL_TYPE alarmWindowMillis: 80000
09-18 12:08:39.067   686  2315 I Telecom : PhoneAccountRegistrar: getSimCallManager: SimCallManager for subId 1 queried, returning: null: TSI.rPA(cap)@Buo
09-18 12:08:39.070   686  2315 I Telecom : PhoneAccountRegistrar: Notifying telephony of voice service override change for 1 SIMs, hasService = false: TSI.rPA(cap)@Buo
09-18 12:08:39.073  1357  1357 I PhoneInterfaceManager: setVoiceServiceStateOverride: subId=1, phone=Handler (com.android.internal.telephony.GsmCdmaPhone) {f748415}, hasService=false, callingPackage=com.android.server.telecom
09-18 12:08:39.074  1357  1357 I Telephony: TelecomAccountRegistry$AccountEntry: Registered phoneAccount: [[ ] PhoneAccount: ComponentInfo{com.android.phone/com.android.services.telephony.TelephonyConnectionService}, 1, UserHandle{0} Capabilities: CallProvider MultiUser PlaceEmerg SimSub  Audio Routes: BESW Schemes: tel voicemail  Extras: Bundle[{android.telecom.extra.SUPPORTS_VIDEO_CALLING_FALLBACK=true}] GroupId: *** SC Restrictions: [ ]] with handle: ComponentInfo{com.android.phone/com.android.services.telephony.TelephonyConnectionService}, 1, UserHandle{0}
09-18 12:08:39.074  1357  1357 I Telephony: PstnIncomingCallNotifier: Registering: [0]
09-18 12:08:39.074  1357  1357 D Telephony: Registering: Handler (com.android.internal.telephony.GsmCdmaPhone) {f748415}
09-18 12:08:39.074  1357  1357 W Telephony: registerMmTelCapabilityCallback: registration failed, no ImsService available. Exception: code: 1
09-18 12:08:39.074  1357  1357 W Telephony: registerImsRegistrationCallback: registration failed, no ImsService available. Exception: code: 1
09-18 12:08:39.074  1357  1357 D Telephony: Finished registering mSimultaneousCallingTrackerListener for phoneId = 0; subId = 1
09-18 12:08:39.082  1357  1357 I ImsExternalCallTracker: handleVideoCapabilitiesChanged : isVideoCapable = false
09-18 12:08:39.082  1357  1357 D ImsExternalCallTracker: refreshCallPullState
09-18 12:08:39.082  1357  1357 I Telephony: handleVideoCapabilitesChanged. Video capability - false
09-18 12:08:39.085  1475  1528 W HWUI    : Image decoding logging dropped!
09-18 12:08:39.095   686  1081 D ConnectivityService: NetReassign [556 : null  100] [c 0] [a 1] [i 2]
09-18 12:08:39.096  1475  1528 D AlphabeticIndexCompat: computeSectionName: cs: Calendar sectionName: C
09-18 12:08:39.105  1357  1357 V SimultaneousCallingTracker: Received EVENT 101
09-18 12:08:39.105  1357  1357 D SimultaneousCallingTracker: Ignoring updatePhoneMapAndSimultaneousCallSupportMap since device is not DSDA capable.
09-18 12:08:39.105  1357  1357 I ImsExternalCallTracker: handleVideoCapabilitiesChanged : isVideoCapable = false
09-18 12:08:39.105  1357  1357 D ImsExternalCallTracker: refreshCallPullState
09-18 12:08:39.105  1357  1357 I Telephony: handleVideoCapabilitesChanged. Video capability - false
09-18 12:08:39.106  1475  1475 D AllAppsStore: setApps: apps.length=20
09-18 12:08:39.106  1475  1475 D AllAppsStore: notifyUpdate: notifying listeners
09-18 12:08:39.106  1475  1475 D ActivityAllAppsContainerView: onAppsUpdated; number of apps: 20
09-18 12:08:39.108  1475  1475 D ActivityAllAppsContainerView: rebindAdapters: force: false
09-18 12:08:39.109  1475  1475 D ActivityAllAppsContainerView: rebindAdapters: Not needed.
09-18 12:08:39.109  1475  1475 D StatsLog: LAUNCHER_ALLAPPS_COUNT
09-18 12:08:39.110  1475  1475 D AlphabeticalAppsList: Clearing FastScrollerSections.
09-18 12:08:39.110  1475  1475 D AlphabeticalAppsList: Adding apps with sections. HasPrivateApps: false
09-18 12:08:39.110  1475  1475 D AlphabeticalAppsList: addAppsWithSections: adding sectionName: C with appInfoTitle: Calendar
