09-18 12:08:39.110  1475  1475 D AlphabeticalAppsList: addAppsWithSections: adding sectionName: D with appInfoTitle: Drive
09-18 12:08:39.110  1475  1475 D AlphabeticalAppsList: addAppsWithSections: adding sectionName: F with appInfoTitle: Files
09-18 12:08:39.110  1475  1475 D AlphabeticalAppsList: addAppsWithSections: adding sectionName: G with appInfoTitle: Gmail
09-18 12:08:39.110  1475  1475 D AlphabeticalAppsList: addAppsWithSections: adding sectionName: M with appInfoTitle: Maps
09-18 12:08:39.110  1475  1475 D AlphabeticalAppsList: addAppsWithSections: adding sectionName: O with appInfoTitle: OffTimes
09-18 12:08:39.110  1475  1475 D AlphabeticalAppsList: addAppsWithSections: adding sectionName: P with appInfoTitle: Phone
09-18 12:08:39.110  1475  1475 D AlphabeticalAppsList: addAppsWithSections: adding sectionName: S with appInfoTitle: Safety
09-18 12:08:39.110  1475  1475 D AlphabeticalAppsList: addAppsWithSections: adding sectionName: T with appInfoTitle: TMoble
09-18 12:08:39.110  1475  1475 D AlphabeticalAppsList: addAppsWithSections: adding sectionName: Y with appInfoTitle: YouTube
09-18 12:08:39.110  1475  1475 D AlphabeticalAppsList: Adding FastScrollSection duplicate to scroll to the bottom.
09-18 12:08:39.117  1475  1475 D AlphabeticalAppsList: Clearing FastScrollerSections.
09-18 12:08:39.117  1475  1475 D AlphabeticalAppsList: Adding apps with sections. HasPrivateApps: false
09-18 12:08:39.118  1475  1475 D AlphabeticalAppsList: addAppsWithSections: adding sectionName: C with appInfoTitle: Calendar
09-18 12:08:39.118  1475  1475 D AlphabeticalAppsList: addAppsWithSections: adding sectionName: D with appInfoTitle: Drive
09-18 12:08:39.118  1475  1475 D AlphabeticalAppsList: addAppsWithSections: adding sectionName: F with appInfoTitle: Files
09-18 12:08:39.118  1475  1475 D AlphabeticalAppsList: addAppsWithSections: adding sectionName: G with appInfoTitle: Gmail
09-18 12:08:39.118  1475  1475 D AlphabeticalAppsList: addAppsWithSections: adding sectionName: M with appInfoTitle: Maps
09-18 12:08:39.118  1475  1475 D AlphabeticalAppsList: addAppsWithSections: adding sectionName: O with appInfoTitle: OffTimes
09-18 12:08:39.118  1475  1475 D AlphabeticalAppsList: addAppsWithSections: adding sectionName: P with appInfoTitle: Phone
09-18 12:08:39.118  1475  1475 D AlphabeticalAppsList: addAppsWithSections: adding sectionName: S with appInfoTitle: Safety
09-18 12:08:39.118  1475  1475 D AlphabeticalAppsList: addAppsWithSections: adding sectionName: T with appInfoTitle: TMoble
09-18 12:08:39.118  1475  1475 D AlphabeticalAppsList: addAppsWithSections: adding sectionName: Y with appInfoTitle: YouTube
09-18 12:08:39.118  1475  1475 D AlphabeticalAppsList: Adding FastScrollSection duplicate to scroll to the bottom.
09-18 12:08:39.127  9520  9533 I .android.dialer: Waiting for a blocking GC ProfileSaver
09-18 12:08:39.129   686  2315 W UriGrantsManagerService: No permission grants found for com.google.android.apps.photos
09-18 12:08:39.141   686  1629 W UriGrantsManagerService: No permission grants found for com.google.android.apps.photos
09-18 12:08:39.161 17853 11090 D WM-GreedyScheduler: Constraints met: Scheduling work ID WorkGenerationalId(workSpecId=91a0cbb3-b388-4651-8f27-beecdfe186d5, generation=0)
09-18 12:08:39.177  1475  1475 D b/387844520: getOutlineOffsetX: measured width = 173, mNormalizedIconSize = 159, last updated width = 173
09-18 12:08:39.180   686  1130 D BackgroundInstallControlService: Package event received: 0
09-18 12:08:39.187   686  1075 W BestClock: java.time.DateTimeException: No network time available
09-18 12:08:39.187   686  1075 W BestClock: java.time.DateTimeException: No network time available
09-18 12:08:39.187   686  1075 W BestClock: java.time.DateTimeException: No network time available
09-18 12:08:39.187   686  1075 W BestClock: java.time.DateTimeException: No network time available
09-18 12:08:39.187   686  1075 W BestClock: java.time.DateTimeException: No network time available
09-18 12:08:39.203  1475  1475 I NotificationListener: received notification posted event - com.google.android.apps.wellbeing#UserHandle{0},category=-1
09-18 12:08:39.208   686  1464 V Configuration: Updating configuration, locales updated from [] to [en_US]
09-18 12:08:39.215  1357  1357 D Telephony: isEmergencyPreferredAccount: subId=1, activeData=1
09-18 12:08:39.216  1357  1357 D Telephony: isEmergencyPreferredAccount: Device does not require preference.
09-18 12:08:39.216  1357  1357 W Telephony: registerMmTelCapabilityCallback: registration failed, no ImsService available. Exception: code: 1
09-18 12:08:39.227 17853 11047 I ClearcutUploader: Mobalt: start uploading logs to Clearcut log_source = TURQUOISE_COBALT_SHUFFLER_INPUT_PROD
09-18 12:08:39.239  1357  1357 I Telephony: isRttCurrentlySupported -- regular acct, hasVoiceAvailability: false
09-18 12:08:39.239  1357  1357 I Telephony:  isRttSupported: false
09-18 12:08:39.239  1357  1357 I Telephony:  alwaysAllowWhileRoaming: false
09-18 12:08:39.239  1357  1357 I Telephony:  isRoaming: false
09-18 12:08:39.239  1357  1357 I Telephony:  isOnWfc: false
09-18 12:08:39.301 17853 11091 D WM-GreedyScheduler: Constraints met: Scheduling work ID WorkGenerationalId(workSpecId=41743f46-3bc1-4049-b8b1-69b3462567c5, generation=0)
09-18 12:08:39.301 17853 11091 D WM-GreedyScheduler: Constraints met: Scheduling work ID WorkGenerationalId(workSpecId=11028397-5321-4127-be1f-dc108fc1b5b2, generation=0)
09-18 12:08:39.304 17853 11091 D WM-Processor: pst: processing WorkGenerationalId(workSpecId=7f269ec1-dfae-4da9-ac5f-094dc08cabe0, generation=0)
09-18 12:08:39.304 17853 11047 D WM-Processor: pst: processing WorkGenerationalId(workSpecId=a0ce7a7e-9331-4650-be2d-a8f4d12aca18, generation=0)
09-18 12:08:39.305 17853 11090 D WM-Processor: pst: processing WorkGenerationalId(workSpecId=778c5cba-f375-4d4b-9a71-6818f615f8f2, generation=2)
09-18 12:08:39.309   686  1075 D WifiNetworkFactory: got request NetworkRequest [ REQUEST id=556, [ Capabilities: INTERNET&NOT_RESTRICTED&TRUSTED&NOT_VCN_MANAGED&NOT_BANDWIDTH_CONSTRAINED Uid: 10147 RequestorUid: 10147 RequestorPkg: com.google.android.apps.wellbeing UnderlyingNetworks: Null] ]
09-18 12:08:39.309   686  1075 D UntrustedWifiNetworkFactory: got request NetworkRequest [ REQUEST id=556, [ Capabilities: INTERNET&NOT_RESTRICTED&TRUSTED&NOT_VCN_MANAGED&NOT_BANDWIDTH_CONSTRAINED Uid: 10147 RequestorUid: 10147 RequestorPkg: com.google.android.apps.wellbeing UnderlyingNetworks: Null] ]
09-18 12:08:39.309   686  1075 D OemPaidWifiNetworkFactory: got request NetworkRequest [ REQUEST id=556, [ Capabilities: INTERNET&NOT_RESTRICTED&TRUSTED&NOT_VCN_MANAGED&NOT_BANDWIDTH_CONSTRAINED Uid: 10147 RequestorUid: 10147 RequestorPkg: com.google.android.apps.wellbeing UnderlyingNetworks: Null] ]
09-18 12:08:39.309   686  1075 D MultiInternetWifiNetworkFactory: got request NetworkRequest [ REQUEST id=556, [ Capabilities: INTERNET&NOT_RESTRICTED&TRUSTED&NOT_VCN_MANAGED&NOT_BANDWIDTH_CONSTRAINED Uid: 10147 RequestorUid: 10147 RequestorPkg: com.google.android.apps.wellbeing UnderlyingNetworks: Null] ]
09-18 12:08:39.323  1357  1357 I Telephony: TelecomAccountRegistry$AccountEntry: registerPstnPhoneAccount: Registering account=[[ ] PhoneAccount: ComponentInfo{com.android.phone/com.android.services.telephony.TelephonyConnectionService}, 1, UserHandle{0} Capabilities: CallProvider MultiUser PlaceEmerg SimSub  Audio Routes: BESW Schemes: tel voicemail  Extras: Bundle[{android.telecom.extra.SUPPORTS_VIDEO_CALLING_FALLBACK=true}] GroupId: *** SC Restrictions: [ ]] with Telecom. subId=1
09-18 12:08:39.324   686  2320 I Telecom : TelecomServiceImpl$1: registerPhoneAccount: account=[[ ] PhoneAccount: ComponentInfo{com.android.phone/com.android.services.telephony.TelephonyConnectionService}, 1, UserHandle{0} Capabilities: CallProvider MultiUser PlaceEmerg SimSub  Audio Routes: BESW Schemes: tel voicemail  Extras: Bundle[{android.telecom.extra.SUPPORTS_VIDEO_CALLING_FALLBACK=true}] GroupId: *** SC Restrictions: [ ]]: TSI.rPA(cap)@Bu0
09-18 12:08:39.324   686  2320 I Telecom : PhoneAccountRegistrar: Modify account: [ComponentInfo{com.android.phone/com.android.services.telephony.TelephonyConnectionService}, 1, UserHandle{0}]: TSI.rPA(cap)@Bu0
09-18 12:08:39.325   686  2320 I Telecom : CallsManager: handlePhoneAccountChanged: phoneAccount=[[X] PhoneAccount: ComponentInfo{com.android.phone/com.android.services.telephony.TelephonyConnectionService}, 1, UserHandle{0} Capabilities: CallProvider MultiUser PlaceEmerg SimSub  Audio Routes: BESW Schemes: tel voicemail  Extras: Bundle[{android.telecom.extra.SUPPORTS_VIDEO_CALLING_FALLBACK=true}] GroupId: *** SC Restrictions: [ ]]: TSI.rPA(cap)@Bu0
09-18 12:08:39.334   686  1387 D ActivityManager: sync unfroze 7445 com.android.chrome for 6
09-18 12:08:39.339   686  1130 D BackgroundInstallControlService: Package event received: 0
09-18 12:08:39.340 17853 11028 D WM-Processor: pst: processing WorkGenerationalId(workSpecId=e1e5bb40-3bb2-4eae-8113-1c9b710591f0, generation=0)
09-18 12:08:39.340   686  1130 D BackgroundInstallControlService: Package event received: 0
09-18 12:08:39.343  9520  9525 W .android.dialer: Suspending all threads took: 20.536ms
09-18 12:08:39.345   686  1387 D ActivityManager: sync unfroze 5773 com.android.chrome:sandboxed_process0:org.chromium.content.app.SandboxedProcessService0:19 for 6
09-18 12:08:39.349   686  1130 D BackgroundInstallControlService: Package event received: 0
09-18 12:08:39.351   686  1387 D ActivityManager: sync unfroze 5797 com.android.chrome:sandboxed_process0:org.chromium.content.app.SandboxedProcessService0:20 for 6
09-18 12:08:39.353   686  1130 D BackgroundInstallControlService: Package event received: 0
09-18 12:08:39.358   686  1387 D ActivityManager: sync unfroze 27600 com.android.chrome:privileged_process1 for 6
09-18 12:08:39.361 17853 11047 D WM-Processor: pst: processing WorkGenerationalId(workSpecId=91a0cbb3-b388-4651-8f27-beecdfe186d5, generation=0)
09-18 12:08:39.363   686  2320 I Telecom : PhoneAccountRegistrar: getSimCallManager: SimCallManager for subId 1 queried, returning: null: TSI.rPA(cap)@Bu0
09-18 12:08:39.371 10650 10650 I Finsky  : [2] onSubscriptionsChanged
09-18 12:08:39.374 17853 11090 W BugleSelfIdentity: SelfIdentity 1 wraps a subId = -1
09-18 12:08:39.374  5797  5800 W cessService0:20: Reducing the number of considered missed Gc histogram windows from 1358 to 100
09-18 12:08:39.376  7192  7196 W .apps.wellbeing: Suspending all threads took: 63.201ms
09-18 12:08:39.377 17853 11064 I .apps.messaging: WaitForGcToComplete blocked AddRemoveAppImageSpace on Background for 960.823ms
09-18 12:08:39.380 17853 11028 D WM-Processor: pst: processing WorkGenerationalId(workSpecId=41743f46-3bc1-4049-b8b1-69b3462567c5, generation=0)
09-18 12:08:39.389   686  1130 D BackgroundInstallControlService: Package event received: 0
09-18 12:08:39.389   686  1387 D ActivityManager: sync unfroze 10650 com.android.vending for 6
09-18 12:08:39.394   686  2320 I Telecom : PhoneAccountRegistrar: Notifying telephony of voice service override change for 1 SIMs, hasService = false: TSI.rPA(cap)@Bu0
09-18 12:08:39.405 10650 10650 I Finsky  : [2] onSubscriptionsChanged
09-18 12:08:39.407   686  1130 D BackgroundInstallControlService: Package event received: 0
09-18 12:08:39.418 27600 27600 D ActivityThread: Package [com.offtime.app.gplay] reported as REPLACED, but missing application info. Assuming REMOVED.
09-18 12:08:39.426  1357  1357 I PhoneInterfaceManager: setVoiceServiceStateOverride: subId=1, phone=Handler (com.android.internal.telephony.GsmCdmaPhone) {f748415}, hasService=false, callingPackage=com.android.server.telecom
09-18 12:08:39.427   686  2397 W PackageManager: Cannot suspend package "com.android.dynsystem": has OP_SYSTEM_EXEMPT_FROM_SUSPENSION set
09-18 12:08:39.428   686  2397 W PackageManager: Cannot suspend package "com.android.vending": required for package verification
09-18 12:08:39.429   686  2397 W PackageManager: Cannot suspend package "android": has OP_SYSTEM_EXEMPT_FROM_SUSPENSION set
09-18 12:08:39.453 17853 11047 D WM-Processor: pst: processing WorkGenerationalId(workSpecId=11028397-5321-4127-be1f-dc108fc1b5b2, generation=0)
09-18 12:08:39.456  9520  9533 I .android.dialer: WaitForGcToComplete blocked ProfileSaver on Background for 328.706ms
09-18 12:08:39.470  9520  9545 I DialerVvmExecutorImpl: com.android.dialer.voicemail.service.impl.scheduler.VvmExecutorImpl.execute:229 Beginning VVM action: ACTIVATE with retryCount: 2 for ComponentInfo{com.android.phone/com.android.services.telephony.TelephonyConnectionService}, 1, UserHandle{0} [CONTEXT enable_persistent_logger=true ]
09-18 12:08:39.470 27600 27600 D ActivityThread: Package [com.offtime.app.gplay] reported as REPLACED, but missing application info. Assuming REMOVED.
09-18 12:08:39.471   686  2397 W PackageManager: Cannot suspend package "com.google.android.permissioncontroller": required for permissions management
09-18 12:08:39.471   686  2397 W PackageManager: Cannot suspend package "com.android.providers.settings": has OP_SYSTEM_EXEMPT_FROM_SUSPENSION set
09-18 12:08:39.471   686  2397 W PackageManager: Cannot suspend package "com.android.inputdevices": has OP_SYSTEM_EXEMPT_FROM_SUSPENSION set
09-18 12:08:39.472   686  2397 W PackageManager: Cannot suspend package "com.google.android.dialer": is the default dialer
09-18 12:08:39.472   686  2397 W PackageManager: Cannot suspend package "com.android.server.telecom": has OP_SYSTEM_EXEMPT_FROM_SUSPENSION set
09-18 12:08:39.472   686  2397 W PackageManager: Cannot suspend package "com.android.keychain": has OP_SYSTEM_EXEMPT_FROM_SUSPENSION set
09-18 12:08:39.473   686  2397 W PackageManager: Cannot suspend package "com.google.android.packageinstaller": required for package installation
09-18 12:08:39.476 17853 11048 D MddListenableWorkerFactory: createWorker for class: com.google.android.libraries.notifications.platform.entrypoints.job.GnpWorker
09-18 12:08:39.484  5773  5773 D ActivityThread: Package [com.offtime.app.gplay] reported as REPLACED, but missing application info. Assuming REMOVED.
09-18 12:08:39.488   686  2397 W PackageManager: Cannot suspend package "com.android.localtransport": has OP_SYSTEM_EXEMPT_FROM_SUSPENSION set
09-18 12:08:39.488   686  2397 W PackageManager: Cannot suspend package "com.google.android.apps.nexuslauncher": contains the active launcher
09-18 12:08:39.488   686  2397 W PackageManager: Cannot suspend package "com.android.DeviceAsWebcam": has OP_SYSTEM_EXEMPT_FROM_SUSPENSION set
09-18 12:08:39.489   686  2397 W PackageManager: Cannot suspend package "com.android.emulator.multidisplay": has OP_SYSTEM_EXEMPT_FROM_SUSPENSION set
09-18 12:08:39.490   686  2397 W PackageManager: Cannot suspend package "com.android.settings": has OP_SYSTEM_EXEMPT_FROM_SUSPENSION set
09-18 12:08:39.491   686  2397 W PackageManager: Cannot suspend package "com.android.location.fused": has OP_SYSTEM_EXEMPT_FROM_SUSPENSION set
09-18 12:08:39.494 17853 11047 I MobaltPeriodicJobImpl: Mobalt: uploading logs to the Cobalt Server, got 0 observations
09-18 12:08:39.494 17853 11064 D nativeloader: Configuring clns-11 for other apk /data/app/~~VuAmVSZQmBndtMSfzCgp8Q==/com.google.android.gms-N-MyKbUfUs2-aWW63H988Q==/base.apk. target_sdk_version=36, uses_libraries=, library_path=/data/app/~~VuAmVSZQmBndtMSfzCgp8Q==/com.google.android.gms-N-MyKbUfUs2-aWW63H988Q==/lib/x86_64:/data/app/~~VuAmVSZQmBndtMSfzCgp8Q==/com.google.android.gms-N-MyKbUfUs2-aWW63H988Q==/base.apk!/lib/x86_64, permitted_path=/data:/mnt/expand:/data/user/0/com.google.android.gms
09-18 12:08:39.505 17853 17853 D WM-WorkerWrapper: Starting work for com.google.android.libraries.notifications.platform.entrypoints.job.GnpWorker
09-18 12:08:39.506 17853 11087 D MddListenableWorkerFactory: createWorker for class: com.google.android.apps.messaging.shared.rcsprovisioning.RcsProvisioningListenableWorker
09-18 12:08:39.518 10212 10212 D BoundBrokerSvc: onBind: Intent { act=com.google.android.gms.feedback.internal.IFeedbackService dat=chimera-action:/... xflg=0x4 cmp=com.google.android.gms/.chimera.GmsBoundBrokerService }
09-18 12:08:39.518 10212 10212 D BoundBrokerSvc: Loading bound service for intent: Intent { act=com.google.android.gms.feedback.internal.IFeedbackService dat=chimera-action:/... xflg=0x4 cmp=com.google.android.gms/.chimera.GmsBoundBrokerService }
09-18 12:08:39.527 10157 10166 I GmsCoreXrpcWrapper: (REDACTED) Returning a channel provider with trafficStatsTag=%d trafficStatsUid=%d
09-18 12:08:39.527 10157 10166 I GmsCoreXrpcWrapper: (REDACTED) Returning a channel provider with trafficStatsTag=%d trafficStatsUid=%d
09-18 12:08:39.527 10157 10166 I GmsCoreXrpcWrapper: (REDACTED) Returning a channel provider with trafficStatsTag=%d trafficStatsUid=%d
09-18 12:08:39.527 10157 10166 I GmsCoreXrpcWrapper: (REDACTED) Returning a channel provider with trafficStatsTag=%d trafficStatsUid=%d
09-18 12:08:39.531 10157 10166 I GmsCoreXrpcWrapper: (REDACTED) Returning a channel provider with trafficStatsTag=%d trafficStatsUid=%d
09-18 12:08:39.531 10157 10166 I GmsCoreXrpcWrapper: (REDACTED) Returning a channel provider with trafficStatsTag=%d trafficStatsUid=%d
09-18 12:08:39.531 10157 10166 I GmsCoreXrpcWrapper: (REDACTED) Returning a channel provider with trafficStatsTag=%d trafficStatsUid=%d
09-18 12:08:39.531 10157 10166 I GmsCoreXrpcWrapper: (REDACTED) Returning a channel provider with trafficStatsTag=%d trafficStatsUid=%d
09-18 12:08:39.535 17853 11028 I MobaltPeriodicJobImpl: Mobalt: finish sending logs to the Cobalt Server successfully
09-18 12:08:39.539 17853 11087 D MddListenableWorkerFactory: createWorker for class: com.google.android.libraries.mdi.download.workmanager.workers.PeriodicWorker
09-18 12:08:39.539 17853 17853 D WM-WorkerWrapper: Starting work for com.google.android.apps.messaging.shared.rcsprovisioning.RcsProvisioningListenableWorker
09-18 12:08:39.540 17853 17853 I BugleRcsWorker: [seqId=2][workId=f067de40-e359-4c58-a323-cfc17964f621] RCS provisioning task has started
09-18 12:08:39.538  5773  5773 D ActivityThread: Package [com.offtime.app.gplay] reported as REPLACED, but missing application info. Assuming REMOVED.
09-18 12:08:39.542 17853 17853 D WM-WorkerWrapper: Starting work for com.google.android.libraries.mdi.download.workmanager.workers.PeriodicWorker
09-18 12:08:39.542 17853 17853 D MddPeriodicWorker: PeriodicWorker: startWork
09-18 12:08:39.542 17853 11090 D MddListenableWorkerFactory: createWorker for class: com.google.android.libraries.communications.mobileconfiguration.sync.SyncWorker
09-18 12:08:39.546 17853 11099 D MddListenableWorkerFactory: createWorker for class: com.google.android.apps.messaging.shared.rcs.availability.metrics.RcsAvailabilityLogWorker
09-18 12:08:39.547 17853 17853 D WM-WorkerWrapper: Starting work for com.google.android.libraries.communications.mobileconfiguration.sync.SyncWorker
09-18 12:08:39.547 17853 17853 I SyncHelper: [512d48db-8c47-4365-8537-3f0d0c9095ef] sync started, workRequestId:e1e5bb40-3bb2-4eae-8113-1c9b710591f0
09-18 12:08:39.553 17853 11048 D MddListenableWorkerFactory: createWorker for class: com.google.apps.tiktok.contrib.work.TikTokListenableWorker
09-18 12:08:39.553 17853 17853 D WM-WorkerWrapper: Starting work for com.google.android.apps.messaging.shared.rcs.availability.metrics.RcsAvailabilityLogWorker
09-18 12:08:39.554  5535  5582 I HeadsetPhoneState: stopListenForPhoneState(), no listener indicates nothing is listening
09-18 12:08:39.554   686  1629 D TelephonyManager: requestModemActivityInfo: Sending result to app: ModemActivityInfo{ mTimestamp=174406448 mSleepTimeMs=19320 mIdleTimeMs=6440 mActivityStatsTechSpecificInfo=[{mRat=UNKNOWN,mFrequencyRange=UNKNOWN,mTxTimeMs[]=[460, 1380, 2760, 3680, 4140],mRxTimeMs=4140}]}
09-18 12:08:39.554  5535  5582 W HeadsetPhoneState: startListenForPhoneState, no event to listen
09-18 12:08:39.557 17853 11099 I BugleRcsEngine: [SR]: Single Registration is disabled. Skipping Single Registration capability check for subId: 1, OS.isAtLeastS:[true], enableSingleRegistrationProvisioning:[false] [CONTEXT thread_id=436 ]
09-18 12:08:39.559  7192  7215 I WM-WorkerWrapper: Worker result SUCCESS for Work [ id=b42e9b9e-7ab0-4cbc-912f-fa11e3157e30, tags={ com.google.apps.tiktok.contrib.work.TikTokListenableWorker,TikTokWorker#com.google.android.apps.wellbeing.widget.WidgetFlagCheckWorker } ]
09-18 12:08:39.561 17853 17853 D WM-WorkerWrapper: Starting work for com.google.apps.tiktok.contrib.work.TikTokListenableWorker
09-18 12:08:39.563 17853 17853 I SyncManagerImpl: #sync(). Running Synclets and scheduling next sync.
09-18 12:08:39.563 10157 10307 I FontLog : (REDACTED) Received query %s, URI %s
09-18 12:08:39.564 17853 17891 I GmsAccounts: GMSCore Auth returned 1 accounts.
09-18 12:08:39.564 17853 17891 I GmsAccounts: GoogleOwnersProvider returned 1 accounts.
09-18 12:08:39.564   686  1081 W IPCThreadState: Sending oneway calls to frozen process.
09-18 12:08:39.569 17853 17906 I SyncManagerImpl: Running synclets: []
09-18 12:08:39.569 10157 10307 I FontLog : (REDACTED) Query [%s] resolved to %s
09-18 12:08:39.573 17853 17909 I SyncManagerImpl: Completed sync. Scheduling next wakeup
09-18 12:08:39.574 10650 10688 I PlayCommon: [101] Preparing logs for uploading
09-18 12:08:39.574 17853 17909 I SyncWorkManagerOneTimeS: Scheduling next onetime WorkManager workers
09-18 12:08:39.579 11084 11084 D PrimesApiImpl: Primes instant initialization
09-18 12:08:39.584 17853 11091 D MddListenableWorkerFactory: createWorker for class: com.google.android.libraries.notifications.platform.entrypoints.job.GnpWorker
09-18 12:08:39.585 17853 17853 D WM-WorkerWrapper: Starting work for com.google.android.libraries.notifications.platform.entrypoints.job.GnpWorker
09-18 12:08:39.590 17853 11064 I .apps.messaging: AssetManager2(0x7ff8366a5ab8) locale list changing from [] to [en-US]
09-18 12:08:39.592 17853 17907 I SyncManagerImpl: #sync() complete
09-18 12:08:39.594 17853 11091 I WM-WorkerWrapper: Worker result SUCCESS for Work [ id=7f269ec1-dfae-4da9-ac5f-094dc08cabe0, tags={ com.google.android.libraries.notifications.platform.entrypoints.job.GnpWorker,GNP_SDK_JOB } ]
09-18 12:08:39.596 17853 11028 I BugleRcsWorker: [seqId=2][workId=f067de40-e359-4c58-a323-cfc17964f621] Starting StateMachine, trigger is STATE_MACHINE_RETRY
09-18 12:08:39.596 17853 11028 I BugleRcsEngine: start PEv2, trigger is STATE_MACHINE_RETRY, workerId is f067de40-e359-4c58-a323-cfc17964f621 [null] [CONTEXT log_prefix="(PEv2-SM219035618-DefaultCallSmsData-1-ee1)" thread_id=418 ]
09-18 12:08:39.597 17853 11028 I BugleRcsEngine: Created new RcsProvisioningProtoDataStorage for sim redacted-pii:sim_id[chars:20,last3:897] [CONTEXT thread_id=418 ]
09-18 12:08:39.606 17853 17853 D WM-Processor: pst 7f269ec1-dfae-4da9-ac5f-094dc08cabe0 executed; reschedule = false
09-18 12:08:39.612  1178  1207 I HWUI    : Davey! duration=2726ms; Flags=0, FrameTimelineVsyncId=993412, IntendedVsync=174403458073609, Vsync=174403458073609, InputEventId=0, HandleInputStart=174403461071150, AnimationStart=174403461072591, PerformTraversalsStart=174403461073214, DrawStart=174403550763535, FrameDeadline=174403474740275, FrameStartTime=174403461048521, FrameInterval=16666666, WorkloadTarget=16666666, SyncQueued=174403551044312, SyncStart=174403551126003, IssueDrawCommandsStart=174403551375531, SwapBuffers=174403885831263, FrameCompleted=174406184303047, DequeueBufferDuration=22994, QueueBufferDuration=756015, GpuCompleted=174406184132998, SwapBuffersCompleted=174406184303047, DisplayPresentTime=0, CommandSubmissionCompleted=174403885831263, 
09-18 12:08:39.612 17853 17882 I SyncManagerImpl: #sync() complete
09-18 12:08:39.612 17853 17882 I SyncManagerImpl: Completed sync. Scheduling next wakeup
09-18 12:08:39.613 17853 17882 I SyncWorkManagerOneTimeS: Scheduling next onetime WorkManager workers
09-18 12:08:39.616 17853 17891 I RpcManager: [512d48db-8c47-4365-8537-3f0d0c9095ef] making getConfiguration request, workRequestId:e1e5bb40-3bb2-4eae-8113-1c9b710591f0
09-18 12:08:39.618 17853 11028 I BugleRcsEngine: No RCS Configuration was found in Bugle for simID: redacted-pii:sim_id[chars:20,last3:897] [CONTEXT log_prefix="ProvisioningEngineDataRetriever" thread_id=418 ]
09-18 12:08:39.619 17853 11028 I BugleRcsEngine: start [null] [CONTEXT log_prefix="(PEv2-SM219035618-DefaultCallSmsData-1-ee1)" thread_id=418 ]
09-18 12:08:39.621 17853 11090 I StateMachineV2: State transition requested, from null to 1
09-18 12:08:39.622 17853 11090 I StateMachineV2: Pretend entering dkii@3ae01b8
09-18 12:08:39.622 17853 11090 I StateMachineV2: Initialized StateMachineV2 to 1
09-18 12:08:39.624 17853 17853 D WM-GreedyScheduler: Stopping tracking for WorkGenerationalId(workSpecId=7f269ec1-dfae-4da9-ac5f-094dc08cabe0, generation=0)
09-18 12:08:39.624 17853 17853 D WM-SystemJobService: 7f269ec1-dfae-4da9-ac5f-094dc08cabe0 executed on JobScheduler
09-18 12:08:39.644 17853 11027 I WM-WorkerWrapper: Worker result SUCCESS for Work [ id=91a0cbb3-b388-4651-8f27-beecdfe186d5, tags={ com.google.android.apps.messaging.shared.rcs.availability.metrics.RcsAvailabilityLogWorker } ]
09-18 12:08:39.645 17853 11132 I BugleRcsEngine: Enter EnabledState [null] [CONTEXT log_prefix="(PEv2-SM219035618-DefaultCallSmsData-1-ee1)" thread_id=437 ]
09-18 12:08:39.647 17853 11064 D nativeloader: Load /data/app/~~VuAmVSZQmBndtMSfzCgp8Q==/com.google.android.gms-N-MyKbUfUs2-aWW63H988Q==/base.apk!/lib/x86_64/libconscrypt_gmscore_jni.so using class loader ns clns-11 (caller=/data/app/~~VuAmVSZQmBndtMSfzCgp8Q==/com.google.android.gms-N-MyKbUfUs2-aWW63H988Q==/base.apk): ok
09-18 12:08:39.650 17853 11064 V NativeCrypto: Registering com/google/android/gms/org/conscrypt/NativeCrypto's 319 native methods...
09-18 12:08:39.655 17853 11132 W BugleRcsEngine: Unable to send diagnostic log [CONTEXT thread_id=437 ]
09-18 12:08:39.655 17853 11132 I StateMachineV2: Queuing delayed 9 for PT5M
09-18 12:08:39.659 17853 17853 D WM-Processor: pst 91a0cbb3-b388-4651-8f27-beecdfe186d5 executed; reschedule = false
09-18 12:08:39.659 17853 17853 D WM-GreedyScheduler: Stopping tracking for WorkGenerationalId(workSpecId=91a0cbb3-b388-4651-8f27-beecdfe186d5, generation=0)
09-18 12:08:39.659 17853 17853 D WM-SystemJobService: 91a0cbb3-b388-4651-8f27-beecdfe186d5 executed on JobScheduler
09-18 12:08:39.660 17853 11061 D WM-Processor: Processor cancelling 5dc77996-3008-404f-a206-2c17fa0e0125
09-18 12:08:39.660 17853 11061 D WM-Processor: WorkerWrapper interrupted for 5dc77996-3008-404f-a206-2c17fa0e0125
09-18 12:08:39.665 17853 11132 I BugleRcsEngine: Sending ProvisioningEvent to Bugle [Send Provisioning Session ID (18)], redacted-pii:[chars:65] [CONTEXT thread_id=437 ]
09-18 12:08:39.666 17853 11132 I BugleRcsEngine: Broadcasting provisioning intent com.google.android.ims.provisioning.engine.provisioningEventAction to Bugle with extras redacted-pii:[chars:223] from source PROVISIONING_EVENT [CONTEXT log_prefix="EngineBroadcaster" thread_id=437 ]
09-18 12:08:39.673 11084 11084 D CompatChangeReporter: Compat change id reported: 183155436; UID 10163; state: ENABLED
09-18 12:08:39.689 10650 10688 I PlayCommon: [101] Connecting to server for timestamp: https://play.googleapis.com/play/log/timestamp
09-18 12:08:39.698  7445  7445 D ActivityThread: Package [com.offtime.app.gplay] reported as REPLACED, but missing application info. Assuming REMOVED.
09-18 12:08:39.698  7445  7445 D ActivityThread: Package [com.offtime.app.gplay] reported as REPLACED, but missing application info. Assuming REMOVED.
09-18 12:08:39.711 17853 17857 I .apps.messaging: Compiler allocated 4497KB to compile void ezfb.i(java.lang.Object, ezfk, ezci)
09-18 12:08:39.718 17853 11056 I BugleSimStateTracker: Looking up Fi through package names.
09-18 12:08:39.719 17853 11061 D WM-GreedyScheduler: Cancelling work ID 5dc77996-3008-404f-a206-2c17fa0e0125
09-18 12:08:39.726 17853 11045 W LoggingReporter: MIXED_UP_PARTICIPANT: occurred in conversation with id=-1
09-18 12:08:39.750 17853 11045 I MixedUpConvInspector: logging Mixed Up Participant Info to clearcut completed successfully
09-18 12:08:39.753  7445  7500 I cr_BindingManager: onTrimMemory: level=40, size=0
09-18 12:08:39.756  9520  9553 E DialerRestVvmCarrierService: com.android.dialer.voicemail.service.impl.vvmclients.rest.RestVvmCarrierService.getMsisdn:420 Retrieved phone number in an unexpected format: +15551234567 [CONTEXT disable_client_error_logging=true ]
09-18 12:08:39.756  9520  9553 E DialerRestVvmCarrierService: zxo: MEDIUM
09-18 12:08:39.756  9520  9553 E DialerRestVvmCarrierService: 	at a.cN(PG:15)
09-18 12:08:39.756  9520  9553 E DialerRestVvmCarrierService: 	at pxq.apply(PG:489)
09-18 12:08:39.756  9520  9553 E DialerRestVvmCarrierService: 	at zcp.apply(PG:13)
09-18 12:08:39.756  9520  9553 E DialerRestVvmCarrierService: 	at aaka.d(PG:3)
09-18 12:08:39.756  9520  9553 E DialerRestVvmCarrierService: 	at aakb.run(PG:38)
09-18 12:08:39.756  9520  9553 E DialerRestVvmCarrierService: 	at umz.run(PG:7)
09-18 12:08:39.756  9520  9553 E DialerRestVvmCarrierService: 	at aadu.run(PG:44)
09-18 12:08:39.756  9520  9553 E DialerRestVvmCarrierService: 	at tdt.run(PG:78)
09-18 12:08:39.756  9520  9553 E DialerRestVvmCarrierService: 	at cp.run(PG:143)
09-18 12:08:39.756  9520  9553 E DialerRestVvmCarrierService: 	at java.lang.Thread.run(Thread.java:1119)
09-18 12:08:39.756  9520  9553 E DialerRestVvmCarrierService: 	at uoe.run(PG:61)
09-18 12:08:39.758  9520  9545 I DialerVvmActivation: com.android.dialer.voicemail.service.impl.vvmclients.rest.VvmActivation.activate:73 activate
09-18 12:08:39.760  9520  9553 I DialerAndroidAutoStatusLookupImpl: com.android.dialer.androidautostatuslookup.impl.AndroidAutoStatusLookupImpl.isAndroidAutoConnected:97 Android Auto connected in 0 mode [CONTEXT ratelimit_period="1 MINUTES" skipped=5 ]
09-18 12:08:39.760  9520  9553 I DialerLogcatLoggingBindings: com.android.dialer.logging.logcat.LogcatLoggingBindings.logImpression:54 Impression: ANDROID_API_UNEXPECTED_PHONE_NUMBER_FORMAT
09-18 12:08:39.776 10157 10307 I FontLog : (REDACTED) Font PFD returned from cache for %s
09-18 12:08:39.777 10157 10307 I FontLog : (REDACTED) Fetch %s end status %s
09-18 12:08:39.786   686  2479 W AppOps  : Noting op not finished: uid 10148 pkg com.google.android.gms code 113 startTime of in progress event=1758168518628
09-18 12:08:39.788 17853 17853 I ClearcutUploader: Mobalt: successfully finished uploading logs to Clearcut log_source = TURQUOISE_COBALT_SHUFFLER_INPUT_PROD
09-18 12:08:39.789 17853 11061 D WM-SystemJobScheduler: Scheduling work ID 7f269ec1-dfae-4da9-ac5f-094dc08cabe0Job ID 1414
09-18 12:08:39.803 17853 11028 I BugleRcsProvisioning: RcsProvisioningEventReceiver: Received ProvisioningEvent: Send Provisioning Session ID
09-18 12:08:39.804 17853 11028 I Bugle   : BroadcastReceiverAsyncWorkTracker: Acknowledging broadcast of com.google.android.apps.messaging.shared.receiver.RcsProvisioningEventReceiver@f5cf9c0
09-18 12:08:39.813 17853 11132 I BugleRcsEngine: Start a new provisioning session [2a5e3927-2610-46ad-b364-5ded88e4040a] [CONTEXT log_prefix="(PEv2-SM219035618-DefaultCallSmsData-1-ee1)" thread_id=437 ]
09-18 12:08:39.814 17853 11132 I BugleRcsEngine: No RCS Configuration was found in Bugle for simID: redacted-pii:sim_id[chars:20,last3:897] [CONTEXT log_prefix="ProvisioningEngineDataRetriever" thread_id=437 ]
09-18 12:08:39.817 10212 10212 D BoundBrokerSvc: onBind: Intent { act=com.google.android.mobstore.service.START xflg=0x4 pkg=com.google.android.gms }
09-18 12:08:39.818 10212 10212 D BoundBrokerSvc: Loading bound service for intent: Intent { act=com.google.android.mobstore.service.START xflg=0x4 pkg=com.google.android.gms }
09-18 12:08:39.833  9520  9545 I DialerSingletonScopedExternalsLogging: com.google.android.dialershared.externals.logging.SingletonScopedExternalsLogging.recordCallMethodInvocation:75 event: TELEPHONY_BOOTSTRAP_AUTHENTICATION_REQUEST, function parameters: [], return value: Default
09-18 12:08:39.835  7192  7216 W BrowserUsageLoader: <DWB> Failed to query website usage
09-18 12:08:39.835  7192  7216 W BrowserUsageLoader: fxv: Service rejected request (status=5)
09-18 12:08:39.835  7192  7216 W BrowserUsageLoader: 	at fao.a(PG:230)
09-18 12:08:39.835  7192  7216 W BrowserUsageLoader: 	at lre.a(PG:57)
09-18 12:08:39.835  7192  7216 W BrowserUsageLoader: 	at lqs.e(PG:3)
09-18 12:08:39.835  7192  7216 W BrowserUsageLoader: 	at lqu.run(PG:38)
09-18 12:08:39.835  7192  7216 W BrowserUsageLoader: 	at idd.run(PG:3)
09-18 12:08:39.835  7192  7216 W BrowserUsageLoader: 	at loz.run(PG:50)
09-18 12:08:39.835  7192  7216 W BrowserUsageLoader: 	at hsu.run(PG:768)
09-18 12:08:39.835  7192  7216 W BrowserUsageLoader: 	at java.lang.Thread.run(Thread.java:1119)
09-18 12:08:39.835  7192  7216 W BrowserUsageLoader: 	at ieo.run(PG:63)
09-18 12:08:39.837  9520  9545 W DialerGbaCredentialProvider: com.android.dialer.voicemail.service.impl.vvmclients.rest.GbaCredentialProvider$1.onAuthenticationFailure:93 GBA failed with reason: 1 [CONTEXT disable_client_error_logging=true ]
09-18 12:08:39.839  7192  7215 E CombinedComponentSuspen: <DWB> Failed to fetch suspensions in com.android.chrome
09-18 12:08:39.839  7192  7215 E CombinedComponentSuspen: java.util.concurrent.ExecutionException: fxv: Service rejected request (status=5)
09-18 12:08:39.839  7192  7215 E CombinedComponentSuspen: 	at lqq.r(PG:21)
09-18 12:08:39.839  7192  7215 E CombinedComponentSuspen: 	at lqq.get(PG:3)
09-18 12:08:39.839  7192  7215 E CombinedComponentSuspen: 	at lse.get(PG:1)
09-18 12:08:39.839  7192  7215 E CombinedComponentSuspen: 	at a.j(PG:2)
09-18 12:08:39.839  7192  7215 E CombinedComponentSuspen: 	at lmv.G(PG:10)
09-18 12:08:39.839  7192  7215 E CombinedComponentSuspen: 	at atq.call(PG:610)
09-18 12:08:39.839  7192  7215 E CombinedComponentSuspen: 	at kxj.call(PG:33)
09-18 12:08:39.839  7192  7215 E CombinedComponentSuspen: 	at lrp.a(PG:3)
09-18 12:08:39.839  7192  7215 E CombinedComponentSuspen: 	at lsv.run(PG:19)
09-18 12:08:39.839  7192  7215 E CombinedComponentSuspen: 	at idd.run(PG:3)
09-18 12:08:39.839  7192  7215 E CombinedComponentSuspen: 	at loz.run(PG:50)
09-18 12:08:39.839  7192  7215 E CombinedComponentSuspen: 	at hsu.run(PG:768)
09-18 12:08:39.839  7192  7215 E CombinedComponentSuspen: 	at java.lang.Thread.run(Thread.java:1119)
09-18 12:08:39.839  7192  7215 E CombinedComponentSuspen: 	at ieo.run(PG:63)
09-18 12:08:39.839  7192  7215 E CombinedComponentSuspen: Caused by: fxv: Service rejected request (status=5)
09-18 12:08:39.839  7192  7215 E CombinedComponentSuspen: 	at fao.a(PG:230)
09-18 12:08:39.839  7192  7215 E CombinedComponentSuspen: 	at lre.a(PG:57)
09-18 12:08:39.839  7192  7215 E CombinedComponentSuspen: 	at lqs.e(PG:3)
09-18 12:08:39.839  7192  7215 E CombinedComponentSuspen: 	at lqu.run(PG:38)
09-18 12:08:39.839  7192  7215 E CombinedComponentSuspen: 	... 5 more
09-18 12:08:39.847   686   730 E BluetoothPowerStatsCollector: Cannot acquire BluetoothActivityEnergyInfo
09-18 12:08:39.847   686   730 E BluetoothPowerStatsCollector: java.util.concurrent.ExecutionException: java.lang.RuntimeException: error: 11
09-18 12:08:39.847   686   730 E BluetoothPowerStatsCollector: 	at java.util.concurrent.CompletableFuture.reportGet(CompletableFuture.java:372)
09-18 12:08:39.847   686   730 E BluetoothPowerStatsCollector: 	at java.util.concurrent.CompletableFuture.get(CompletableFuture.java:2072)
09-18 12:08:39.847   686   730 E BluetoothPowerStatsCollector: 	at com.android.server.power.stats.BluetoothPowerStatsCollector.collectBluetoothActivityInfo(BluetoothPowerStatsCollector.java:192)
09-18 12:08:39.847   686   730 E BluetoothPowerStatsCollector: 	at com.android.server.power.stats.BluetoothPowerStatsCollector.collectStats(BluetoothPowerStatsCollector.java:155)
09-18 12:08:39.847   686   730 E BluetoothPowerStatsCollector: 	at com.android.server.power.stats.PowerStatsCollector.collectAndDeliverStats(PowerStatsCollector.java:176)
09-18 12:08:39.847   686   730 E BluetoothPowerStatsCollector: 	at com.android.server.power.stats.PowerStatsCollector$$ExternalSyntheticLambda0.run(R8$$SyntheticClass:0)
09-18 12:08:39.847   686   730 E BluetoothPowerStatsCollector: 	at android.os.Handler.handleCallback(Handler.java:995)
09-18 12:08:39.847   686   730 E BluetoothPowerStatsCollector: 	at android.os.Handler.dispatchMessage(Handler.java:103)
09-18 12:08:39.847   686   730 E BluetoothPowerStatsCollector: 	at android.os.Looper.loopOnce(Looper.java:248)
09-18 12:08:39.847   686   730 E BluetoothPowerStatsCollector: 	at android.os.Looper.loop(Looper.java:338)
09-18 12:08:39.847   686   730 E BluetoothPowerStatsCollector: 	at android.os.HandlerThread.run(HandlerThread.java:85)
09-18 12:08:39.847   686   730 E BluetoothPowerStatsCollector: Caused by: java.lang.RuntimeException: error: 11
09-18 12:08:39.847   686   730 E BluetoothPowerStatsCollector: 	at com.android.server.power.stats.BluetoothPowerStatsCollector$1.onBluetoothActivityEnergyInfoError(BluetoothPowerStatsCollector.java:181)
09-18 12:08:39.847   686   730 E BluetoothPowerStatsCollector: 	at android.bluetooth.BluetoothAdapter$OnBluetoothActivityEnergyInfoProxy.lambda$onBluetoothActivityEnergyInfoAvailable$0(BluetoothAdapter.java:1037)
09-18 12:08:39.847   686   730 E BluetoothPowerStatsCollector: 	at android.bluetooth.BluetoothAdapter$OnBluetoothActivityEnergyInfoProxy$$ExternalSyntheticLambda1.run(D8$$SyntheticClass:0)
09-18 12:08:39.847   686   730 E BluetoothPowerStatsCollector: 	at android.bluetooth.BluetoothUtils.lambda$executeFromBinder$0(BluetoothUtils.java:343)
09-18 12:08:39.847   686   730 E BluetoothPowerStatsCollector: 	at android.bluetooth.BluetoothUtils$$ExternalSyntheticLambda1.run(D8$$SyntheticClass:0)
09-18 12:08:39.847   686   730 E BluetoothPowerStatsCollector: 	at com.android.server.SystemServerInitThreadPool$$ExternalSyntheticLambda0.execute(R8$$SyntheticClass:0)
09-18 12:08:39.847   686   730 E BluetoothPowerStatsCollector: 	at android.bluetooth.BluetoothUtils.executeFromBinder(BluetoothUtils.java:343)
09-18 12:08:39.847   686   730 E BluetoothPowerStatsCollector: 	at android.bluetooth.BluetoothAdapter$OnBluetoothActivityEnergyInfoProxy.onBluetoothActivityEnergyInfoAvailable(BluetoothAdapter.java:1035)
09-18 12:08:39.847   686   730 E BluetoothPowerStatsCollector: 	at android.bluetooth.IBluetoothActivityEnergyInfoListener$Stub.onTransact(IBluetoothActivityEnergyInfoListener.java:98)
09-18 12:08:39.847   686   730 E BluetoothPowerStatsCollector: 	at android.os.Binder.execTransactInternal(Binder.java:1426)
09-18 12:08:39.847   686   730 E BluetoothPowerStatsCollector: 	at android.os.Binder.execTransact(Binder.java:1365)
09-18 12:08:39.851  9520  9545 W DialerVvmExecutorImpl: com.android.dialer.voicemail.service.impl.scheduler.VvmExecutorImpl.executeWorkOnCarrierService:444 Could not complete vvm work with action: ACTIVATE. Error: [GeneralFailureReason: UNSPECIFIED, RestFailureReason: GBA_AUTHENTICATION_FAILURE_FEATURE_NOT_SUPPORTED, OmtpFailureReason: OMTP_UNSPECIFIED] for ComponentInfo{com.android.phone/com.android.services.telephony.TelephonyConnectionService}, 1, UserHandle{0} [CONTEXT disable_client_error_logging=true enable_persistent_logger=true ]
09-18 12:08:39.851   686   730 E BluetoothPowerStatsCollector: Cannot acquire BluetoothActivityEnergyInfo
09-18 12:08:39.851   686   730 E BluetoothPowerStatsCollector: java.util.concurrent.ExecutionException: java.lang.RuntimeException: error: 11
09-18 12:08:39.851   686   730 E BluetoothPowerStatsCollector: 	at java.util.concurrent.CompletableFuture.reportGet(CompletableFuture.java:372)
09-18 12:08:39.851   686   730 E BluetoothPowerStatsCollector: 	at java.util.concurrent.CompletableFuture.get(CompletableFuture.java:2072)
09-18 12:08:39.851   686   730 E BluetoothPowerStatsCollector: 	at com.android.server.power.stats.BluetoothPowerStatsCollector.collectBluetoothActivityInfo(BluetoothPowerStatsCollector.java:192)
09-18 12:08:39.851   686   730 E BluetoothPowerStatsCollector: 	at com.android.server.power.stats.BluetoothPowerStatsCollector.collectStats(BluetoothPowerStatsCollector.java:155)
09-18 12:08:39.851   686   730 E BluetoothPowerStatsCollector: 	at com.android.server.power.stats.PowerStatsCollector.collectAndDeliverStats(PowerStatsCollector.java:176)
09-18 12:08:39.851   686   730 E BluetoothPowerStatsCollector: 	at com.android.server.power.stats.PowerStatsCollector$$ExternalSyntheticLambda0.run(R8$$SyntheticClass:0)
09-18 12:08:39.851   686   730 E BluetoothPowerStatsCollector: 	at android.os.Handler.handleCallback(Handler.java:995)
09-18 12:08:39.851   686   730 E BluetoothPowerStatsCollector: 	at android.os.Handler.dispatchMessage(Handler.java:103)
09-18 12:08:39.851   686   730 E BluetoothPowerStatsCollector: 	at android.os.Looper.loopOnce(Looper.java:248)
09-18 12:08:39.851   686   730 E BluetoothPowerStatsCollector: 	at android.os.Looper.loop(Looper.java:338)
09-18 12:08:39.851   686   730 E BluetoothPowerStatsCollector: 	at android.os.HandlerThread.run(HandlerThread.java:85)
09-18 12:08:39.851   686   730 E BluetoothPowerStatsCollector: Caused by: java.lang.RuntimeException: error: 11
09-18 12:08:39.851   686   730 E BluetoothPowerStatsCollector: 	at com.android.server.power.stats.BluetoothPowerStatsCollector$1.onBluetoothActivityEnergyInfoError(BluetoothPowerStatsCollector.java:181)
09-18 12:08:39.851   686   730 E BluetoothPowerStatsCollector: 	at android.bluetooth.BluetoothAdapter$OnBluetoothActivityEnergyInfoProxy.lambda$onBluetoothActivityEnergyInfoAvailable$0(BluetoothAdapter.java:1037)
09-18 12:08:39.851   686   730 E BluetoothPowerStatsCollector: 	at android.bluetooth.BluetoothAdapter$OnBluetoothActivityEnergyInfoProxy$$ExternalSyntheticLambda1.run(D8$$SyntheticClass:0)
09-18 12:08:39.851   686   730 E BluetoothPowerStatsCollector: 	at android.bluetooth.BluetoothUtils.lambda$executeFromBinder$0(BluetoothUtils.java:343)
09-18 12:08:39.851   686   730 E BluetoothPowerStatsCollector: 	at android.bluetooth.BluetoothUtils$$ExternalSyntheticLambda1.run(D8$$SyntheticClass:0)
09-18 12:08:39.851   686   730 E BluetoothPowerStatsCollector: 	at com.android.server.SystemServerInitThreadPool$$ExternalSyntheticLambda0.execute(R8$$SyntheticClass:0)
09-18 12:08:39.851   686   730 E BluetoothPowerStatsCollector: 	at android.bluetooth.BluetoothUtils.executeFromBinder(BluetoothUtils.java:343)
09-18 12:08:39.851   686   730 E BluetoothPowerStatsCollector: 	at android.bluetooth.BluetoothAdapter$OnBluetoothActivityEnergyInfoProxy.onBluetoothActivityEnergyInfoAvailable(BluetoothAdapter.java:1035)
09-18 12:08:39.851   686   730 E BluetoothPowerStatsCollector: 	at android.bluetooth.IBluetoothActivityEnergyInfoListener$Stub.onTransact(IBluetoothActivityEnergyInfoListener.java:98)
09-18 12:08:39.851   686   730 E BluetoothPowerStatsCollector: 	at android.os.Binder.execTransactInternal(Binder.java:1426)
09-18 12:08:39.851   686   730 E BluetoothPowerStatsCollector: 	at android.os.Binder.execTransact(Binder.java:1365)
09-18 12:08:39.853  9520  9545 I DialerVvmExecutorImpl: com.android.dialer.voicemail.service.impl.scheduler.VvmExecutorImpl.executeWork:194 VvmResult is: # pug@1db0ddb for ComponentInfo{com.android.phone/com.android.services.telephony.TelephonyConnectionService}, 1, UserHandle{0}
09-18 12:08:39.858  9520 11085 D CompatChangeReporter: Compat change id reported: 312399441; UID 10142; state: ENABLED
09-18 12:08:39.861  9520  9545 I DialerVvmTaskWorkerDelegate: com.android.dialer.voicemail.service.impl.scheduler.VvmTaskWorker$VvmTaskWorkerDelegate.executeVvmJob:191 Beginning execution of job ID: 0
09-18 12:08:39.862  9520  9545 I DialerSingletonScopedExternalsLogging: com.google.android.dialershared.externals.logging.SingletonScopedExternalsLogging.recordCallMethodInvocation:66 event: VVM_TASK_WORKER_EXECUTE_VVM_JOB, function parameters: [0], return value: <empty> [CONTEXT enable_persistent_logger=true ]
09-18 12:08:39.863  9520  9553 I DialerSingletonScopedExternalsLogging: com.google.android.dialershared.externals.logging.SingletonScopedExternalsLogging.recordCallMethodInvocation:75 event: TIKTOK_WORK_EXECUTION_MONITOR_ON_WORK_FINISHED, function parameters: [182a5376-543f-4da7-9549-8d6756e126b9,com.android.dialer.voicemail.service.impl.VvmTaskWorker], return value: Retry
09-18 12:08:39.871  1475  2504 I HWUI    : Davey! duration=2623ms; Flags=0, FrameTimelineVsyncId=993419, IntendedVsync=174403474740275, Vsync=174403474740275, InputEventId=0, HandleInputStart=174403477393913, AnimationStart=174403477395043, PerformTraversalsStart=174403477395639, DrawStart=174403525717939, FrameDeadline=174403491406941, FrameStartTime=174403477386355, FrameInterval=16666666, WorkloadTarget=16666666, SyncQueued=174403541758497, SyncStart=174403774291719, IssueDrawCommandsStart=174403774702432, SwapBuffers=174403799942096, FrameCompleted=174406330847654, DequeueBufferDuration=13560, QueueBufferDuration=642580, GpuCompleted=174406330702388, SwapBuffersCompleted=174406330847654, DisplayPresentTime=0, CommandSubmissionCompleted=174403799942096, 
09-18 12:08:39.872  9520 11085 I WM-WorkerWrapper: Worker result RETRY for Work [ id=182a5376-543f-4da7-9549-8d6756e126b9, tags={ com.google.apps.tiktok.contrib.work.TikTokListenableWorker,1,ACTIVATE,TikTokWorker#com.android.dialer.voicemail.service.impl.VvmTaskWorker } ]
09-18 12:08:39.875   686  1130 D BackgroundInstallControlService: Package event received: 0
09-18 12:08:39.877 17853 11135 I fndb    : Unable to retrieve flag snapshot for com.google.android.gms.providerinstaller#com.google.android.apps.messaging, using defaults.
09-18 12:08:39.885   686  1130 D BackgroundInstallControlService: Package event received: 0
09-18 12:08:39.897 10157 10494 I FontLog : (REDACTED) Pulling font file for id = %d, cache size = %d
09-18 12:08:39.897   686   720 V GrammaticalInflectionUtils: AttributionSource: android.content.AttributionSource@d690eb16 does not have READ_SYSTEM_GRAMMATICAL_GENDER permission.
09-18 12:08:39.897   686   720 D CompatChangeReporter: Compat change id reported: 151861875; UID 10152; state: ENABLED
09-18 12:08:39.899 17853 11132 I BugleRcsEngine: [SR]: Single Registration is disabled. Skipping Single Registration capability check for subId: 1, OS.isAtLeastS:[true], enableSingleRegistrationProvisioning:[false] [CONTEXT thread_id=437 ]
09-18 12:08:39.899 17853 11132 I BugleRcsEngine: No RCS Configuration was found in Bugle for simID: redacted-pii:sim_id[chars:20,last3:897] [CONTEXT log_prefix="ProvisioningEngineDataRetriever" thread_id=437 ]
09-18 12:08:39.900 17853 11132 I BugleRcsProvisioning: RcsAvailability configuration availability and enabled status: simId: redacted-pii:sim_id[chars:20,last3:897], SipConnectionType: DUAL_REG, isConfigurationAvailableAndEnabled: false
09-18 12:08:39.900 17853 11132 I BugleRcsProvisioning: Checking isConfigServerUrlAvailable with simId: redacted-pii:sim_id[chars:20,last3:897], 
09-18 12:08:39.900 17853 11132 I BugleRcsEngine: getConfigServerUrl with simId: redacted-pii:sim_id[chars:20,last3:897] [CONTEXT log_prefix="ProvisioningServerUtil" thread_id=437 ]
09-18 12:08:39.900 17853 11132 I BugleRcsEngine: Using config server URL from chgq [CONTEXT log_prefix="ProvisioningServerUtil" thread_id=437 ]
09-18 12:08:39.906 11084 11084 I AlarmClock: AlarmInitReceiver android.intent.action.TIME_SET
09-18 12:08:39.910 11084 11141 E droid.deskclock: hiddenapi: Accessing hidden field Ljava/util/Collections$SynchronizedCollection;->mutex:Ljava/lang/Object; (runtime_flags=0, domain=core-platform, api=max-target-o) from Lj$/util/DesugarCollections; (domain=app) using reflection: denied
09-18 12:08:39.910 11084 11141 E droid.deskclock: hiddenapi: Accessing hidden method Ljava/util/Collections$SynchronizedSet;-><init>(Ljava/util/Set;Ljava/lang/Object;)V (runtime_flags=0, domain=core-platform, api=max-target-o) from Lj$/util/DesugarCollections; (domain=app) using reflection: denied
09-18 12:08:39.913 11084 11141 E droid.deskclock: hiddenapi: Accessing hidden method Ljava/util/Collections$SynchronizedCollection;-><init>(Ljava/util/Collection;Ljava/lang/Object;)V (runtime_flags=0, domain=core-platform, api=max-target-o) from Lj$/util/DesugarCollections; (domain=app) using reflection: denied
09-18 12:08:39.915 17853 11132 I BugleRcsProvisioning: RcsAvailability: Subscription Id: 1, simId: redacted-pii:sim_id[chars:20,last3:897], sipConnectionType: DUAL_REG, isRcsAvailable: false
09-18 12:08:39.915 17853 11132 I BugleRcsEngine: No RCS Configuration was found in Bugle for simID: redacted-pii:sim_id[chars:20,last3:897] [CONTEXT log_prefix="ProvisioningEngineDataRetriever" thread_id=437 ]
09-18 12:08:39.916 17853 11132 I BugleRcsProvisioning: updateAvailabilityForRcsProvisioningId. SimId: redacted-pii:sim_id[chars:20,last3:897], currentAvailability: 10, newAvailability: 10, hint: NO_HINT
09-18 12:08:39.918   469   469 D Zygote  : Forked child process 11147
09-18 12:08:39.927 17853 11132 I BugleRcsEngine: No RCS Configuration was found in Bugle for simID: redacted-pii:sim_id[chars:20,last3:897] [CONTEXT log_prefix="ProvisioningEngineDataRetriever" thread_id=437 ]
09-18 12:08:39.930 17853 11132 I BugleRcsEngine: transitionViaMessage, srcState=EnabledState, destState = CheckPreconditionsState [2a5e3927-2610-46ad-b364-5ded88e4040a] [CONTEXT log_prefix="(PEv2-SM219035618-DefaultCallSmsData-1-ee1)" thread_id=437 ]
09-18 12:08:39.933 17853 11132 I BugleRcsEngine: Sending ProvisioningEvent to Bugle [Update provisioning status (11)], redacted-pii:[chars:85] [CONTEXT thread_id=437 ]
09-18 12:08:39.937 17853 11132 I BugleRcsEngine: Broadcasting provisioning intent com.google.android.ims.provisioning.engine.provisioningEventAction to Bugle with extras redacted-pii:[chars:243] from source PROVISIONING_EVENT [CONTEXT log_prefix="EngineBroadcaster" thread_id=437 ]
