09-18 12:08:37.066   686  1073 W BestClock: java.time.DateTimeException: No network time available
09-18 12:08:37.066   686  1073 W BestClock: java.time.DateTimeException: No network time available
09-18 12:08:37.069   686  1073 D NetworkStatsObservers: Registering observer for RequestInfo from pid/uid:686/1000(android) for DataUsageRequest [ requestId=83, networkTemplate=NetworkTemplate: matchRule=MOBILE, matchSubscriberIds=[310260...], matchWifiNetworkKeys=[], metered=YES, defaultNetwork=NO, thresholdInBytes=3683809 ] accessLevel:3
09-18 12:08:37.070  1357  1357 W Telephony: registerMmTelCapabilityCallback: registration failed, no ImsService available. Exception: code: 1
09-18 12:08:37.074  1357  1357 I Telephony: isRttCurrentlySupported -- regular acct, hasVoiceAvailability: false
09-18 12:08:37.074  1357  1357 I Telephony:  isRttSupported: false
09-18 12:08:37.074  1357  1357 I Telephony:  alwaysAllowWhileRoaming: false
09-18 12:08:37.074  1357  1357 I Telephony:  isRoaming: false
09-18 12:08:37.074  1357  1357 I Telephony:  isOnWfc: false
09-18 12:08:37.075   686  1171 D NetworkStatsObservers: Unregistering RequestInfo from pid/uid:686/1000(android) for DataUsageRequest [ requestId=82, networkTemplate=NetworkTemplate: matchRule=MOBILE, matchSubscriberIds=[310260...], matchWifiNetworkKeys=[], metered=YES, defaultNetwork=NO, thresholdInBytes=3702558 ] accessLevel:3
09-18 12:08:37.103  9520  9520 I DialerDefaultProcessValidator: com.google.apps.tiktok.contrib.work.impl.DefaultProcessValidator.validateAsynchronouslyAndMaybeCrash:68 Validating WorkManager process
09-18 12:08:37.105  9520  9557 I DialerDefaultProcessValidator: com.google.apps.tiktok.contrib.work.impl.DefaultProcessValidator.validateInternal:97 Processes: NONE, true, com.google.android.dialer, com.google.android.dialer
09-18 12:08:37.107   686  1072 W BestClock: java.time.DateTimeException: No network time available
09-18 12:08:37.118  9520  9520 D WM-PackageManagerHelper: Skipping component enablement for androidx.work.impl.background.systemjob.SystemJobService
09-18 12:08:37.118  9520  9520 D WM-Schedulers: Created SystemJobScheduler and enabled SystemJobService
09-18 12:08:37.126  9520  9557 D WM-ForceStopRunnable: The default process name was not specified.
09-18 12:08:37.126  9520  9557 D WM-ForceStopRunnable: Performing cleanup operations.
09-18 12:08:37.154  9520  9520 D WM-SystemJobService: onStartJob for WorkGenerationalId(workSpecId=182a5376-543f-4da7-9549-8d6756e126b9, generation=0)
09-18 12:08:37.157  9520  9520 D WM-SystemJobService: onStartJob for WorkGenerationalId(workSpecId=083172a7-fb5a-4954-a942-d151892562ff, generation=0)
09-18 12:08:37.158  1357  1357 D MultiSimSettingController: onSubscriptionsChanged
09-18 12:08:37.159  1357  1357 D MultiSimSettingController: isReadyToReevaluate: subInfoInitialized=true, carrierConfigsLoaded=true, satelliteEnabledOrBeingEnabled=false
09-18 12:08:37.159  1357  1357 D MultiSimSettingController: updateDefaults
09-18 12:08:37.159  1357  1357 D MultiSimSettingController: isReadyToReevaluate: subInfoInitialized=true, carrierConfigsLoaded=true, satelliteEnabledOrBeingEnabled=false
09-18 12:08:37.165  1357  1357 D MultiSimSettingController: updateDefaultValues: change: 0
09-18 12:08:37.165  1357  1357 D MultiSimSettingController: isReadyToReevaluate: subInfoInitialized=true, carrierConfigsLoaded=true, satelliteEnabledOrBeingEnabled=false
09-18 12:08:37.166  9520  9525 W .android.dialer: Suspending all threads took: 5.259ms
09-18 12:08:37.174  1357  1357 I Telephony: TelecomAccountRegistry: onSubscriptionsChanged - update accounts
09-18 12:08:37.174  1357  1357 I Telephony: PstnIncomingCallNotifier: Unregistering: [0]
09-18 12:08:37.174  1357  1357 D Telephony: Unregistering: Handler (com.android.internal.telephony.GsmCdmaPhone) {f748415}
09-18 12:08:37.177  1357  1357 I PhoneInterfaceManager: unregisterMmTelCapabilityCallback: 1 is inactive, ignoring unregister.
09-18 12:08:37.177  1357  1357 I PhoneInterfaceManager: unregisterImsRegistrationCallback: 1is inactive, ignoring unregister.
09-18 12:08:37.178  1357  1357 I Telephony: TelecomAccountRegistry: setupAccounts: Found 1 phones.  Attempting to register.
09-18 12:08:37.178  1357  1357 I Telephony: TelecomAccountRegistry: setupAccounts: Phone with subscription id 1
09-18 12:08:37.185  1357  1357 V SimultaneousCallingTracker: Device is not simultaneous calling capable
09-18 12:08:37.188  1357  1357 D Telephony: isEmergencyPreferredAccount: subId=1, activeData=1
09-18 12:08:37.188  1357  1357 D Telephony: isEmergencyPreferredAccount: Device does not require preference.
09-18 12:08:37.189  1357  1357 I Telephony: isRttCurrentlySupported -- regular acct, hasVoiceAvailability: false
09-18 12:08:37.189  1357  1357 I Telephony:  isRttSupported: false
09-18 12:08:37.189  1357  1357 I Telephony:  alwaysAllowWhileRoaming: false
09-18 12:08:37.189  1357  1357 I Telephony:  isRoaming: false
09-18 12:08:37.189  1357  1357 I Telephony:  isOnWfc: false
09-18 12:08:37.226   686  1072 W BestClock: java.time.DateTimeException: No network time available
09-18 12:08:37.231  1941  2336 I AiAiTextClassifier: GenerateLinks did not find valid links, returning empty result
09-18 12:08:37.242  9520  9525 W .android.dialer: Reducing the number of considered missed Gc histogram windows from 150 to 100
09-18 12:08:37.243 10157 10795 I NearbySharing: Network state changed: NetworkState(isRestricted=false, isOnline=true, isCongested=false, isMetered=false, isWifiConnected=true)
09-18 12:08:37.245   686  1073 W BestClock: java.time.DateTimeException: No network time available
09-18 12:08:37.245   686  1073 W BestClock: java.time.DateTimeException: No network time available
09-18 12:08:37.245   686  1073 W BestClock: java.time.DateTimeException: No network time available
09-18 12:08:37.245   686  1073 W BestClock: java.time.DateTimeException: No network time available
09-18 12:08:37.246   686  1171 D NetworkStatsObservers: Unregistering RequestInfo from pid/uid:686/1000(android) for DataUsageRequest [ requestId=83, networkTemplate=NetworkTemplate: matchRule=MOBILE, matchSubscriberIds=[310260...], matchWifiNetworkKeys=[], metered=YES, defaultNetwork=NO, thresholdInBytes=3683809 ] accessLevel:3
09-18 12:08:37.246   686  1073 D NetworkStatsObservers: Registering observer for RequestInfo from pid/uid:686/1000(android) for DataUsageRequest [ requestId=84, networkTemplate=NetworkTemplate: matchRule=MOBILE, matchSubscriberIds=[310260...], matchWifiNetworkKeys=[], metered=YES, defaultNetwork=NO, thresholdInBytes=3682800 ] accessLevel:3
09-18 12:08:37.247   686  1073 W BestClock: java.time.DateTimeException: No network time available
09-18 12:08:37.247   686  1073 W BestClock: java.time.DateTimeException: No network time available
09-18 12:08:37.260   686   720 D ActivityManager: sync unfroze 7057 com.google.android.gms.unstable for 10
09-18 12:08:37.262  1941  2294 I AiAiTranslate: C2T - not in a conversation
09-18 12:08:37.264   686  1072 W BestClock: java.time.DateTimeException: No network time available
09-18 12:08:37.267  1941  2294 W AiAiClearcutLogger: Trying to use Clearcut counters (disabled via policy). [CONTEXT ratelimit_period="1 HOURS" skipped=3 ]
09-18 12:08:37.269  7057  7057 D ActivityThread: Package [com.offtime.app.gplay] reported as REPLACED, but missing application info. Assuming REMOVED.
09-18 12:08:37.282  7057  7057 D ActivityThread: Package [com.offtime.app.gplay] reported as REPLACED, but missing application info. Assuming REMOVED.
09-18 12:08:37.284  1357  1357 W HWUI    : Image decoding logging dropped!
09-18 12:08:37.289  1357  1357 I Telephony: TelecomAccountRegistry$AccountEntry: registerPstnPhoneAccount: Registering account=[[ ] PhoneAccount: ComponentInfo{com.android.phone/com.android.services.telephony.TelephonyConnectionService}, 1, UserHandle{0} Capabilities: CallProvider MultiUser PlaceEmerg SimSub  Audio Routes: BESW Schemes: tel voicemail  Extras: Bundle[{android.telecom.extra.SUPPORTS_VIDEO_CALLING_FALLBACK=true}] GroupId: *** SC Restrictions: [ ]] with Telecom. subId=1
09-18 12:08:37.290 10972 10972 V BatteryUsageContentProvider: initialize provider
09-18 12:08:37.296   686  1630 I Telecom : TelecomServiceImpl$1: registerPhoneAccount: account=[[ ] PhoneAccount: ComponentInfo{com.android.phone/com.android.services.telephony.TelephonyConnectionService}, 1, UserHandle{0} Capabilities: CallProvider MultiUser PlaceEmerg SimSub  Audio Routes: BESW Schemes: tel voicemail  Extras: Bundle[{android.telecom.extra.SUPPORTS_VIDEO_CALLING_FALLBACK=true}] GroupId: *** SC Restrictions: [ ]]: TSI.rPA(cap)@Bt0
09-18 12:08:37.300   686  1630 I Telecom : PhoneAccountRegistrar: Modify account: [ComponentInfo{com.android.phone/com.android.services.telephony.TelephonyConnectionService}, 1, UserHandle{0}]: TSI.rPA(cap)@Bt0
09-18 12:08:37.304   686  1630 I Telecom : CallsManager: handlePhoneAccountChanged: phoneAccount=[[X] PhoneAccount: ComponentInfo{com.android.phone/com.android.services.telephony.TelephonyConnectionService}, 1, UserHandle{0} Capabilities: CallProvider MultiUser PlaceEmerg SimSub  Audio Routes: BESW Schemes: tel voicemail  Extras: Bundle[{android.telecom.extra.SUPPORTS_VIDEO_CALLING_FALLBACK=true}] GroupId: *** SC Restrictions: [ ]]: TSI.rPA(cap)@Bt0
09-18 12:08:37.305   686  1072 W BestClock: java.time.DateTimeException: No network time available
09-18 12:08:37.318   686  1630 I Telecom : PhoneAccountRegistrar: getSimCallManager: SimCallManager for subId 1 queried, returning: null: TSI.rPA(cap)@Bt0
09-18 12:08:37.318   686  1630 I Telecom : PhoneAccountRegistrar: Notifying telephony of voice service override change for 1 SIMs, hasService = false: TSI.rPA(cap)@Bt0
09-18 12:08:37.319  1357  1357 I PhoneInterfaceManager: setVoiceServiceStateOverride: subId=1, phone=Handler (com.android.internal.telephony.GsmCdmaPhone) {f748415}, hasService=false, callingPackage=com.android.server.telecom
09-18 12:08:37.319  1357  1357 I Telephony: TelecomAccountRegistry$AccountEntry: Registered phoneAccount: [[ ] PhoneAccount: ComponentInfo{com.android.phone/com.android.services.telephony.TelephonyConnectionService}, 1, UserHandle{0} Capabilities: CallProvider MultiUser PlaceEmerg SimSub  Audio Routes: BESW Schemes: tel voicemail  Extras: Bundle[{android.telecom.extra.SUPPORTS_VIDEO_CALLING_FALLBACK=true}] GroupId: *** SC Restrictions: [ ]] with handle: ComponentInfo{com.android.phone/com.android.services.telephony.TelephonyConnectionService}, 1, UserHandle{0}
09-18 12:08:37.319  1357  1357 I Telephony: PstnIncomingCallNotifier: Registering: [0]
09-18 12:08:37.319  1357  1357 D Telephony: Registering: Handler (com.android.internal.telephony.GsmCdmaPhone) {f748415}
09-18 12:08:37.320   686  1073 W BestClock: java.time.DateTimeException: No network time available
09-18 12:08:37.320   686  1073 W BestClock: java.time.DateTimeException: No network time available
09-18 12:08:37.321   686  1073 W BestClock: java.time.DateTimeException: No network time available
09-18 12:08:37.321   686  1073 W BestClock: java.time.DateTimeException: No network time available
09-18 12:08:37.321   686  1073 W BestClock: java.time.DateTimeException: No network time available
09-18 12:08:37.321  1357  1357 W Telephony: registerMmTelCapabilityCallback: registration failed, no ImsService available. Exception: code: 1
09-18 12:08:37.321  1357  1357 W Telephony: registerImsRegistrationCallback: registration failed, no ImsService available. Exception: code: 1
09-18 12:08:37.322  1357  1357 D Telephony: Finished registering mSimultaneousCallingTrackerListener for phoneId = 0; subId = 1
09-18 12:08:37.322   686  1073 W BestClock: java.time.DateTimeException: No network time available
09-18 12:08:37.346  1357  1357 I CallNotifier: onSubscriptionsChanged
09-18 12:08:37.347   686  1073 W BestClock: java.time.DateTimeException: No network time available
09-18 12:08:37.347  1357  1357 I CallNotifier: updatePhoneStateListeners: update CF/MWI for subId=1
09-18 12:08:37.347  1357  1357 I NotificationMgr: updateCfi: subId= 1, visible=N
09-18 12:08:37.353  1357  1357 I NotificationMgr: updateMwi(): subId:1 isRefresh:true state:N->N (changed:N)
09-18 12:08:37.359   686  1073 W BestClock: java.time.DateTimeException: No network time available
09-18 12:08:37.366   686  1073 W BestClock: java.time.DateTimeException: No network time available
09-18 12:08:37.366  1357  1357 I NotificationMgr: maybeSendVoicemailNotificationUsingDefaultDialer: count: 0->0 (changed=false)
09-18 12:08:37.369   686  1073 W BestClock: java.time.DateTimeException: No network time available
09-18 12:08:37.373   686  1073 W BestClock: java.time.DateTimeException: No network time available
09-18 12:08:37.373   686  1073 W BestClock: java.time.DateTimeException: No network time available
09-18 12:08:37.373   686  1171 D NetworkStatsObservers: Unregistering RequestInfo from pid/uid:686/1000(android) for DataUsageRequest [ requestId=84, networkTemplate=NetworkTemplate: matchRule=MOBILE, matchSubscriberIds=[310260...], matchWifiNetworkKeys=[], metered=YES, defaultNetwork=NO, thresholdInBytes=3682800 ] accessLevel:3
09-18 12:08:37.373   686  1073 D NetworkStatsObservers: Registering observer for RequestInfo from pid/uid:686/1000(android) for DataUsageRequest [ requestId=85, networkTemplate=NetworkTemplate: matchRule=MOBILE, matchSubscriberIds=[310260...], matchWifiNetworkKeys=[], metered=YES, defaultNetwork=NO, thresholdInBytes=3681531 ] accessLevel:3
09-18 12:08:37.377  1357  1357 I NotificationMgr: maybeSendVoicemailNotificationUsingDefaultDialer: skip bcast to:com.google.android.dialer, user:UserHandle{0}
09-18 12:08:37.381   686  1073 W BestClock: java.time.DateTimeException: No network time available
09-18 12:08:37.381   686  1073 W BestClock: java.time.DateTimeException: No network time available
09-18 12:08:37.382 17853 17879 I .apps.messaging: IncrementDisableThreadFlip blocked for 19.464ms
09-18 12:08:37.385 10972 10972 D SpaSearchProvider: onCreate
09-18 12:08:37.394   686  1072 W BestClock: java.time.DateTimeException: No network time available
09-18 12:08:37.421  1357  1606 D SatelliteController: iisInCarrierRoamingNbIotNtn: satellite is disabled
09-18 12:08:37.424 17853 17858 W .apps.messaging: Reducing the number of considered missed Gc histogram windows from 150 to 100
09-18 12:08:37.433   686  2497 I ActivityManager: Background started FGS: Allowed [callingPackage: com.google.android.apps.wellbeing; callingUid: 10147; uidState: BFGS; uidBFSL: [BFSL]; intent: Intent { xflg=0x4 cmp=com.google.android.apps.wellbeing/com.google.apps.tiktok.concurrent.InternalForegroundService (has extras) }; code:BACKGROUND_ACTIVITY_PERMISSION; tempAllowListReason:<aa96706 android.intent.action.TIME_SET/u-1,reasonCode:TIME_CHANGED,duration:20000,callingUid:1000>; allowWiu:58; targetSdkVersion:35; callerTargetSdkVersion:35; startForegroundCount:0; bindFromPackage:null: isBindService:false]
09-18 12:08:37.442   686  1072 W BestClock: java.time.DateTimeException: No network time available
09-18 12:08:37.444 17853 11056 W JobInfo : Requested important-while-foreground flag for job1411 is ignored and takes no effect
09-18 12:08:37.444 17853 11056 D WM-SystemJobScheduler: Scheduling work ID 04120ca3-3b49-4d13-8135-5e9a393ddbe1Job ID 1411
09-18 12:08:37.455 10972 10972 D BatteryStateDatabase: initialize battery states database
09-18 12:08:37.456 10972 10972 W BatteryUsageContentProvider: create content provider from null
09-18 12:08:37.462   686   720 D ActivityManager: sync unfroze 8311 com.google.android.googlequicksearchbox:search for 3
09-18 12:08:37.475   686   720 D ActivityManager: sync unfroze 10381 com.google.android.webview:sandboxed_process0:org.chromium.content.app.SandboxedProcessService0:0 for 10
09-18 12:08:37.482 10212 11023 I AlarmManager: setExactAndAllowWhileIdle [name: RemindersNSREFRESH_TIME_REMINDERS_ALARM type: 0 triggerAtMillis: 1758211200000]
09-18 12:08:37.487 10972 10972 D SettingsSliceProvider: init
09-18 12:08:37.488  1357  1357 V SimultaneousCallingTracker: Received EVENT 101
09-18 12:08:37.488  1357  1357 D SimultaneousCallingTracker: Ignoring updatePhoneMapAndSimultaneousCallSupportMap since device is not DSDA capable.
09-18 12:08:37.488  1357  1357 I ImsExternalCallTracker: handleVideoCapabilitiesChanged : isVideoCapable = false
09-18 12:08:37.488  1357  1357 D ImsExternalCallTracker: refreshCallPullState
09-18 12:08:37.488  1357  1357 I Telephony: handleVideoCapabilitesChanged. Video capability - false
09-18 12:08:37.491   686  1630 W BestClock: java.time.DateTimeException: No network time available
09-18 12:08:37.491   686  1630 W BestClock: java.time.DateTimeException: No network time available
09-18 12:08:37.491   686  1630 W BestClock: java.time.DateTimeException: No network time available
09-18 12:08:37.491   686  1630 W BestClock: java.time.DateTimeException: No network time available
09-18 12:08:37.491   686  1630 W BestClock: java.time.DateTimeException: No network time available
09-18 12:08:37.492  1357  1357 D Telephony: isEmergencyPreferredAccount: subId=1, activeData=1
09-18 12:08:37.492  1357  1357 D Telephony: isEmergencyPreferredAccount: Device does not require preference.
09-18 12:08:37.492  1357  1357 W Telephony: registerMmTelCapabilityCallback: registration failed, no ImsService available. Exception: code: 1
09-18 12:08:37.498  1502  1502 W adbd    : timeout expired while flushing socket, closing
09-18 12:08:37.498 17853 11056 D WM-GreedyScheduler: Ignoring {WorkSpec: 1dfb44bb-e1a3-4883-ad4e-f2975dcf6c5f}. Requires device idle.
09-18 12:08:37.498 17853 11056 D WM-GreedyScheduler: Ignoring {WorkSpec: f43c8708-a62a-41b5-9468-74ebfd163365}. Requires device idle.
09-18 12:08:37.498 17853 11056 D WM-GreedyScheduler: Ignoring {WorkSpec: 1421db32-e01b-4e61-bbce-d056a228f1b7}. Requires device idle.
09-18 12:08:37.498 17853 11056 D WM-GreedyScheduler: Ignoring {WorkSpec: 2b62f28c-544c-49ca-b8dd-23d1a2fdf312}. Requires device idle.
09-18 12:08:37.498 17853 11056 D WM-GreedyScheduler: Starting work for 8f475be8-c617-4381-865f-83bf85b7eab2
09-18 12:08:37.499 17853 11056 D WM-GreedyScheduler: Starting work for 45edb9eb-2b76-4f04-878f-0db32bbb4745
09-18 12:08:37.499 17853 11056 D WM-GreedyScheduler: Starting work for 5dc77996-3008-404f-a206-2c17fa0e0125
09-18 12:08:37.499 17853 11056 D WM-GreedyScheduler: Starting work for 04120ca3-3b49-4d13-8135-5e9a393ddbe1
09-18 12:08:37.499 17853 11056 D WM-GreedyScheduler: Starting tracking for 91a0cbb3-b388-4651-8f27-beecdfe186d5,7f269ec1-dfae-4da9-ac5f-094dc08cabe0,41743f46-3bc1-4049-b8b1-69b3462567c5,78aa564a-1c78-4354-9d3b-959965447ae0,158c0537-a60e-41c6-ad3c-5ef67efc025b,e1e5bb40-3bb2-4eae-8113-1c9b710591f0,a1ef4bfd-6acd-43a6-a405-adea1c2d2273,a0ce7a7e-9331-4650-be2d-a8f4d12aca18,778c5cba-f375-4d4b-9a71-6818f615f8f2,11028397-5321-4127-be1f-dc108fc1b5b2,f3f5d7ed-8b96-4c19-aba4-c6066b40964a
09-18 12:08:37.502 17853 17853 D WM-SystemJobService: onStartJob for WorkGenerationalId(workSpecId=04120ca3-3b49-4d13-8135-5e9a393ddbe1, generation=0)
09-18 12:08:37.503 10972 10972 D SettingsSliceProvider: onCreateSliceProvider
09-18 12:08:37.510   686  1630 W ForegroundServiceTypeLoggerModule: Foreground service start for UID: 10147 does not have any types
09-18 12:08:37.513   686   837 I UsageStatsService: User[0] Time changed in by 2629834 seconds
09-18 12:08:37.513   686   837 I UsageStatsService: User[0] Flushing usage stats to disk
09-18 12:08:37.525  7192  7214 W UsageSyncManager: <DWB> Last (TimeDelta{wallTime=2025-08-18T13:45:34.330Z, elapsedSinceBoot=PT44H34M15.873S}, boot count 1) and current (TimeDelta{wallTime=2025-09-18T04:08:37.488Z, elapsedSinceBoot=PT48H26M44.83S}, boot count 1) deltas are different. Increase event shift by PT730H30M34.201S.
09-18 12:08:37.544  1357  1357 I Telephony: isRttCurrentlySupported -- regular acct, hasVoiceAvailability: false
09-18 12:08:37.544  1357  1357 I Telephony:  isRttSupported: false
09-18 12:08:37.544  1357  1357 I Telephony:  alwaysAllowWhileRoaming: false
09-18 12:08:37.544  1357  1357 I Telephony:  isRoaming: false
09-18 12:08:37.544  1357  1357 I Telephony:  isOnWfc: false
09-18 12:08:37.549   686   837 I UsageStatsDatabase: Time changed by +30d10h30m34s199ms. files deleted: 0 files moved: 6
09-18 12:08:37.549   686   837 V Configuration: Updating configuration, locales updated from [] to [en_US]
09-18 12:08:37.554   686   837 V Configuration: Updating configuration, locales updated from [] to [en_US]
09-18 12:08:37.554   686   837 V Configuration: Updating configuration, locales updated from [] to [en_US]
09-18 12:08:37.554   686   837 V Configuration: Updating configuration, locales updated from [] to [en_US]
09-18 12:08:37.554   686   837 V Configuration: Updating configuration, locales updated from [] to [en_US]
09-18 12:08:37.554   686   837 V Configuration: Updating configuration, locales updated from [] to [en_US]
09-18 12:08:37.554   686   837 V Configuration: Updating configuration, locales updated from [] to [en_US]
09-18 12:08:37.555   686   837 V Configuration: Updating configuration, locales updated from [] to [en_US]
09-18 12:08:37.555   686   837 V Configuration: Updating configuration, locales updated from [] to [en_US]
09-18 12:08:37.555   686   837 V Configuration: Updating configuration, locales updated from [] to [en_US]
09-18 12:08:37.556   686   837 I UsageStatsService: User[0] Rollover scheduled @ 2025-09-19 11:43:20(1758253400983)
09-18 12:08:37.558   686  1130 D BackgroundInstallControlService: Package event received: 0
09-18 12:08:37.583  7192  7214 W UsageSyncManager: <DWB> Deferring shifting events by PT730H30M34.201S
09-18 12:08:37.588 10212 11030 I SystemUpdate: [Installation,ReceiverIntentOperation] Received intent: Intent { act=android.intent.action.TIME_SET flg=0x25200010 xflg=0x4 pkg=com.google.android.gms cmp=com.google.android.gms/.chimera.GmsIntentOperationService$PersistentTrustedReceiver }.
09-18 12:08:37.602   686   720 D ActivityManager: sync unfroze 1180 com.google.android.permissioncontroller for 3
09-18 12:08:37.654  1357  1357 I Telephony: TelecomAccountRegistry$AccountEntry: registerPstnPhoneAccount: Registering account=[[ ] PhoneAccount: ComponentInfo{com.android.phone/com.android.services.telephony.TelephonyConnectionService}, 1, UserHandle{0} Capabilities: CallProvider MultiUser PlaceEmerg SimSub  Audio Routes: BESW Schemes: tel voicemail  Extras: Bundle[{android.telecom.extra.SUPPORTS_VIDEO_CALLING_FALLBACK=true}] GroupId: *** SC Restrictions: [ ]] with Telecom. subId=1
09-18 12:08:37.662   686  2319 I Telecom : TelecomServiceImpl$1: registerPhoneAccount: account=[[ ] PhoneAccount: ComponentInfo{com.android.phone/com.android.services.telephony.TelephonyConnectionService}, 1, UserHandle{0} Capabilities: CallProvider MultiUser PlaceEmerg SimSub  Audio Routes: BESW Schemes: tel voicemail  Extras: Bundle[{android.telecom.extra.SUPPORTS_VIDEO_CALLING_FALLBACK=true}] GroupId: *** SC Restrictions: [ ]]: TSI.rPA(cap)@BuI
09-18 12:08:37.663   686  2319 I Telecom : PhoneAccountRegistrar: Modify account: [ComponentInfo{com.android.phone/com.android.services.telephony.TelephonyConnectionService}, 1, UserHandle{0}]: TSI.rPA(cap)@BuI
09-18 12:08:37.672  8311  8311 D WM-RescheduleReceiver: Received intent Intent { act=android.intent.action.TIME_SET flg=0x25200010 xflg=0x4 cmp=com.google.android.googlequicksearchbox/androidx.work.impl.background.systemalarm.RescheduleReceiver }
09-18 12:08:37.702 17853 11048 D WM-Processor: pst: processing WorkGenerationalId(workSpecId=8f475be8-c617-4381-865f-83bf85b7eab2, generation=0)
09-18 12:08:37.709   686  2319 I Telecom : CallsManager: handlePhoneAccountChanged: phoneAccount=[[X] PhoneAccount: ComponentInfo{com.android.phone/com.android.services.telephony.TelephonyConnectionService}, 1, UserHandle{0} Capabilities: CallProvider MultiUser PlaceEmerg SimSub  Audio Routes: BESW Schemes: tel voicemail  Extras: Bundle[{android.telecom.extra.SUPPORTS_VIDEO_CALLING_FALLBACK=true}] GroupId: *** SC Restrictions: [ ]]: TSI.rPA(cap)@BuI
09-18 12:08:37.711   686  2319 I Telecom : PhoneAccountRegistrar: getSimCallManager: SimCallManager for subId 1 queried, returning: null: TSI.rPA(cap)@BuI
09-18 12:08:37.711   686  2319 I Telecom : PhoneAccountRegistrar: Notifying telephony of voice service override change for 1 SIMs, hasService = false: TSI.rPA(cap)@BuI
09-18 12:08:37.745 17853 11047 D WM-Processor: pst: processing WorkGenerationalId(workSpecId=45edb9eb-2b76-4f04-878f-0db32bbb4745, generation=0)
09-18 12:08:37.745 10972 10972 E ashmem  : Pinning is deprecated since Android Q. Please use trim or other methods.
09-18 12:08:37.746 10972 10972 D SpaEnvironment: reset
09-18 12:08:37.748 17853 11048 D WM-Processor: pst: processing WorkGenerationalId(workSpecId=5dc77996-3008-404f-a206-2c17fa0e0125, generation=0)
09-18 12:08:37.748  1180  1180 D PermissionStorageTimeChangeReceiver: Time changed by 2629834 seconds
09-18 12:08:37.757  1357  1357 I PhoneInterfaceManager: setVoiceServiceStateOverride: subId=1, phone=Handler (com.android.internal.telephony.GsmCdmaPhone) {f748415}, hasService=false, callingPackage=com.android.server.telecom
09-18 12:08:37.758  1180  1180 D PermissionStorageTimeChangeReceiver: systemTimeSnapshot set to 1758168517745
09-18 12:08:37.758  1180  1180 D PermissionStorageTimeChangeReceiver: realtimeSnapshot set to 174405087
09-18 12:08:37.779 10972 10972 D BootBroadcastReceiver: refresh job and clear data from action=android.intent.action.TIME_SET
09-18 12:08:37.784   686  1630 W UriGrantsManagerService: No permission grants found for com.google.android.apps.photos
09-18 12:08:37.789 10212 11025 I SystemUpdate: [Execution,InstallationEventIntentOperation] Handling event of type 6.
09-18 12:08:37.791   686   720 V GrammaticalInflectionUtils: AttributionSource: android.content.AttributionSource@e95639eb does not have READ_SYSTEM_GRAMMATICAL_GENDER permission.
09-18 12:08:37.792   686  1630 W UriGrantsManagerService: No permission grants found for com.google.android.apps.photos
09-18 12:08:37.797  1357  1366 W m.android.phone: Suspending all threads took: 8.258ms
09-18 12:08:37.798 17853 11056 D WM-Processor: pst: processing WorkGenerationalId(workSpecId=04120ca3-3b49-4d13-8135-5e9a393ddbe1, generation=0)
09-18 12:08:37.798 17853 11064 W DynamiteModule: Local module descriptor class for com.google.android.gms.providerinstaller.dynamite not found.
09-18 12:08:37.802 17853 11048 D WM-Processor: Work WorkGenerationalId(workSpecId=04120ca3-3b49-4d13-8135-5e9a393ddbe1, generation=0) is already enqueued for processing
09-18 12:08:37.809 17853 11056 D MddListenableWorkerFactory: createWorker for class: com.google.apps.tiktok.contrib.work.TikTokListenableWorker
09-18 12:08:37.815 17853 17853 D WM-WorkerWrapper: Starting work for com.google.apps.tiktok.contrib.work.TikTokListenableWorker
09-18 12:08:37.819 17853 11048 D MddListenableWorkerFactory: createWorker for class: com.google.android.libraries.notifications.platform.entrypoints.job.GnpWorker
09-18 12:08:37.826 17853 17853 D WM-WorkerWrapper: Starting work for com.google.android.libraries.notifications.platform.entrypoints.job.GnpWorker
09-18 12:08:37.828 17853 11027 D MddListenableWorkerFactory: createWorker for class: com.google.apps.tiktok.contrib.work.TikTokListenableWorker
09-18 12:08:37.829   686   720 W ActivityManager: Slow operation: 63ms so far, now at startProcess: done starting proc!
09-18 12:08:37.829 17853 17853 D WM-WorkerWrapper: Starting work for com.google.apps.tiktok.contrib.work.TikTokListenableWorker
09-18 12:08:37.830 17853 17853 I SyncManagerImpl: #sync(). Running Synclets and scheduling next sync.
09-18 12:08:37.835 10972 11081 D DatabaseUtils: clear data after current time = 1758168517816
09-18 12:08:37.850 17853 11048 D MddListenableWorkerFactory: createWorker for class: com.google.android.apps.messaging.shared.datamodel.workqueue.WorkQueueWorkerShim
09-18 12:08:37.853 17853 17882 I SyncManagerImpl: Running synclets: [CobaltSynclet, ConversationDedupingSynclet, CmsDailySynclet, MmsGroupUpgradeSynclet, OrphanCacheSingletonSynclet, MobaltLogUploader, TikTokAccountWipeoutSynclet, GaiaStatusUpdaterSynclet, TemplateFetcherSynclet, SmartsClassificationCleanupSynclet, SmsSubjectSynclet, DanglingPartsSynclet, RepairForkedMmsGroupSynclet, SpamDataCleanupSynclet, NotificationStateSynclet, MessagesRestoreDailySynclet, TachygramPullMessagesSynclet, RemoveStalePairingsSynclet, SuggestionCleanupSynclet]
09-18 12:08:37.855 17853 17910 I SyncManagerImpl: Starting synclet: CobaltSynclet
09-18 12:08:37.856 17853 17910 I SyncManagerImpl: Starting synclet: ConversationDedupingSynclet
09-18 12:08:37.857 17853 17910 I BugleBCM: ConversationDedupingSynclet skipping synclet run
09-18 12:08:37.858 17853 17853 D WM-WorkerWrapper: Starting work for com.google.android.apps.messaging.shared.datamodel.workqueue.WorkQueueWorkerShim
09-18 12:08:37.861 17853 17910 I SyncManagerImpl: Starting synclet: CmsDailySynclet
09-18 12:08:37.863 17853 17910 I SyncManagerImpl: Starting synclet: MmsGroupUpgradeSynclet
09-18 12:08:37.869 17853 17891 I SyncManagerImpl: Starting synclet: OrphanCacheSingletonSynclet
09-18 12:08:37.879  5303  5314 V ClearcutMetricXmitter: Transmission is done.
09-18 12:08:37.879  9520  9538 D WM-Processor: fgy: processing WorkGenerationalId(workSpecId=182a5376-543f-4da7-9549-8d6756e126b9, generation=0)
09-18 12:08:37.879   469   469 D Zygote  : Forked child process 11084
09-18 12:08:37.880 17853 17891 I SyncManagerImpl: Starting synclet: MobaltLogUploader
09-18 12:08:37.880 17853 17891 I LogUploader: Mobalt: enqueue sending logs to the Cobalt Server
09-18 12:08:37.880 17853 17891 I MobaltPeriodicJobImpl: Mobalt: start sending logs to the Cobalt Server
09-18 12:08:37.882  9520  9538 D WM-Processor: fgy: processing WorkGenerationalId(workSpecId=083172a7-fb5a-4954-a942-d151892562ff, generation=0)
09-18 12:08:37.884  5303  8114 V ClearcutMetricXmitter: Transmission is done.
09-18 12:08:37.885 17853 17910 I SyncManagerImpl: Starting synclet: TikTokAccountWipeoutSynclet
09-18 12:08:37.885   686   711 W Looper  : Slow dispatch took 120ms android.ui app=system_server main=false group=TOP_APP h=com.android.server.am.ActivityManagerService$UiHandler c=null m=68
09-18 12:08:37.887   686   721 W ActivityManager: Slow operation: 86ms so far, now at startProcess: returned from zygote!
09-18 12:08:37.888 17853 17908 I BugleCobalt: logging the cobalt app install metric
09-18 12:08:37.889   686   721 W ActivityManager: Slow operation: 88ms so far, now at startProcess: done updating battery stats
09-18 12:08:37.889   686   721 W ActivityManager: Slow operation: 88ms so far, now at startProcess: building log message
09-18 12:08:37.889   686   721 I ActivityManager: Start proc 11084:com.google.android.deskclock/u0a163 for broadcast {com.google.android.deskclock/com.android.deskclock.AlarmInitReceiver}
09-18 12:08:37.889   686   721 W ActivityManager: Slow operation: 88ms so far, now at startProcess: starting to update pids map
09-18 12:08:37.890   686   721 I ActivityManager: ProcessObserver broadcast disabled
09-18 12:08:37.890   686   721 W ActivityManager: Slow operation: 88ms so far, now at startProcess: done updating pids map
09-18 12:08:37.890 17853 17909 I BugleCms: CmsDailySynclet retrieving linked account.
09-18 12:08:37.907 10212 11025 I SystemUpdate: [Execution,InstallationIntentOperation] Received intent: Intent { act=com.google.android.gms.update.INSTALL_UPDATE cat=[targeted_intent_op_prefix:.update.execution.InstallationIntentOperation] xflg=0x4 cmp=com.google.android.gms/.chimera.GmsIntentOperationService (has extras) }.
09-18 12:08:37.915 10212 11025 I SystemUpdate: [Execution,ExecutionManager] Start action execution: finished-execution
09-18 12:08:37.915 10212 11025 I SystemUpdate: [Execution,ExecutionManager] Action finished-execution executed for 0.00 seconds.
09-18 12:08:37.916 17853 17891 I SyncManagerImpl: Starting synclet: GaiaStatusUpdaterSynclet
09-18 12:08:37.917 17853 17891 I SyncManagerImpl: Starting synclet: SmartsClassificationCleanupSynclet
09-18 12:08:37.917 17853 17910 I SyncManagerImpl: Starting synclet: TemplateFetcherSynclet
09-18 12:08:37.918 17853 17910 I SyncManagerImpl: Starting synclet: SmsSubjectSynclet
09-18 12:08:37.920 17853 17910 I SyncManagerImpl: Starting synclet: DanglingPartsSynclet
09-18 12:08:37.920 17853 17910 I SyncManagerImpl: Starting synclet: RepairForkedMmsGroupSynclet
09-18 12:08:37.921 17853 17910 I SyncManagerImpl: Starting synclet: SpamDataCleanupSynclet
09-18 12:08:37.924 17853 17891 I SyncManagerImpl: Starting synclet: NotificationStateSynclet
09-18 12:08:37.928  1953  1953 D WM-RescheduleReceiver: Received intent Intent { act=android.intent.action.TIME_SET flg=0x25200010 xflg=0x4 cmp=com.google.android.providers.media.module/androidx.work.impl.background.systemalarm.RescheduleReceiver }
09-18 12:08:37.930 17853 17910 I SyncManagerImpl: Starting synclet: MessagesRestoreDailySynclet
09-18 12:08:37.931  5303  8114 V ClearcutMetricXmitter: Transmission is done.
09-18 12:08:37.932 17853 17891 I SyncManagerImpl: Starting synclet: TachygramPullMessagesSynclet
09-18 12:08:37.932 17853 17891 I SyncManagerImpl: Starting synclet: RemoveStalePairingsSynclet
09-18 12:08:37.933 17853 17910 I SyncManagerImpl: Starting synclet: SuggestionCleanupSynclet
09-18 12:08:37.933 10157 10304 W ProviderHelper: Unknown dynamite feature providerinstaller.dynamite
09-18 12:08:37.937 10972 10972 D PeriodicJobReceiver: refresh periodic job from action=com.android.settings.battery.action.PERIODIC_JOB_UPDATE
09-18 12:08:37.944  1357  1357 D SatelliteController: Satellite for carrier is not supported.
09-18 12:08:37.944  1357  1357 D SatelliteController: Satellite for carrier is not supported.
09-18 12:08:37.944  1357  1357 D SatelliteController: registerForSatelliteModemStateChanged: add Listeners for ModemState
09-18 12:08:37.944  1357  1357 E SatelliteController: registerForSatelliteModemStateChanged: mSatelliteSessionController is not initialized yet
09-18 12:08:37.946  5303  8114 V ClearcutMetricXmitter: Transmission is done.
09-18 12:08:37.950 17853 17882 I BugleRestore: MessagesRestoreDailySynclet marking restore executions past the restore expiry as closed
09-18 12:08:37.966   686   838 D CompatChangeReporter: Compat change id reported: 262645982; UID 10219; state: ENABLED
09-18 12:08:37.966   686   838 D CompatChangeReporter: Compat change id reported: 262645982; UID 10150; state: ENABLED
09-18 12:08:37.974  1357  1357 D SatelliteController: registerForSatelliteModemStateChanged: add Listeners for ModemState
09-18 12:08:37.974  1357  1357 E SatelliteController: registerForSatelliteModemStateChanged: mSatelliteSessionController is not initialized yet
09-18 12:08:37.979  1357  1368 W System  : A resource failed to call AbstractCursor.close. 
09-18 12:08:38.003   686  1130 D BackgroundInstallControlService: Package event received: 0
09-18 12:08:38.013 17853 17903 I BugleAccountSignOut: Storing is_gaia_detected=true
09-18 12:08:38.013 17853 17903 I BugleDitto: RemoveStalePairingsSynclet starting.
09-18 12:08:38.030   686   720 D ActivityManager: sync unfroze 9641 com.google.android.rkpdapp for 3
09-18 12:08:38.038 17853 11064 I DynamiteModule: Considering local module com.google.android.gms.providerinstaller.dynamite:0 and remote module com.google.android.gms.providerinstaller.dynamite:0
09-18 12:08:38.038 17853 11064 W ProviderInstaller: Failed to load providerinstaller module: No acceptable module com.google.android.gms.providerinstaller.dynamite found. Local version is 0 and remote version is 0.
09-18 12:08:38.040   686   837 I UsageStatsService: Time changed in by 2629834 seconds
09-18 12:08:38.041   686  1130 D BackgroundInstallControlService: Package event received: 0
09-18 12:08:38.042 17853 17909 I TachygramPullMessagesSy: Skipping scheduled pull. No Tachygram endpoints found
09-18 12:08:38.043 17853 11045 I Bugle   : getRawTelephonyPhoneNumber redacted-pii[12-chars] [CONTEXT sub_id=1 ]
09-18 12:08:38.045 10157 10157 D BoundBrokerSvc: onRebind: Intent { act=com.google.android.gms.clearcut.bootcount.service.START dat=chimera-action:/... xflg=0x4 cmp=com.google.android.gms/.chimera.PersistentBoundBrokerService }
09-18 12:08:38.049 17853 11061 I MobaltPeriodicJobImpl: Mobalt: start observation generation
09-18 12:08:38.050 17853 11061 I MobaltPeriodicJobImpl: Mobalt: generating observations for day index 20347 for metric: 200006-1-1
09-18 12:08:38.051 17853 11061 I MobaltPeriodicJobImpl: Mobalt: generating observations for day index 20347 for metric: 200006-1-2
09-18 12:08:38.055   686  1630 W ContextImpl: Calling a method in the system process without a qualified user: android.app.ContextImpl.sendBroadcastMultiplePermissions:1319 android.content.Context.sendBroadcastMultiplePermissions:2583 com.android.server.TelephonyRegistry.broadcastServiceStateChanged:4159 com.android.server.TelephonyRegistry.notifyServiceStateForPhoneId:1848 com.android.internal.telephony.ITelephonyRegistry$Stub.onTransact:613 
09-18 12:08:38.059 10212 10212 D BoundBrokerSvc: onBind: Intent { act=com.google.android.gms.cobalt.api.CobaltLoggerApiService.START dat=chimera-action:/... xflg=0x4 cmp=com.google.android.gms/.chimera.GmsApiService }
09-18 12:08:38.059 10212 10212 D BoundBrokerSvc: Loading bound service for intent: Intent { act=com.google.android.gms.cobalt.api.CobaltLoggerApiService.START dat=chimera-action:/... xflg=0x4 cmp=com.google.android.gms/.chimera.GmsApiService }
09-18 12:08:38.061   686  1630 W ContextImpl: Calling a method in the system process without a qualified user: android.app.ContextImpl.sendBroadcastMultiplePermissions:1352 com.android.server.TelephonyRegistry.broadcastServiceStateChanged:4164 com.android.server.TelephonyRegistry.notifyServiceStateForPhoneId:1848 com.android.internal.telephony.ITelephonyRegistry$Stub.onTransact:613 android.os.Binder.execTransactInternal:1421 
09-18 12:08:38.062 11084 11084 I droid.deskclock: Using CollectorTypeCMC GC.
09-18 12:08:38.063   686  1630 W ContextImpl: Calling a method in the system process without a qualified user: android.app.ContextImpl.sendBroadcastMultiplePermissions:1352 com.android.server.TelephonyRegistry.broadcastServiceStateChanged:4173 com.android.server.TelephonyRegistry.notifyServiceStateForPhoneId:1848 com.android.internal.telephony.ITelephonyRegistry$Stub.onTransact:613 android.os.Binder.execTransactInternal:1421 
09-18 12:08:38.063 11084 11084 W droid.deskclock: Unexpected CPU variant for x86: x86_64.
09-18 12:08:38.063 11084 11084 W droid.deskclock: Known variants: atom, sandybridge, silvermont, goldmont, goldmont-plus, goldmont-without-sha-xsaves, tremont, kabylake, alderlake, default
09-18 12:08:38.064 10972 11081 D PeriodicJobManager: schedule next alarm job at Sep 18, 2025, 13:00:00
09-18 12:08:38.065  9641  9641 D ActivityThread: Package [com.offtime.app.gplay] reported as REPLACED, but missing application info. Assuming REMOVED.
09-18 12:08:38.065   686  1630 W ContextImpl: Calling a method in the system process without a qualified user: android.app.ContextImpl.sendBroadcastMultiplePermissions:1352 com.android.server.TelephonyRegistry.broadcastServiceStateChanged:4179 com.android.server.TelephonyRegistry.notifyServiceStateForPhoneId:1848 com.android.internal.telephony.ITelephonyRegistry$Stub.onTransact:613 android.os.Binder.execTransactInternal:1421 
09-18 12:08:38.066 17853 17906 I BugleRestore: Marking 0 expired active executions as closed
09-18 12:08:38.066 17853 17906 I BugleRestore: MessagesRestoreDailySynclet deleting restore database and attachments for inactive executions
09-18 12:08:38.072 10972 10972 D PeriodicJobManager: schedule next alarm job at Sep 18, 2025, 13:00:00
09-18 12:08:38.073 17853 17874 I BugleNotifications: Starting notification state synclet
09-18 12:08:38.073 17853 17908 I MobaltLoggerImpl: Mobalt: schedule recording occurrence metric
09-18 12:08:38.075  9641  9641 D ActivityThread: Package [com.offtime.app.gplay] reported as REPLACED, but missing application info. Assuming REMOVED.
09-18 12:08:38.076 17853 11056 I SimStateUpdateHandler: Handling SimStateUpdate. Request for 3 work type received.
09-18 12:08:38.077 11084 11084 E droid.deskclock: Not starting debugger since process cannot load the jdwp agent.
09-18 12:08:38.085 17853 11048 I BugleCms: LinkedAccountManager: No valid stored accountId, throwing NoLinkedAccountException.
09-18 12:08:38.085 17853 11056 I SimStateUpdateHandler: Handling update phone SIM state.
09-18 12:08:38.092 17853 11056 I BugleSimStateTracker: Updating PhoneSimState
09-18 12:08:38.094  1357  1357 D ServiceStateProvider: subId=1
09-18 12:08:38.095 17853 11064 D ApplicationLoaders: Returning zygote-cached class loader: /system/framework/org.apache.http.legacy.jar
09-18 12:08:38.095 17853 11064 D ApplicationLoaders: Returning zygote-cached class loader: /system/framework/com.android.media.remotedisplay.jar
09-18 12:08:38.095 17853 11064 D ApplicationLoaders: Returning zygote-cached class loader: /system/framework/com.android.location.provider.jar
09-18 12:08:38.095 17853 11064 D ApplicationLoaders: Returning zygote-cached class loader: /system_ext/framework/androidx.window.extensions.jar
09-18 12:08:38.095 17853 11064 D ApplicationLoaders: Returning zygote-cached class loader: /system_ext/framework/androidx.window.sidecar.jar
09-18 12:08:38.098  9641  9641 D WM-RescheduleReceiver: Received intent Intent { act=android.intent.action.TIME_SET flg=0x25200010 xflg=0x4 cmp=com.google.android.rkpdapp/androidx.work.impl.background.systemalarm.RescheduleReceiver }
09-18 12:08:38.102 17853 17908 I BugleCms: CmsDailySynclet retrieving linked account failed. Aborting.
09-18 12:08:38.103 17853 11092 I WM-WorkerWrapper: Worker result SUCCESS for Work [ id=8f475be8-c617-4381-865f-83bf85b7eab2, tags={ com.google.apps.tiktok.contrib.work.TikTokListenableWorker,TikTokWorker#com.google.android.apps.messaging.shared.telephony.impl.copyoftelephony.TelephonyOrphanedAttachmentsCollectorTikTokWorkItem } ]
09-18 12:08:38.106 17853 17906 I akal    : Found 0 restore executions for deletion
09-18 12:08:38.106 17853 17906 I BugleRestore: MessagesRestoreDailySynclet marking restore executions past the reprompt timeout as ready for reprompt
09-18 12:08:38.106 17853 17903 I BugleDitto: RemoveStalePairingsSynclet removing 0 stale desktops.
09-18 12:08:38.106 17853 17903 I BugleDitto: RemoveStalePairingsSynclet complete.
09-18 12:08:38.107  1357  1606 E SatelliteController: registerForSatelliteCommunicationAccessStateChanged: SatelliteManager is null
09-18 12:08:38.107  1357  1606 D SatelliteController: isCarrierRoamingNtnEligible: satellite access is not allowed
09-18 12:08:38.107  1357  1606 D SatelliteController: evaluateCarrierRoamingNtnEligibilityChange: isCarrierRoamingNtnEligible=false
09-18 12:08:38.107  1357  1606 D SatelliteController: getSelectedSatelliteSubId: subId=-1
09-18 12:08:38.107  1357  1606 D SatelliteController: notifyNtnEligibility: phoneId=0 currentNtnEligibility=false
09-18 12:08:38.107  1357  1606 V SatelliteController: getWwanIsInService: return true
09-18 12:08:38.113 17853 17873 I DataService: Mobalt: generating observations for day index 20344 for report: 200006-1-1-3
09-18 12:08:38.113 17853 17873 I AtLeastOnceObservationG: Mobalt: generating observations for day index 20344 for report: 200006-1-1-3
09-18 12:08:38.115  9520  9520 D WM-WorkerWrapper: Starting work for com.google.apps.tiktok.contrib.work.TikTokListenableWorker
09-18 12:08:38.116  7192  7214 W JobInfo : Requested important-while-foreground flag for job165 is ignored and takes no effect
09-18 12:08:38.117 17853 11088 I LogWriter: Mobalt: start logging 8 metric
09-18 12:08:38.118 17853 11099 I WM-WorkerWrapper: Worker result SUCCESS for Work [ id=45edb9eb-2b76-4f04-878f-0db32bbb4745, tags={ com.google.android.libraries.notifications.platform.entrypoints.job.GnpWorker,GNP_SDK_JOB } ]
09-18 12:08:38.119  9520  9553 I DialerSingletonScopedExternalsLogging: com.google.android.dialershared.externals.logging.SingletonScopedExternalsLogging.recordCallMethodInvocation:75 event: TIKTOK_WORK_EXECUTION_MONITOR_ON_WORK_STARTED, function parameters: [182a5376-543f-4da7-9549-8d6756e126b9,com.android.dialer.voicemail.service.impl.VvmTaskWorker], return value: <empty>
09-18 12:08:38.122  1357  1606 D SatelliteController: updateLastNotifiedNtnModeAndNotify: subId=1 initialized=true lastNotifiedNtnMode=false currNtnMode=false
09-18 12:08:38.122  1357  1606 D SatelliteController: iisInCarrierRoamingNbIotNtn: satellite is disabled
09-18 12:08:38.123 10157 10157 D BoundBrokerSvc: onRebind: Intent { act=com.google.android.gms.libs.gmscorelogger.service.START dat=chimera-action:/... xflg=0x4 cmp=com.google.android.gms/.chimera.PersistentDirectBootAwareApiService }
09-18 12:08:38.124   686   720 D ActivityManager: sync unfroze 5376 com.google.android.settings.intelligence for 3
09-18 12:08:38.126  9520  9553 I DialerVvmTaskWorkerDelegate: com.android.dialer.voicemail.service.impl.scheduler.VvmTaskWorker$VvmTaskWorkerDelegate.executeVvmJob:191 Beginning execution of job ID: 1
09-18 12:08:38.127  9520  9553 I DialerSingletonScopedExternalsLogging: com.google.android.dialershared.externals.logging.SingletonScopedExternalsLogging.recordCallMethodInvocation:66 event: VVM_TASK_WORKER_EXECUTE_VVM_JOB, function parameters: [1], return value: <empty> [CONTEXT enable_persistent_logger=true ]
09-18 12:08:38.129 17853 17873 I AtLeastOnceObservationG: Mobalt: generated 2 observations in 1 observation batches for day index 20344 for report: 200006-1-1-3
09-18 12:08:38.130 17853 17873 I DataService: Mobalt: generating observations for day index 20345 for report: 200006-1-1-3
09-18 12:08:38.130 17853 17873 I AtLeastOnceObservationG: Mobalt: generating observations for day index 20345 for report: 200006-1-1-3
09-18 12:08:38.130 17853 17873 I AtLeastOnceObservationG: Mobalt: generated 1 observations in 1 observation batches for day index 20345 for report: 200006-1-1-3
09-18 12:08:38.131 17853 17873 I DataService: Mobalt: generating observations for day index 20346 for report: 200006-1-1-3
09-18 12:08:38.131 17853 17873 I AtLeastOnceObservationG: Mobalt: generating observations for day index 20346 for report: 200006-1-1-3
09-18 12:08:38.131 17853 17873 I AtLeastOnceObservationG: Mobalt: generated 1 observations in 1 observation batches for day index 20346 for report: 200006-1-1-3
09-18 12:08:38.132 17853 17873 I DataService: Mobalt: generating observations for day index 20347 for report: 200006-1-1-3
09-18 12:08:38.132 17853 17873 I AtLeastOnceObservationG: Mobalt: generating observations for day index 20347 for report: 200006-1-1-3
09-18 12:08:38.132 17853 17873 I AtLeastOnceObservationG: Mobalt: generated 1 observations in 1 observation batches for day index 20347 for report: 200006-1-1-3
09-18 12:08:38.132  5376  5376 D ActivityThread: Package [com.offtime.app.gplay] reported as REPLACED, but missing application info. Assuming REMOVED.
09-18 12:08:38.133  5376  5376 D ActivityThread: Package [com.offtime.app.gplay] reported as REPLACED, but missing application info. Assuming REMOVED.
09-18 12:08:38.134 17853 17853 D WM-Processor: pst 8f475be8-c617-4381-865f-83bf85b7eab2 executed; reschedule = false
09-18 12:08:38.134 17853 17853 D WM-SystemJobService: 8f475be8-c617-4381-865f-83bf85b7eab2 executed on JobScheduler
09-18 12:08:38.134 17853 17853 D WM-Processor: pst 45edb9eb-2b76-4f04-878f-0db32bbb4745 executed; reschedule = false
09-18 12:08:38.134 17853 17853 D WM-SystemJobService: 45edb9eb-2b76-4f04-878f-0db32bbb4745 executed on JobScheduler
09-18 12:08:38.139  9520  9520 D WM-WorkerWrapper: Starting work for com.google.apps.tiktok.contrib.work.TikTokListenableWorker
09-18 12:08:38.140  9520  9545 I DialerSingletonScopedExternalsLogging: com.google.android.dialershared.externals.logging.SingletonScopedExternalsLogging.recordCallMethodInvocation:75 event: TIKTOK_WORK_EXECUTION_MONITOR_ON_WORK_STARTED, function parameters: [083172a7-fb5a-4954-a942-d151892562ff,com.android.dialer.voicemail.service.impl.VvmTaskWorker], return value: <empty>
09-18 12:08:38.145   686  1130 D BackgroundInstallControlService: Package event received: 0
09-18 12:08:38.149  9520 11101 I DialerVvmCarrierIdentifierImpl: com.android.dialer.voicemail.service.impl.carriermapping.VvmCarrierIdentifierImpl.getVvmCarrierNameBlocking:120 Looking up carrier name for phone account handle: 1 [CONTEXT ratelimit_period="1 MINUTES" ]
09-18 12:08:38.159  1357  1357 D SatelliteController: iisInCarrierRoamingNbIotNtn: satellite is disabled
09-18 12:08:38.225 11084 11084 D nativeloader: Load libframework-connectivity-tiramisu-jni.so using APEX ns com_android_tethering for caller /apex/com.android.tethering/javalib/framework-connectivity-t.jar: ok
09-18 12:08:38.246  5535  5582 I HeadsetPhoneState: stopListenForPhoneState(), no listener indicates nothing is listening
09-18 12:08:38.252 10972 11081 D BatteryUsageContentProvider: getLastFullChargeTimestamp() in 182/ms
09-18 12:08:38.253 10972 11081 D DatabaseUtils: getLastFullChargeTime() lastFullChargeTime=Jan 01, 1970, 08:00:00 in 189/ms
09-18 12:08:38.256 10972 11081 D DatabaseUtils: getBatteryEvents for timestamp: 1757606400000
09-18 12:08:38.257 10972 11081 D BatteryUsageContentProvider: getQueryBatteryEventTypes from uri: content://com.android.settings.battery.usage.provider/BatteryEvent?timestamp=1757606400000&batteryEventType=3%2C4
09-18 12:08:38.258 10972 11081 D BatteryUsageContentProvider: getQueryTimestamp from uri: content://com.android.settings.battery.usage.provider/BatteryEvent?timestamp=1757606400000&batteryEventType=3%2C4
09-18 12:08:38.259 10972 11081 W BatteryUsageContentProvider: getBatteryEvents() in 1/ms
09-18 12:08:38.259 10972 11081 D DatabaseUtils: getBatteryEvents size=0 in 3/ms
09-18 12:08:38.260 17853 17873 I DataService: Mobalt: generating observations for day index 20344 for report: 200006-1-1-5
