09-18 12:08:41.414 11191 11191 W .apps.wallpaper: Known variants: atom, sandybridge, silvermont, goldmont, goldmont-plus, goldmont-without-sha-xsaves, tremont, kabylake, alderlake, default
09-18 12:08:41.420 11191 11191 E .apps.wallpaper: Not starting debugger since process cannot load the jdwp agent.
09-18 12:08:41.437  1966  3546 I escc    : (REDACTED) Ignoring irrelevant audio permission changes for package %s
09-18 12:08:41.442 11191 11191 D nativeloader: Load libframework-connectivity-tiramisu-jni.so using APEX ns com_android_tethering for caller /apex/com.android.tethering/javalib/framework-connectivity-t.jar: ok
09-18 12:08:41.455  9520 11075 D WM-SystemJobScheduler: Scheduling work ID 41703b92-1d11-4833-a3ee-0e0b511111faJob ID 3
09-18 12:08:41.471   686   721 W ActivityManager: Slow operation: 92ms so far, now at startProcess: returned from zygote!
09-18 12:08:41.473   686  2320 E JobScheduler.JobStatus: App com.google.android.dialer became active but still in NEVER bucket
09-18 12:08:41.476   686   721 W ActivityManager: Slow operation: 98ms so far, now at startProcess: done updating battery stats
09-18 12:08:41.476   686   721 W ActivityManager: Slow operation: 98ms so far, now at startProcess: building log message
09-18 12:08:41.476   686   721 I ActivityManager: Start proc 11191:com.google.android.apps.wallpaper/u0a184 for broadcast {com.google.android.apps.wallpaper/com.android.wallpaper.module.DailyLoggingAlarmReceiver}
09-18 12:08:41.476   686   721 W ActivityManager: Slow operation: 98ms so far, now at startProcess: starting to update pids map
09-18 12:08:41.476  9520 11075 D WM-GreedyScheduler: Ignoring {WorkSpec: 3e958165-b701-4b5f-b055-6cf9e3d025a9}. Requires device idle.
09-18 12:08:41.480   686   721 I ActivityManager: ProcessObserver broadcast disabled
09-18 12:08:41.480   686   721 W ActivityManager: Slow operation: 101ms so far, now at startProcess: done updating pids map
09-18 12:08:41.485  9520 11075 D WM-GreedyScheduler: Ignoring {WorkSpec: 52b4db44-f8da-49ad-b615-e490b6fa0fcf}. Requires device idle.
09-18 12:08:41.485  9520 11075 D WM-GreedyScheduler: Ignoring {WorkSpec: 5882b058-221b-444d-90cb-088e45b5743d}. Requires device idle.
09-18 12:08:41.485  9520 11075 D WM-GreedyScheduler: Ignoring {WorkSpec: d1f0d92d-2310-4f19-ada6-98919c845f0f}. Requires device idle.
09-18 12:08:41.485  9520 11075 D WM-GreedyScheduler: Ignoring {WorkSpec: fe340cb4-68b3-430d-ab67-4cf99603fa68}. Requires device idle.
09-18 12:08:41.485  9520 11075 D WM-GreedyScheduler: Ignoring {WorkSpec: bb02dbb3-b013-472c-b1fd-4d404656d495}. Requires device idle.
09-18 12:08:41.485  9520 11075 D WM-GreedyScheduler: Ignoring {WorkSpec: 2276b244-8448-4737-95c5-6fe40b406e0d}. Requires device idle.
09-18 12:08:41.485  9520  9545 I DialerFixedDialingNumberPhoneLookupContributor: com.android.dialer.fixeddialingnumber.impl.phonelookup.FixedDialingNumberPhoneLookupContributor.getFdnListFromUri:242 empty cursor
09-18 12:08:41.495  9520 11075 D WM-GreedyScheduler: Starting tracking for 75f18468-87c9-45bf-a8c7-a5a31c2d95ac
09-18 12:08:41.505  9520 11075 I WM-WorkerWrapper: Worker result FAILURE for Work [ id=560da360-359a-4de1-abe1-b888b0cf079a, tags={ com.google.apps.tiktok.contrib.work.TikTokListenableWorker,TikTokWorker#com.android.dialer.dobby.impl.storage.postcall.DobbyMetricsWorker } ]
09-18 12:08:41.509  9520  9553 I DialerRefreshAnnotatedCallLogWorker: com.android.dialer.calllog.refresh.impl.RefreshAnnotatedCallLogWorker.rebuild:203 filling VoicemailDataSource
09-18 12:08:41.510  9520  9553 I DialerRefreshAnnotatedCallLogWorker: com.android.dialer.calllog.refresh.impl.RefreshAnnotatedCallLogWorker.rebuild:203 filling SpamCallDataSource
09-18 12:08:41.510  9520  9553 I DialerSpamCallDataSource: com.android.dialer.spam.calllog.SpamCallDataSource.fill:82 fill
09-18 12:08:41.510  9520  9553 I DialerSpamCallDataSource: com.android.dialer.spam.calllog.SpamCallDataSource.handleInserts:88 handleInserts
09-18 12:08:41.513  9520  9520 D WM-Processor: fgy 560da360-359a-4de1-abe1-b888b0cf079a executed; reschedule = false
09-18 12:08:41.513  9520  9520 D WM-SystemJobService: 560da360-359a-4de1-abe1-b888b0cf079a executed on JobScheduler
09-18 12:08:41.513  9520  9520 D WM-GreedyScheduler: Stopping tracking for WorkGenerationalId(workSpecId=560da360-359a-4de1-abe1-b888b0cf079a, generation=0)
09-18 12:08:41.516  9520 11075 I DialerCompositeSpam: com.android.dialer.spam.composite.CompositeSpam.batchDeleteCallSpamStatus:263 deleted 0 rows
09-18 12:08:41.519  9520  9545 I DialerRefreshAnnotatedCallLogWorker: com.android.dialer.calllog.refresh.impl.RefreshAnnotatedCallLogWorker.rebuild:203 filling CallingNetworksDataSource
09-18 12:08:41.523  9520  9545 I DialerCallingNetworksStorage: com.android.dialer.callingnetworks.impl.CallingNetworksStorage.deleteAllMatching:306 Nothing to delete
09-18 12:08:41.525 11147 11186 D nativeloader: Load /product/app/GoogleTTS/GoogleTTS.apk!/lib/x86_64/libtts_android.so using class loader ns product-clns-9 (caller=/product/app/GoogleTTS/GoogleTTS.apk): ok
09-18 12:08:41.526   686  1228 D FileUtils: Rounded bytes from 2067259392 to 4000000000
09-18 12:08:41.530  9520  9557 I DialerSyncManagerImpl: com.google.apps.tiktok.sync.impl.SyncManagerImpl.sync:210 #sync() complete
09-18 12:08:41.531 11147 11186 I NativeLibraryLoader: tts_android (null) was loaded normally!
09-18 12:08:41.531  9520  9557 I DialerSyncManagerImpl: com.google.apps.tiktok.sync.impl.SyncManagerImpl.scheduleNextSyncInParallel:645 Completed sync. Scheduling next wakeup
09-18 12:08:41.531  9520  9557 I DialerSyncWorkManagerOneTimeScheduler: com.google.apps.tiktok.sync.impl.workmanager.SyncWorkManagerOneTimeScheduler.scheduleNextSyncSystemWakeup:83 Scheduling next onetime WorkManager workers
09-18 12:08:41.532 11191 11191 D ApplicationLoaders: Returning zygote-cached class loader: /system_ext/framework/androidx.window.extensions.jar
09-18 12:08:41.532 11191 11191 D ApplicationLoaders: Returning zygote-cached class loader: /system_ext/framework/androidx.window.sidecar.jar
09-18 12:08:41.532 11191 11191 D ApplicationLoaders: Returning zygote-cached class loader: /system/framework/org.apache.http.legacy.jar
09-18 12:08:41.533  9520  9553 I DialerSingletonScopedExternalsLogging: com.google.android.dialershared.externals.logging.SingletonScopedExternalsLogging.recordCallMethodInvocation:75 event: TIKTOK_WORK_EXECUTION_MONITOR_ON_WORK_FINISHED, function parameters: [dd35ad07-24f6-42b1-b777-99178976cbc1,com.google.apps.tiktok.sync.impl.workmanager.SyncWorker], return value: Success
09-18 12:08:41.539  9520 11085 D WM-GreedyScheduler: Cancelling work ID 067d8fb9-af57-462d-89a4-c2b2ab7ce683
09-18 12:08:41.546  9520  9545 I DialerRefreshAnnotatedCallLogWorker: com.android.dialer.calllog.refresh.impl.RefreshAnnotatedCallLogWorker.rebuild:203 filling CallRecordingDataSource
09-18 12:08:41.551  9520  9545 I DialerCallRecordingDataSource: com.android.dialer.callrecording.impl.calllog.CallRecordingDataSource.fill:98 enter
09-18 12:08:41.551  9520  9545 I DialerCallRecordingDataSource: com.android.dialer.callrecording.impl.calllog.CallRecordingDataSource.handleInsertsAndUpdatesFromAnnotatedCallLog:113 enter
09-18 12:08:41.559  9520  9553 I DialerCallRecordingDataSourceStatusService: com.android.dialer.callrecording.impl.calllog.CallRecordingDataSourceStatusService.getTimestampOfLastSyncedCallRecordingInfoMillis:100 lastSyncedCallRecordingInfoTimestamp 0
09-18 12:08:41.560 11191 11191 D nativeloader: Configuring clns-shared-9 for other apk /system_ext/priv-app/WallpaperPickerGoogleRelease/WallpaperPickerGoogleRelease.apk. target_sdk_version=36, uses_libraries=, library_path=/system_ext/priv-app/WallpaperPickerGoogleRelease/lib/x86_64:/system/lib64:/system_ext/lib64, permitted_path=/data:/mnt/expand:/data/user/0/com.google.android.apps.wallpaper:/system_ext/priv-app/WallpaperPickerGoogleRelease:/system/lib64:/system_ext/lib64
09-18 12:08:41.572 11191 11191 I .apps.wallpaper: AssetManager2(0x7ff836692238) locale list changing from [] to [en-US]
09-18 12:08:41.574  9520 11085 D WM-SystemJobScheduler: Scheduling work ID 7f6720c5-02fd-4fb2-b8f5-a82bec40b362Job ID 53
09-18 12:08:41.579 11147 11187 E ashmem  : Pinning is deprecated since Android Q. Please use trim or other methods.
09-18 12:08:41.588 11191 11191 V GraphicsEnvironment: Currently set values for:
09-18 12:08:41.588 11191 11191 V GraphicsEnvironment:   angle_gl_driver_selection_pkgs=[]
09-18 12:08:41.588 11191 11191 V GraphicsEnvironment:   angle_gl_driver_selection_values=[]
09-18 12:08:41.588 11191 11191 V GraphicsEnvironment: com.google.android.apps.wallpaper is not listed in per-application setting
09-18 12:08:41.588 11191 11191 V GraphicsEnvironment: ANGLE allowlist from config: 
09-18 12:08:41.588 11191 11191 V GraphicsEnvironment: com.google.android.apps.wallpaper is not listed in ANGLE allowlist or settings, returning default
09-18 12:08:41.588 11191 11191 V GraphicsEnvironment: Neither updatable production driver nor prerelease driver is supported.
09-18 12:08:41.592 10972 11081 D PowerUsageFeatureProviderGoogleImpl: mBatteryUsageReattributeEnabled: false
09-18 12:08:41.592 10972 11081 D PowerUsageFeatureProviderGoogleImpl: mForceHideBatteryReattributeItem: true
09-18 12:08:41.601 10972 11081 D BatteryUsageContentProvider: getQueryUserId from uri: content://com.android.settings.battery.usage.provider/appUsageLatestTimestamp?userid=0
09-18 12:08:41.602 10972 11081 D BatteryUsageContentProvider: getAppUsageLatestTimestamp() for user 0 in 1/ms
09-18 12:08:41.603  9520  9545 I DialerLoggingConsentCheckerImpl: com.google.android.dialershared.logging.consent.impl.LoggingConsentCheckerImpl.getConsent:72 timer stop with success, timer present: false
09-18 12:08:41.603  9520  9557 I DialerCallRecordingDataSource: com.android.dialer.callrecording.impl.calllog.CallRecordingDataSource.getAnnotatedCallLogIdsToCallRecordingInfoMap:334 lastSyncedCallRecordingInfoTimestamp 0
09-18 12:08:41.606 10972 11081 D DatabaseUtils: getAppUsageStartTimestampOfUser() userId=0 latestTimestamp=Aug 19, 2025, 00:52:24 in 5/ms
09-18 12:08:41.611   686  1228 V Configuration: Updating configuration, locales updated from [] to [en_US]
09-18 12:08:41.614   686  1228 V Configuration: Updating configuration, locales updated from [] to [en_US]
09-18 12:08:41.616   686  1228 V Configuration: Updating configuration, locales updated from [] to [en_US]
09-18 12:08:41.616   686  1228 V Configuration: Updating configuration, locales updated from [] to [en_US]
09-18 12:08:41.616   686  1228 V Configuration: Updating configuration, locales updated from [] to [en_US]
09-18 12:08:41.616   686  1228 V Configuration: Updating configuration, locales updated from [] to [en_US]
09-18 12:08:41.616   686  1228 V Configuration: Updating configuration, locales updated from [] to [en_US]
09-18 12:08:41.618   686  1228 D IntervalStats: Unable to parse usage stats packages: [233, 237, 239]
09-18 12:08:41.632   686  2320 E JobScheduler.JobStatus: App com.google.android.dialer became active but still in NEVER bucket
09-18 12:08:41.632   686  1228 V Configuration: Updating configuration, locales updated from [] to [en_US]
09-18 12:08:41.652   686   720 V GrammaticalInflectionUtils: AttributionSource: android.content.AttributionSource@3b3ed7bb does not have READ_SYSTEM_GRAMMATICAL_GENDER permission.
09-18 12:08:41.668   469   469 D Zygote  : Forked child process 11208
09-18 12:08:41.674 10972 11081 D DataProcessor: getAppUsageEventsForUser(): 0 from 1757606400000 to 1758168521601 in 67/ms
09-18 12:08:41.674 10972 11081 D DataProcessor: getAppUsageEvents() for all unlocked users in 73/ms
09-18 12:08:41.687  9520 11085 D WM-GreedyScheduler: Ignoring {WorkSpec: 3e958165-b701-4b5f-b055-6cf9e3d025a9}. Requires device idle.
09-18 12:08:41.687  9520 11085 D WM-GreedyScheduler: Ignoring {WorkSpec: 52b4db44-f8da-49ad-b615-e490b6fa0fcf}. Requires device idle.
09-18 12:08:41.687  9520 11085 D WM-GreedyScheduler: Ignoring {WorkSpec: 5882b058-221b-444d-90cb-088e45b5743d}. Requires device idle.
09-18 12:08:41.687  9520 11085 D WM-GreedyScheduler: Ignoring {WorkSpec: d1f0d92d-2310-4f19-ada6-98919c845f0f}. Requires device idle.
09-18 12:08:41.687  9520 11085 D WM-GreedyScheduler: Ignoring {WorkSpec: fe340cb4-68b3-430d-ab67-4cf99603fa68}. Requires device idle.
09-18 12:08:41.688  9520 11085 D WM-GreedyScheduler: Ignoring {WorkSpec: bb02dbb3-b013-472c-b1fd-4d404656d495}. Requires device idle.
09-18 12:08:41.688  9520 11085 D WM-GreedyScheduler: Ignoring {WorkSpec: 2276b244-8448-4737-95c5-6fe40b406e0d}. Requires device idle.
09-18 12:08:41.688   686   721 I ActivityManager: Start proc 11208:com.google.android.cellbroadcastreceiver/u0a211 for broadcast {com.google.android.cellbroadcastreceiver/com.android.cellbroadcastreceiver.CellBroadcastReceiver}
09-18 12:08:41.688   686   721 I ActivityManager: ProcessObserver broadcast disabled
09-18 12:08:41.711 11208 11208 I oadcastreceiver: Using CollectorTypeCMC GC.
09-18 12:08:41.711  9520  9566 V ClearcutMetricXmitter: Transmission is done.
09-18 12:08:41.711  9520 11085 D WM-GreedyScheduler: Starting tracking for 75f18468-87c9-45bf-a8c7-a5a31c2d95ac
09-18 12:08:41.712 11208 11208 W oadcastreceiver: Unexpected CPU variant for x86: x86_64.
09-18 12:08:41.712 11208 11208 W oadcastreceiver: Known variants: atom, sandybridge, silvermont, goldmont, goldmont-plus, goldmont-without-sha-xsaves, tremont, kabylake, alderlake, default
09-18 12:08:41.712  9520 11075 I WM-WorkerWrapper: Worker result RETRY for Work [ id=965e4945-62b5-490a-b71a-8b9e1c10869f, tags={ com.google.apps.tiktok.contrib.work.TikTokListenableWorker,1,SYNC,TikTokWorker#com.android.dialer.voicemail.service.impl.VvmTaskWorker } ]
09-18 12:08:41.713  9520  9530 V ClearcutMetricXmitter: Transmission is done.
09-18 12:08:41.713  9520 11054 V ClearcutMetricXmitter: Transmission is done.
09-18 12:08:41.716  9520  9545 I DialerCallRecordingDataSource: com.android.dialer.callrecording.impl.calllog.CallRecordingDataSource.handleDeletesFromAnnotatedCallLog:137 enter
09-18 12:08:41.716  9520  9545 I DialerCallRecordingInfoStorageAsyncSqlite: com.android.dialer.callrecording.impl.storage.CallRecordingInfoStorageAsyncSqlite.deleteCallLogInitiated:501 enter
09-18 12:08:41.717  9520  9545 I DialerCallRecordingDataSource: com.android.dialer.callrecording.impl.calllog.CallRecordingDataSource.addDeleteUpdatesFromCallRecordingInitiatedDeletes:181 enter
09-18 12:08:41.717 11208 11208 E oadcastreceiver: Not starting debugger since process cannot load the jdwp agent.
09-18 12:08:41.720  9520  9545 I DialerRefreshAnnotatedCallLogWorker: com.android.dialer.calllog.refresh.impl.RefreshAnnotatedCallLogWorker.rebuild:218 applying mutations
09-18 12:08:41.720 11191 11191 I .apps.wallpaper: AssetManager2(0x7ff836692878) locale list changing from [] to [en-US]
09-18 12:08:41.720  9520  9545 I DialerRefreshAnnotatedCallLogWorker: com.android.dialer.calllog.refresh.impl.RefreshAnnotatedCallLogWorker.rebuild:232 coalescing call history
09-18 12:08:41.720  9520  9545 I DialerCallHistoryCoalescer: com.android.dialer.calllog.coalescer.CallHistoryCoalescer.coalesce:114 coalesce
09-18 12:08:41.720  9520  9545 I DialerCallHistoryCoalescer: com.android.dialer.calllog.coalescer.CallHistoryCoalescer.coalesceWithSelection:153 coalesceWithSelection
09-18 12:08:41.720  9520  9545 I DialerCallHistoryCoalescer: com.android.dialer.calllog.coalescer.CallHistoryCoalescer.coalesceWithSelection:153 coalesceWithSelection
09-18 12:08:41.721  9520  9545 I DialerRefreshAnnotatedCallLogWorker: com.android.dialer.calllog.refresh.impl.RefreshAnnotatedCallLogWorker.rebuild:241 coalescing conversation history
09-18 12:08:41.721  9520  9545 I DialerConversationHistoryCoalescer: com.android.dialer.calllog.coalescer.ConversationHistoryCoalescer.coalesce:122 coalesce
09-18 12:08:41.721  9520  9545 I DialerCallRecordingDataSource: com.android.dialer.callrecording.impl.calllog.CallRecordingDataSource.onSuccessfulFill:221 enter
09-18 12:08:41.724  9520  9520 D WM-Processor: fgy 965e4945-62b5-490a-b71a-8b9e1c10869f executed; reschedule = true
09-18 12:08:41.724  9520  9520 D WM-SystemJobService: 965e4945-62b5-490a-b71a-8b9e1c10869f executed on JobScheduler
09-18 12:08:41.724  9520  9520 D WM-GreedyScheduler: Stopping tracking for WorkGenerationalId(workSpecId=965e4945-62b5-490a-b71a-8b9e1c10869f, generation=0)
09-18 12:08:41.726  9520 11075 I DialerConversationHistoryCoalescer: com.android.dialer.calllog.coalescer.ConversationHistoryCoalescer.coalesceInternal:161 coalesceInternal
09-18 12:08:41.729  9520 11085 I DialerCallHistoryCoalescer: com.android.dialer.calllog.coalescer.CallHistoryCoalescer.coalesceInternal:188 coalesceInternal
09-18 12:08:41.731  9520  9557 I DialerCallHistoryCoalescer: com.android.dialer.calllog.coalescer.CallHistoryCoalescer.coalesceInternal:188 coalesceInternal
09-18 12:08:41.734  9520 11075 I DialerSystemCallLogDataSource: com.android.dialer.calllog.datasources.systemcalllog.SystemCallLogDataSource.onSuccessfulFillInternal:349 on successful fill with maxTimestampProcessed: null
09-18 12:08:41.735  9520  9545 I DialerCoalescedRowsDao: com.android.dialer.calllog.coalescer.CoalescedRowsDao.saveToFileForAllCallsInConversationHistory:168 saveToFileForAllCallsInConversationHistory
09-18 12:08:41.740  9520  9545 I DialerCoalescedRowsDao: com.android.dialer.calllog.coalescer.CoalescedRowsDao.saveToFileForMissedCalls:144 saveToFileForMissedCalls
09-18 12:08:41.745  9520  9553 I DialerCoalescedRowsDao: com.android.dialer.calllog.coalescer.CoalescedRowsDao.saveToFileForAllCalls:121 saveToFileForAllCalls
09-18 12:08:41.745   686  1130 D BackgroundInstallControlService: Package event received: 0
09-18 12:08:41.746 11191 11191 I .apps.wallpaper: AssetManager2(0x7ff836698318) locale list changing from [] to [en-US]
09-18 12:08:41.746  9520  9557 I DialerCoalescedRowsDao: com.android.dialer.calllog.coalescer.CoalescedRowsDao.save:220 start writing coalesced_rows_for_missed_calls
09-18 12:08:41.748  9520  9553 I DialerCoalescedRowsDao: com.android.dialer.calllog.coalescer.CoalescedRowsDao.saveToFileForAllCallsInConversationHistory:188 Finished saving coalesced rows for conversation history.
09-18 12:08:41.748  9520  9553 I DialerCoalescedRowsUpdatedNotifier: com.android.dialer.calllog.coalescer.CoalescedRowsUpdatedNotifier.notifyForConversationHistory:53 notifyForConversationHistory
09-18 12:08:41.750  9520  9538 I DialerCallerIdFeedbackPhoneLookupContributor: com.android.dialer.calleridfeedback.impl.phonelookup.CallerIdFeedbackPhoneLookupContributor.onSuccessfulBulkUpdate:130 Writing timestampOfLastCallerIdFeedbackLookup : 1758168521366
09-18 12:08:41.750  9520  9557 I DialerCoalescedRowsDao: com.android.dialer.calllog.coalescer.CoalescedRowsDao.save:225 finished writing coalesced_rows_for_missed_calls
09-18 12:08:41.751  9520  9557 I DialerCoalescedRowsDao: com.android.dialer.calllog.coalescer.CoalescedRowsDao.save:220 start writing coalesced_rows_for_all_calls
09-18 12:08:41.751  9520  9557 I DialerCoalescedRowsDao: com.android.dialer.calllog.coalescer.CoalescedRowsDao.save:225 finished writing coalesced_rows_for_all_calls
09-18 12:08:41.754  9520  9553 I DialerRefreshAnnotatedCallLogWorker: com.android.dialer.calllog.refresh.impl.RefreshAnnotatedCallLogWorker.rebuild:251 coalesced row updated
09-18 12:08:41.755  9520  9553 I DialerVvmServiceSchedulerImpl: com.android.dialer.voicemail.service.impl.scheduler.VvmServiceSchedulerImpl.schedule:348 scheduling action: UPDATE_STATUS [CONTEXT enable_persistent_logger=true ]
09-18 12:08:41.758  9520  9538 I DialerSystemCallLogUpdater: com.android.dialer.calllog.refresh.impl.SystemCallLogUpdater.getCallTypeUpdates:190 There are no system call log mutations
09-18 12:08:41.761 11208 11208 D nativeloader: Load libframework-connectivity-tiramisu-jni.so using APEX ns com_android_tethering for caller /apex/com.android.tethering/javalib/framework-connectivity-t.jar: ok
09-18 12:08:41.761  9520  9538 I DialerSystemCallLogUpdater: com.android.dialer.calllog.refresh.impl.SystemCallLogUpdater.updateSystemCallLog:218 updated 0 rows
09-18 12:08:41.764   686  2399 D CompatChangeReporter: Compat change id reported: 311208629; UID 10142; state: ENABLED
09-18 12:08:41.765 11191 11191 E ashmem  : Pinning is deprecated since Android Q. Please use trim or other methods.
09-18 12:08:41.765  9520  9553 I DialerLogcatLoggingBindings: com.android.dialer.logging.logcat.LogcatLoggingBindings.logImpression:47 Impression: ANNOTATED_CALL_LOG_FORCE_REFRESH_NO_CHANGES_NEEDED
09-18 12:08:41.767  9520  9545 I DialerLoggingConsentCheckerImpl: com.google.android.dialershared.logging.consent.impl.LoggingConsentCheckerImpl.getConsent:72 timer stop with success, timer present: false
09-18 12:08:41.769  9520 11054 V ClearcutMetricXmitter: Transmission is done.
09-18 12:08:41.771   686  2399 E JobScheduler.JobStatus: App com.google.android.dialer became active but still in NEVER bucket
09-18 12:08:41.777  9520 11075 D WM-GreedyScheduler: Cancelling work ID 709a5383-9b10-451b-9e3f-464b732a545d
09-18 12:08:41.781  9520 11075 D WM-SystemJobScheduler: Scheduling work ID 560da360-359a-4de1-abe1-b888b0cf079aJob ID 35
09-18 12:08:41.782  9520 11054 V ClearcutMetricXmitter: Transmission is done.
09-18 12:08:41.782  9520  9530 V ClearcutMetricXmitter: Transmission is done.
09-18 12:08:41.785  9520  9530 V ClearcutMetricXmitter: Transmission is done.
09-18 12:08:41.788  9520  9530 V ClearcutMetricXmitter: Transmission is done.
09-18 12:08:41.789 11208 11208 D ApplicationLoaders: Returning zygote-cached class loader: /system_ext/framework/androidx.window.extensions.jar
09-18 12:08:41.789 11208 11208 D ApplicationLoaders: Returning zygote-cached class loader: /system_ext/framework/androidx.window.sidecar.jar
09-18 12:08:41.789  9520  9530 V ClearcutMetricXmitter: Transmission is done.
09-18 12:08:41.789  9520  9530 V ClearcutMetricXmitter: Transmission is done.
09-18 12:08:41.791   686  2319 E JobScheduler.JobStatus: App com.google.android.dialer became active but still in NEVER bucket
09-18 12:08:41.793  9520 11075 D WM-GreedyScheduler: Ignoring {WorkSpec: 3e958165-b701-4b5f-b055-6cf9e3d025a9}. Requires device idle.
09-18 12:08:41.793  9520 11075 D WM-GreedyScheduler: Ignoring {WorkSpec: 52b4db44-f8da-49ad-b615-e490b6fa0fcf}. Requires device idle.
09-18 12:08:41.793  9520 11075 D WM-GreedyScheduler: Ignoring {WorkSpec: 5882b058-221b-444d-90cb-088e45b5743d}. Requires device idle.
09-18 12:08:41.793  9520 11075 D WM-GreedyScheduler: Ignoring {WorkSpec: d1f0d92d-2310-4f19-ada6-98919c845f0f}. Requires device idle.
09-18 12:08:41.793  9520 11075 D WM-GreedyScheduler: Ignoring {WorkSpec: fe340cb4-68b3-430d-ab67-4cf99603fa68}. Requires device idle.
09-18 12:08:41.793  9520 11075 D WM-GreedyScheduler: Ignoring {WorkSpec: bb02dbb3-b013-472c-b1fd-4d404656d495}. Requires device idle.
09-18 12:08:41.793  9520 11075 D WM-GreedyScheduler: Ignoring {WorkSpec: 2276b244-8448-4737-95c5-6fe40b406e0d}. Requires device idle.
09-18 12:08:41.794  9520 11075 D WM-GreedyScheduler: Starting tracking for 75f18468-87c9-45bf-a8c7-a5a31c2d95ac
09-18 12:08:41.796 10972 11081 W DataProcessor: Read 485 relevant events (1969 total) from UsageStatsManager
09-18 12:08:41.796 10972 11081 D BatteryUsageDataLoader: loadAppUsageData() size=485 in 195/ms
09-18 12:08:41.798  9520 11075 D WM-GreedyScheduler: Cancelling work ID 41703b92-1d11-4833-a3ee-0e0b511111fa
09-18 12:08:41.799  9520 11075 D WM-GreedyScheduler: Ignoring {WorkSpec: 3e958165-b701-4b5f-b055-6cf9e3d025a9}. Requires device idle.
09-18 12:08:41.799  9520 11075 D WM-GreedyScheduler: Ignoring {WorkSpec: 52b4db44-f8da-49ad-b615-e490b6fa0fcf}. Requires device idle.
09-18 12:08:41.799  9520 11075 D WM-GreedyScheduler: Ignoring {WorkSpec: 5882b058-221b-444d-90cb-088e45b5743d}. Requires device idle.
09-18 12:08:41.799  9520 11075 D WM-GreedyScheduler: Ignoring {WorkSpec: d1f0d92d-2310-4f19-ada6-98919c845f0f}. Requires device idle.
09-18 12:08:41.799  9520 11075 D WM-GreedyScheduler: Ignoring {WorkSpec: fe340cb4-68b3-430d-ab67-4cf99603fa68}. Requires device idle.
09-18 12:08:41.799  9520 11075 D WM-GreedyScheduler: Ignoring {WorkSpec: bb02dbb3-b013-472c-b1fd-4d404656d495}. Requires device idle.
09-18 12:08:41.799  9520 11075 D WM-GreedyScheduler: Ignoring {WorkSpec: 2276b244-8448-4737-95c5-6fe40b406e0d}. Requires device idle.
09-18 12:08:41.799  9520 11075 D WM-GreedyScheduler: Starting tracking for 75f18468-87c9-45bf-a8c7-a5a31c2d95ac
09-18 12:08:41.801  9520 11075 D WM-GreedyScheduler: Cancelling work ID 7f6720c5-02fd-4fb2-b8f5-a82bec40b362
09-18 12:08:41.803  9520 11075 D WM-GreedyScheduler: Ignoring {WorkSpec: 3e958165-b701-4b5f-b055-6cf9e3d025a9}. Requires device idle.
09-18 12:08:41.803  9520 11075 D WM-GreedyScheduler: Ignoring {WorkSpec: 52b4db44-f8da-49ad-b615-e490b6fa0fcf}. Requires device idle.
09-18 12:08:41.803  9520 11075 D WM-GreedyScheduler: Ignoring {WorkSpec: 5882b058-221b-444d-90cb-088e45b5743d}. Requires device idle.
09-18 12:08:41.803  9520 11075 D WM-GreedyScheduler: Ignoring {WorkSpec: d1f0d92d-2310-4f19-ada6-98919c845f0f}. Requires device idle.
09-18 12:08:41.803  9520 11075 D WM-GreedyScheduler: Ignoring {WorkSpec: fe340cb4-68b3-430d-ab67-4cf99603fa68}. Requires device idle.
09-18 12:08:41.803  9520 11075 D WM-GreedyScheduler: Ignoring {WorkSpec: bb02dbb3-b013-472c-b1fd-4d404656d495}. Requires device idle.
09-18 12:08:41.803  9520 11075 D WM-GreedyScheduler: Ignoring {WorkSpec: 2276b244-8448-4737-95c5-6fe40b406e0d}. Requires device idle.
09-18 12:08:41.804  9520 11075 D WM-GreedyScheduler: Starting tracking for 75f18468-87c9-45bf-a8c7-a5a31c2d95ac
09-18 12:08:41.804  9520  9557 I WM-WorkerWrapper: Worker result SUCCESS for Work [ id=0ae6adc0-21de-4471-a1d3-60c58b7f5427, tags={ com.google.apps.tiktok.contrib.work.TikTokListenableWorker,TikTokWorker#com.android.dialer.callscreen.impl.donation.scotty.CallScreenMetricsWorker } ]
09-18 12:08:41.805 11208 11208 D nativeloader: Configuring clns-shared-9 for other apk /apex/com.android.cellbroadcast/priv-app/GoogleCellBroadcastApp@360526020/GoogleCellBroadcastApp.apk. target_sdk_version=36, uses_libraries=, library_path=/apex/com.android.cellbroadcast/priv-app/GoogleCellBroadcastApp@360526020/lib/x86_64:/system/lib64:/system_ext/lib64, permitted_path=/data:/mnt/expand:/data/user_de/0/com.google.android.cellbroadcastreceiver:/apex/com.android.cellbroadcast/priv-app/GoogleCellBroadcastApp@360526020:/system/lib64:/system_ext/lib64
09-18 12:08:41.807  9520  9520 D WM-Processor: fgy 0ae6adc0-21de-4471-a1d3-60c58b7f5427 executed; reschedule = false
09-18 12:08:41.807 11208 11208 D nativeloader: InitApexLibraries:
09-18 12:08:41.807 11208 11208 D nativeloader:   com_android_adservices: libhpke_jni.so:libtflite_support_classifiers_native.so
09-18 12:08:41.807 11208 11208 D nativeloader:   com_android_appsearch: libicing.so
09-18 12:08:41.807 11208 11208 D nativeloader:   com_android_art: libartservice.so
09-18 12:08:41.807 11208 11208 D nativeloader:   com_android_bt: libbluetooth_jni.so
09-18 12:08:41.807 11208 11208 D nativeloader:   com_android_conscrypt: libjavacrypto.so
09-18 12:08:41.807 11208 11208 D nativeloader:   com_android_mediaprovider: libpdfclient.so
09-18 12:08:41.807 11208 11208 D nativeloader:   com_android_nfcservices: libnfc_nci_jni.so
09-18 12:08:41.807 11208 11208 D nativeloader:   com_android_ondevicepersonalization: libfcp_cpp_dep_jni.so:libfcp_hpke_jni.so
09-18 12:08:41.807 11208 11208 D nativeloader:   com_android_os_statsd: libstats_jni.so
09-18 12:08:41.807 11208 11208 D nativeloader:   com_android_tethering: libandroid_net_connectivity_com_android_net_module_util_jni.so:libframework-connectivity-jni.so:libframework-connectivity-tiramisu-jni.so:libmainlinecronet.133.0.6876.3.so:libservice-connectivity.so:libservice-thread-jni.so:stable_cronet_libcrypto.so:stable_cronet_libssl.so
09-18 12:08:41.807 11208 11208 D nativeloader:   com_android_uwb: libuwb_uci_jni_rust.so
09-18 12:08:41.807 11208 11208 D nativeloader:   com_android_virt: libvirtualizationservice_jni.so:libvirtualmachine_jni.so
09-18 12:08:41.807 11208 11208 D nativeloader:   com_android_wifi: libservice-wifi-jni.so
09-18 12:08:41.808  9520  9557 I WM-WorkerWrapper: Worker result SUCCESS for Work [ id=01bd47b7-7edd-46c1-842c-2f8625c59b1a, tags={ com.google.apps.tiktok.contrib.work.TikTokListenableWorker,com.google.apps.tiktok.sync.impl.workmanager.SyncWorker,TikTokWorker#com.google.apps.tiktok.sync.impl.workmanager.SyncWorker } ]
09-18 12:08:41.810  9520  9520 D WM-Processor: fgy 01bd47b7-7edd-46c1-842c-2f8625c59b1a executed; reschedule = false
09-18 12:08:41.810  9520  9520 D WM-GreedyScheduler: Stopping tracking for WorkGenerationalId(workSpecId=01bd47b7-7edd-46c1-842c-2f8625c59b1a, generation=0)
09-18 12:08:41.811  9520  9557 D WM-Processor: Processor cancelling dd35ad07-24f6-42b1-b777-99178976cbc1
09-18 12:08:41.812  9520  9557 D WM-Processor: WorkerWrapper interrupted for dd35ad07-24f6-42b1-b777-99178976cbc1
09-18 12:08:41.814  9520  9557 D WM-GreedyScheduler: Cancelling work ID dd35ad07-24f6-42b1-b777-99178976cbc1
09-18 12:08:41.902   686  2320 W UriGrantsManagerService: No permission grants found for com.google.android.apps.photos
09-18 12:08:41.903   686  2320 W UriGrantsManagerService: No permission grants found for com.google.android.apps.photos
09-18 12:08:41.905  9520  9557 D WM-SystemJobScheduler: Scheduling work ID 965e4945-62b5-490a-b71a-8b9e1c10869fJob ID 47
09-18 12:08:41.909   686  1464 E JobScheduler.JobStatus: App com.google.android.dialer became active but still in NEVER bucket
09-18 12:08:41.911  9520  9557 D WM-SystemJobScheduler: Scheduling work ID 0ae6adc0-21de-4471-a1d3-60c58b7f5427Job ID 54
09-18 12:08:41.913   686  2319 E JobScheduler.JobStatus: App com.google.android.dialer became active but still in NEVER bucket
09-18 12:08:41.915  9520  9557 D WM-SystemJobScheduler: Scheduling work ID 3f964b59-3a45-42e9-88b1-5634ea54dbe3Job ID 55
09-18 12:08:41.918   686  2320 E JobScheduler.JobStatus: App com.google.android.dialer became active but still in NEVER bucket
09-18 12:08:41.919  9520  9557 D WM-GreedyScheduler: Ignoring {WorkSpec: 3e958165-b701-4b5f-b055-6cf9e3d025a9}. Requires device idle.
09-18 12:08:41.919  9520  9557 D WM-GreedyScheduler: Ignoring {WorkSpec: 52b4db44-f8da-49ad-b615-e490b6fa0fcf}. Requires device idle.
09-18 12:08:41.920  9520  9557 D WM-GreedyScheduler: Ignoring {WorkSpec: 5882b058-221b-444d-90cb-088e45b5743d}. Requires device idle.
09-18 12:08:41.920  9520  9557 D WM-GreedyScheduler: Ignoring {WorkSpec: d1f0d92d-2310-4f19-ada6-98919c845f0f}. Requires device idle.
09-18 12:08:41.920  9520  9557 D WM-GreedyScheduler: Ignoring {WorkSpec: fe340cb4-68b3-430d-ab67-4cf99603fa68}. Requires device idle.
09-18 12:08:41.920  9520  9557 D WM-GreedyScheduler: Ignoring {WorkSpec: bb02dbb3-b013-472c-b1fd-4d404656d495}. Requires device idle.
09-18 12:08:41.920  9520  9557 D WM-GreedyScheduler: Ignoring {WorkSpec: 2276b244-8448-4737-95c5-6fe40b406e0d}. Requires device idle.
09-18 12:08:41.920  9520  9557 D WM-GreedyScheduler: Starting tracking for 75f18468-87c9-45bf-a8c7-a5a31c2d95ac
09-18 12:08:41.921  9520  9557 D WM-Processor: Processor cancelling 75f18468-87c9-45bf-a8c7-a5a31c2d95ac
09-18 12:08:41.921  9520  9557 D WM-Processor: WorkerWrapper could not be found for 75f18468-87c9-45bf-a8c7-a5a31c2d95ac
09-18 12:08:41.923  9520  9557 D WM-GreedyScheduler: Cancelling work ID 75f18468-87c9-45bf-a8c7-a5a31c2d95ac
09-18 12:08:41.926  9520  9557 D WM-SystemJobScheduler: Scheduling work ID c0f9dbfb-dd88-4fe9-aa24-baea3b43d583Job ID 56
09-18 12:08:41.927   686  2319 E JobScheduler.JobStatus: App com.google.android.dialer became active but still in NEVER bucket
09-18 12:08:41.928  9520  9557 D WM-GreedyScheduler: Ignoring {WorkSpec: 3e958165-b701-4b5f-b055-6cf9e3d025a9}. Requires device idle.
09-18 12:08:41.928  9520  9557 D WM-GreedyScheduler: Ignoring {WorkSpec: 52b4db44-f8da-49ad-b615-e490b6fa0fcf}. Requires device idle.
09-18 12:08:41.928  9520  9557 D WM-GreedyScheduler: Ignoring {WorkSpec: 5882b058-221b-444d-90cb-088e45b5743d}. Requires device idle.
09-18 12:08:41.928  9520  9557 D WM-GreedyScheduler: Ignoring {WorkSpec: d1f0d92d-2310-4f19-ada6-98919c845f0f}. Requires device idle.
09-18 12:08:41.928  9520  9557 D WM-GreedyScheduler: Ignoring {WorkSpec: fe340cb4-68b3-430d-ab67-4cf99603fa68}. Requires device idle.
09-18 12:08:41.928  9520  9557 D WM-GreedyScheduler: Ignoring {WorkSpec: bb02dbb3-b013-472c-b1fd-4d404656d495}. Requires device idle.
09-18 12:08:41.928  9520  9557 D WM-GreedyScheduler: Ignoring {WorkSpec: 2276b244-8448-4737-95c5-6fe40b406e0d}. Requires device idle.
09-18 12:08:41.932  9520  9557 D WM-GreedyScheduler: Ignoring {WorkSpec: 3e958165-b701-4b5f-b055-6cf9e3d025a9}. Requires device idle.
09-18 12:08:41.932  9520  9557 D WM-GreedyScheduler: Ignoring {WorkSpec: 52b4db44-f8da-49ad-b615-e490b6fa0fcf}. Requires device idle.
09-18 12:08:41.932  9520  9557 D WM-GreedyScheduler: Ignoring {WorkSpec: 5882b058-221b-444d-90cb-088e45b5743d}. Requires device idle.
09-18 12:08:41.932  9520  9557 D WM-GreedyScheduler: Ignoring {WorkSpec: d1f0d92d-2310-4f19-ada6-98919c845f0f}. Requires device idle.
09-18 12:08:41.932  9520  9557 D WM-GreedyScheduler: Ignoring {WorkSpec: fe340cb4-68b3-430d-ab67-4cf99603fa68}. Requires device idle.
09-18 12:08:41.932  9520  9557 D WM-GreedyScheduler: Ignoring {WorkSpec: bb02dbb3-b013-472c-b1fd-4d404656d495}. Requires device idle.
09-18 12:08:41.932  9520  9557 D WM-GreedyScheduler: Ignoring {WorkSpec: 2276b244-8448-4737-95c5-6fe40b406e0d}. Requires device idle.
09-18 12:08:41.932  9520  9557 I DialerSyncWorkManagerOneTimeScheduler: com.google.apps.tiktok.sync.impl.workmanager.SyncWorkManagerOneTimeScheduler.scheduleNextSyncSystemWakeup:102 Successfully scheduled next onetime workers
09-18 12:08:41.936  9520  9538 D WM-GreedyScheduler: Cancelling work ID 560da360-359a-4de1-abe1-b888b0cf079a
09-18 12:08:41.947  9520  9538 D WM-GreedyScheduler: Ignoring {WorkSpec: 3e958165-b701-4b5f-b055-6cf9e3d025a9}. Requires device idle.
09-18 12:08:41.947  9520  9538 D WM-GreedyScheduler: Ignoring {WorkSpec: 52b4db44-f8da-49ad-b615-e490b6fa0fcf}. Requires device idle.
09-18 12:08:41.948  9520  9538 D WM-GreedyScheduler: Ignoring {WorkSpec: 5882b058-221b-444d-90cb-088e45b5743d}. Requires device idle.
09-18 12:08:41.949  9520  9538 D WM-GreedyScheduler: Ignoring {WorkSpec: d1f0d92d-2310-4f19-ada6-98919c845f0f}. Requires device idle.
09-18 12:08:41.950  9520  9538 D WM-GreedyScheduler: Ignoring {WorkSpec: fe340cb4-68b3-430d-ab67-4cf99603fa68}. Requires device idle.
09-18 12:08:41.950  9520  9538 D WM-GreedyScheduler: Ignoring {WorkSpec: bb02dbb3-b013-472c-b1fd-4d404656d495}. Requires device idle.
09-18 12:08:41.950  9520  9538 D WM-GreedyScheduler: Ignoring {WorkSpec: 2276b244-8448-4737-95c5-6fe40b406e0d}. Requires device idle.
09-18 12:08:41.953  9520  9538 I WM-WorkerWrapper: Work [ id=dd35ad07-24f6-42b1-b777-99178976cbc1, tags={ com.google.apps.tiktok.contrib.work.TikTokListenableWorker,com.google.apps.tiktok.sync.impl.workmanager.SyncWorker,TikTokWorker#com.google.apps.tiktok.sync.impl.workmanager.SyncWorker } ] was cancelled
09-18 12:08:41.953  9520  9538 I WM-WorkerWrapper: fia
09-18 12:08:41.953  9520  9538 I WM-WorkerWrapper: 	at fgy.g(PG:5)
09-18 12:08:41.953  9520  9538 I WM-WorkerWrapper: 	at fcd.o(PG:141)
09-18 12:08:41.953  9520  9538 I WM-WorkerWrapper: 	at af.run(PG:306)
09-18 12:08:41.953  9520  9538 I WM-WorkerWrapper: 	at etq.q(PG:4)
09-18 12:08:41.953  9520  9538 I WM-WorkerWrapper: 	at fcd.p(PG:23)
09-18 12:08:41.953  9520  9538 I WM-WorkerWrapper: 	at fmj.a(PG:387)
09-18 12:08:41.953  9520  9538 I WM-WorkerWrapper: 	at dcf.a(PG:378)
09-18 12:08:41.953  9520  9538 I WM-WorkerWrapper: 	at vn.run(PG:680)
09-18 12:08:41.953  9520  9538 I WM-WorkerWrapper: 	at fmo.run(PG:3)
09-18 12:08:41.953  9520  9538 I WM-WorkerWrapper: 	at umz.run(PG:7)
09-18 12:08:41.953  9520  9538 I WM-WorkerWrapper: 	at aadu.run(PG:44)
09-18 12:08:41.953  9520  9538 I WM-WorkerWrapper: 	at tdt.run(PG:78)
09-18 12:08:41.953  9520  9538 I WM-WorkerWrapper: 	at cp.run(PG:143)
09-18 12:08:41.953  9520  9538 I WM-WorkerWrapper: 	at java.lang.Thread.run(Thread.java:1119)
09-18 12:08:41.953  9520  9538 I WM-WorkerWrapper: 	at uoe.run(PG:61)
09-18 12:08:41.953  9520  9538 D WM-WorkerWrapper: Status for dd35ad07-24f6-42b1-b777-99178976cbc1 is null ; not doing any work
09-18 12:08:41.958  9520  9520 D WM-Processor: fgy dd35ad07-24f6-42b1-b777-99178976cbc1 executed; reschedule = false
09-18 12:08:41.960  9520 11085 D WM-Processor: Processor cancelling 3f964b59-3a45-42e9-88b1-5634ea54dbe3
09-18 12:08:41.960  9520 11085 D WM-Processor: WorkerWrapper could not be found for 3f964b59-3a45-42e9-88b1-5634ea54dbe3
09-18 12:08:41.962   686  2319 W UriGrantsManagerService: No permission grants found for com.google.android.apps.photos
09-18 12:08:41.963   686  2319 W UriGrantsManagerService: No permission grants found for com.google.android.apps.photos
09-18 12:08:41.963  9520 11085 D WM-GreedyScheduler: Cancelling work ID 3f964b59-3a45-42e9-88b1-5634ea54dbe3
09-18 12:08:41.968  9520 11085 D WM-SystemJobScheduler: Scheduling work ID a6bbab64-1df8-4291-bb1d-95ab32b6a23aJob ID 57
09-18 12:08:41.973   686  2320 E JobScheduler.JobStatus: App com.google.android.dialer became active but still in NEVER bucket
09-18 12:08:41.974  9520 11085 D WM-GreedyScheduler: Ignoring {WorkSpec: 3e958165-b701-4b5f-b055-6cf9e3d025a9}. Requires device idle.
09-18 12:08:41.974  9520 11085 D WM-GreedyScheduler: Ignoring {WorkSpec: 52b4db44-f8da-49ad-b615-e490b6fa0fcf}. Requires device idle.
09-18 12:08:41.974  9520 11085 D WM-GreedyScheduler: Ignoring {WorkSpec: 5882b058-221b-444d-90cb-088e45b5743d}. Requires device idle.
09-18 12:08:41.974  9520 11085 D WM-GreedyScheduler: Ignoring {WorkSpec: d1f0d92d-2310-4f19-ada6-98919c845f0f}. Requires device idle.
09-18 12:08:41.974  9520 11085 D WM-GreedyScheduler: Ignoring {WorkSpec: fe340cb4-68b3-430d-ab67-4cf99603fa68}. Requires device idle.
09-18 12:08:41.974  9520 11085 D WM-GreedyScheduler: Ignoring {WorkSpec: bb02dbb3-b013-472c-b1fd-4d404656d495}. Requires device idle.
09-18 12:08:41.974  9520 11085 D WM-GreedyScheduler: Ignoring {WorkSpec: 2276b244-8448-4737-95c5-6fe40b406e0d}. Requires device idle.
09-18 12:08:41.975  9520 11085 D WM-Processor: Processor cancelling c0f9dbfb-dd88-4fe9-aa24-baea3b43d583
09-18 12:08:41.975  9520 11085 D WM-Processor: WorkerWrapper could not be found for c0f9dbfb-dd88-4fe9-aa24-baea3b43d583
09-18 12:08:41.980  9520 11085 D WM-GreedyScheduler: Cancelling work ID c0f9dbfb-dd88-4fe9-aa24-baea3b43d583
09-18 12:08:41.987  9520 11085 D WM-SystemJobScheduler: Scheduling work ID 4dc8b15c-3abf-4845-9e97-b42d6a7d30a5Job ID 58
09-18 12:08:41.990   686  2319 E JobScheduler.JobStatus: App com.google.android.dialer became active but still in NEVER bucket
09-18 12:08:41.991  9520 11085 D WM-GreedyScheduler: Ignoring {WorkSpec: 3e958165-b701-4b5f-b055-6cf9e3d025a9}. Requires device idle.
09-18 12:08:41.992   686  2319 W UriGrantsManagerService: No permission grants found for com.google.android.apps.photos
09-18 12:08:41.992  9520 11085 D WM-GreedyScheduler: Ignoring {WorkSpec: 52b4db44-f8da-49ad-b615-e490b6fa0fcf}. Requires device idle.
09-18 12:08:41.992  9520 11085 D WM-GreedyScheduler: Ignoring {WorkSpec: 5882b058-221b-444d-90cb-088e45b5743d}. Requires device idle.
09-18 12:08:41.992  9520 11085 D WM-GreedyScheduler: Ignoring {WorkSpec: d1f0d92d-2310-4f19-ada6-98919c845f0f}. Requires device idle.
09-18 12:08:41.992  9520 11085 D WM-GreedyScheduler: Ignoring {WorkSpec: fe340cb4-68b3-430d-ab67-4cf99603fa68}. Requires device idle.
09-18 12:08:41.992  9520 11085 D WM-GreedyScheduler: Ignoring {WorkSpec: bb02dbb3-b013-472c-b1fd-4d404656d495}. Requires device idle.
09-18 12:08:41.992  9520 11085 D WM-GreedyScheduler: Ignoring {WorkSpec: 2276b244-8448-4737-95c5-6fe40b406e0d}. Requires device idle.
09-18 12:08:41.994  9520  9538 D WM-Processor: Processor cancelling a6bbab64-1df8-4291-bb1d-95ab32b6a23a
09-18 12:08:41.994  9520  9538 D WM-Processor: WorkerWrapper could not be found for a6bbab64-1df8-4291-bb1d-95ab32b6a23a
09-18 12:08:41.996  9520  9538 D WM-GreedyScheduler: Cancelling work ID a6bbab64-1df8-4291-bb1d-95ab32b6a23a
09-18 12:08:41.998   686  2319 W UriGrantsManagerService: No permission grants found for com.google.android.apps.photos
09-18 12:08:42.000  9520  9538 D WM-SystemJobScheduler: Scheduling work ID a8f38032-51c2-4008-9640-196254571bc5Job ID 59
09-18 12:08:42.004   686  2319 E JobScheduler.JobStatus: App com.google.android.dialer became active but still in NEVER bucket
09-18 12:08:42.010  9520  9538 D WM-GreedyScheduler: Ignoring {WorkSpec: 3e958165-b701-4b5f-b055-6cf9e3d025a9}. Requires device idle.
09-18 12:08:42.010  9520  9538 D WM-GreedyScheduler: Ignoring {WorkSpec: 52b4db44-f8da-49ad-b615-e490b6fa0fcf}. Requires device idle.
09-18 12:08:42.010  9520  9538 D WM-GreedyScheduler: Ignoring {WorkSpec: 5882b058-221b-444d-90cb-088e45b5743d}. Requires device idle.
09-18 12:08:42.010  9520  9538 D WM-GreedyScheduler: Ignoring {WorkSpec: d1f0d92d-2310-4f19-ada6-98919c845f0f}. Requires device idle.
09-18 12:08:42.010  9520  9538 D WM-GreedyScheduler: Ignoring {WorkSpec: fe340cb4-68b3-430d-ab67-4cf99603fa68}. Requires device idle.
09-18 12:08:42.010  9520  9538 D WM-GreedyScheduler: Ignoring {WorkSpec: bb02dbb3-b013-472c-b1fd-4d404656d495}. Requires device idle.
09-18 12:08:42.010  9520  9538 D WM-GreedyScheduler: Ignoring {WorkSpec: 2276b244-8448-4737-95c5-6fe40b406e0d}. Requires device idle.
09-18 12:08:42.014  9520  9538 I DialerSyncWorkManagerOneTimeScheduler: com.google.apps.tiktok.sync.impl.workmanager.SyncWorkManagerOneTimeScheduler.scheduleNextSyncSystemWakeup:102 Successfully scheduled next onetime workers
09-18 12:08:42.019  9520  9557 D WM-GreedyScheduler: Cancelling work ID 965e4945-62b5-490a-b71a-8b9e1c10869f
09-18 12:08:42.020  9520  9557 D WM-GreedyScheduler: Ignoring {WorkSpec: 3e958165-b701-4b5f-b055-6cf9e3d025a9}. Requires device idle.
09-18 12:08:42.020  9520  9557 D WM-GreedyScheduler: Ignoring {WorkSpec: 52b4db44-f8da-49ad-b615-e490b6fa0fcf}. Requires device idle.
09-18 12:08:42.020  9520  9557 D WM-GreedyScheduler: Ignoring {WorkSpec: 5882b058-221b-444d-90cb-088e45b5743d}. Requires device idle.
09-18 12:08:42.020  9520  9557 D WM-GreedyScheduler: Ignoring {WorkSpec: d1f0d92d-2310-4f19-ada6-98919c845f0f}. Requires device idle.
09-18 12:08:42.020  9520  9557 D WM-GreedyScheduler: Ignoring {WorkSpec: fe340cb4-68b3-430d-ab67-4cf99603fa68}. Requires device idle.
09-18 12:08:42.020  9520  9557 D WM-GreedyScheduler: Ignoring {WorkSpec: bb02dbb3-b013-472c-b1fd-4d404656d495}. Requires device idle.
09-18 12:08:42.020  9520  9557 D WM-GreedyScheduler: Ignoring {WorkSpec: 2276b244-8448-4737-95c5-6fe40b406e0d}. Requires device idle.
09-18 12:08:42.021 11208 11208 I oadcastreceiver: AssetManager2(0x7ff83669ddb8) locale list changing from [] to [en-US]
09-18 12:08:42.026 11208 11208 V GraphicsEnvironment: Currently set values for:
09-18 12:08:42.026 11208 11208 V GraphicsEnvironment:   angle_gl_driver_selection_pkgs=[]
09-18 12:08:42.026 11208 11208 V GraphicsEnvironment:   angle_gl_driver_selection_values=[]
09-18 12:08:42.026 11208 11208 V GraphicsEnvironment: com.google.android.cellbroadcastreceiver is not listed in per-application setting
09-18 12:08:42.026 11208 11208 V GraphicsEnvironment: ANGLE allowlist from config: 
09-18 12:08:42.026 11208 11208 V GraphicsEnvironment: com.google.android.cellbroadcastreceiver is not listed in ANGLE allowlist or settings, returning default
09-18 12:08:42.026 11208 11208 V GraphicsEnvironment: Neither updatable production driver nor prerelease driver is supported.
09-18 12:08:42.028  9520  9545 I DialerSingletonScopedExternalsLogging: com.google.android.dialershared.externals.logging.SingletonScopedExternalsLogging.recordCallMethodInvocation:75 event: TIKTOK_WORK_MANAGER_ENQUEUE, function parameters: [0], return value: b50973a8-9bb8-411c-926a-603e6ed772ad
09-18 12:08:42.047  9520 11085 D WM-GreedyScheduler: Cancelling work ID 0ae6adc0-21de-4471-a1d3-60c58b7f5427
09-18 12:08:42.050 11208 11224 E ashmem  : Pinning is deprecated since Android Q. Please use trim or other methods.
09-18 12:08:42.068  9520 11085 D WM-GreedyScheduler: Ignoring {WorkSpec: 3e958165-b701-4b5f-b055-6cf9e3d025a9}. Requires device idle.
09-18 12:08:42.068  9520 11085 D WM-GreedyScheduler: Ignoring {WorkSpec: 52b4db44-f8da-49ad-b615-e490b6fa0fcf}. Requires device idle.
09-18 12:08:42.068  9520 11085 D WM-GreedyScheduler: Ignoring {WorkSpec: 5882b058-221b-444d-90cb-088e45b5743d}. Requires device idle.
09-18 12:08:42.068  9520 11085 D WM-GreedyScheduler: Ignoring {WorkSpec: d1f0d92d-2310-4f19-ada6-98919c845f0f}. Requires device idle.
09-18 12:08:42.068  9520 11085 D WM-GreedyScheduler: Ignoring {WorkSpec: fe340cb4-68b3-430d-ab67-4cf99603fa68}. Requires device idle.
09-18 12:08:42.069  9520 11085 D WM-GreedyScheduler: Ignoring {WorkSpec: bb02dbb3-b013-472c-b1fd-4d404656d495}. Requires device idle.
09-18 12:08:42.069  9520 11085 D WM-GreedyScheduler: Ignoring {WorkSpec: 2276b244-8448-4737-95c5-6fe40b406e0d}. Requires device idle.
09-18 12:08:42.071 11208 11208 D CellBroadcastReceiver: onReceive Intent { act=android.intent.action.SERVICE_STATE flg=0x1000010 xflg=0x4 cmp=com.google.android.cellbroadcastreceiver/com.android.cellbroadcastreceiver.CellBroadcastReceiver (has extras) }
09-18 12:08:42.074  9520  9557 D WM-GreedyScheduler: Cancelling work ID 01bd47b7-7edd-46c1-842c-2f8625c59b1a
09-18 12:08:42.080 11208 11208 I oadcastreceiver: AssetManager2(0x7ff836692878) locale list changing from [] to [en-US]
09-18 12:08:42.080 11208 11208 D CellBroadcastReceiver: onServiceStateChanged, ss: 0
09-18 12:08:42.081 11208 11208 D CellBroadcastReceiver: networkOperator: 310260
09-18 12:08:42.083  9520  9557 D WM-GreedyScheduler: Ignoring {WorkSpec: 3e958165-b701-4b5f-b055-6cf9e3d025a9}. Requires device idle.
09-18 12:08:42.083  9520  9557 D WM-GreedyScheduler: Ignoring {WorkSpec: 52b4db44-f8da-49ad-b615-e490b6fa0fcf}. Requires device idle.
09-18 12:08:42.083  9520  9557 D WM-GreedyScheduler: Ignoring {WorkSpec: 5882b058-221b-444d-90cb-088e45b5743d}. Requires device idle.
09-18 12:08:42.083  9520  9557 D WM-GreedyScheduler: Ignoring {WorkSpec: d1f0d92d-2310-4f19-ada6-98919c845f0f}. Requires device idle.
09-18 12:08:42.083  9520  9557 D WM-GreedyScheduler: Ignoring {WorkSpec: fe340cb4-68b3-430d-ab67-4cf99603fa68}. Requires device idle.
09-18 12:08:42.083  9520  9557 D WM-GreedyScheduler: Ignoring {WorkSpec: bb02dbb3-b013-472c-b1fd-4d404656d495}. Requires device idle.
09-18 12:08:42.083  9520  9557 D WM-GreedyScheduler: Ignoring {WorkSpec: 2276b244-8448-4737-95c5-6fe40b406e0d}. Requires device idle.
09-18 12:08:42.084  9520  9557 D WM-NetworkStateTracker: Unregistering network callback
09-18 12:08:42.085  9520  9557 D WM-StopWorkRunnable: StopWorkRunnable for dd35ad07-24f6-42b1-b777-99178976cbc1; Processor.stopWork = false
09-18 12:08:42.085  9520  9557 D WM-GreedyScheduler: Cancelling work ID dd35ad07-24f6-42b1-b777-99178976cbc1
09-18 12:08:42.087  9520  9557 D WM-GreedyScheduler: Ignoring {WorkSpec: 3e958165-b701-4b5f-b055-6cf9e3d025a9}. Requires device idle.
09-18 12:08:42.087  9520  9557 D WM-GreedyScheduler: Ignoring {WorkSpec: 52b4db44-f8da-49ad-b615-e490b6fa0fcf}. Requires device idle.
09-18 12:08:42.087  9520  9557 D WM-GreedyScheduler: Ignoring {WorkSpec: 5882b058-221b-444d-90cb-088e45b5743d}. Requires device idle.
09-18 12:08:42.087  9520  9557 D WM-GreedyScheduler: Ignoring {WorkSpec: d1f0d92d-2310-4f19-ada6-98919c845f0f}. Requires device idle.
09-18 12:08:42.087  9520  9557 D WM-GreedyScheduler: Ignoring {WorkSpec: fe340cb4-68b3-430d-ab67-4cf99603fa68}. Requires device idle.
09-18 12:08:42.087  9520  9557 D WM-GreedyScheduler: Ignoring {WorkSpec: bb02dbb3-b013-472c-b1fd-4d404656d495}. Requires device idle.
09-18 12:08:42.087  9520  9557 D WM-GreedyScheduler: Ignoring {WorkSpec: 2276b244-8448-4737-95c5-6fe40b406e0d}. Requires device idle.
09-18 12:08:42.087  9520  9545 I DialerVvmServiceSchedulerImpl: com.android.dialer.voicemail.service.impl.scheduler.VvmServiceSchedulerImpl.schedule:348 scheduling action: ACTIVATE [CONTEXT enable_persistent_logger=true ]
09-18 12:08:42.088 11208 11208 D CellBroadcastReceiver: update supported roaming operator as 
09-18 12:08:42.089  9520  9545 I DialerVoicemailStatusDataServiceImpl: com.android.dialer.voicemailstatus.dataservice.impl.VoicemailStatusDataServiceImpl.insertOrUpdateVoicemailStatus:247 enter
09-18 12:08:42.092  9520  9538 I DialerVoicemailStatusDataMigration: com.android.dialer.voicemailstatus.dataservice.impl.VoicemailStatusDataMigration.migrate:67 enter
09-18 12:08:42.103  9520  9545 I DialerVoicemailStatusDataMigration: com.android.dialer.voicemailstatus.dataservice.impl.VoicemailStatusDataMigration.migrate:81 no package status to migrate
09-18 12:08:42.107  9520 11075 I DialerVoicemailStatusDataMigration: com.android.dialer.voicemailstatus.dataservice.impl.VoicemailStatusDataMigration.cleanup:93 enter
09-18 12:08:42.108  9520 11075 I DialerSingletonScopedExternalsLogging: com.google.android.dialershared.externals.logging.SingletonScopedExternalsLogging.recordCallMethodInvocation:75 event: CONTENT_RESOLVER_DELETE, function parameters: [com.android.voicemail,content://com.android.voicemail/status,(source_package = ?)], return value: <empty>
09-18 12:08:42.112  9520 11075 I DialerSingletonScopedExternalsLogging: com.google.android.dialershared.externals.logging.SingletonScopedExternalsLogging.recordCallMethodInvocation:75 event: CONTENT_RESOLVER_DELETE, function parameters: [com.android.voicemail,content://com.android.voicemail/status,(source_package = ?)], return value: 0
09-18 12:08:42.206 10972 11081 D DatabaseUtils: insert() app usage events data into database
09-18 12:08:42.206 10972 11081 D DatabaseUtils: sendAppUsageEventData() size=485 in 410/ms
