2025-09-20 10:58:01.851 20714-20714 HomeViewModel           com.offtime.app.gplay                D  计算完成昨日详细数据: 线上9194s, 线下0s, 目标14400s, 完成true
2025-09-20 10:58:01.851 20714-20714 HomeViewModel           com.offtime.app.gplay                D  使用昨日详细数据的奖励文本: Chips 2 packs
2025-09-20 10:58:01.852 20714-20714 HomeViewModel           com.offtime.app.gplay                D  从昨日详细数据提取奖励数量: Chips 2 packs -> 2
2025-09-20 10:58:01.852 20714-20714 HomeViewModel           com.offtime.app.gplay                D  显示奖励完成度对话框: Chips 2 packs, 从昨日详细数据计算数量: 2
2025-09-20 10:58:01.862 20714-20714 PieChartWi...Refactored com.offtime.app.gplay                D  === 昨日奖罚状态调试 ===
2025-09-20 10:58:01.862 20714-20714 PieChartWi...Refactored com.offtime.app.gplay                D  yesterdayHasData: true
2025-09-20 10:58:01.862 20714-20714 PieChartWi...Refactored com.offtime.app.gplay                D  yesterdayGoalMet: true
2025-09-20 10:58:01.862 20714-20714 PieChartWi...Refactored com.offtime.app.gplay                D  isRewardPunishmentEnabled: true
2025-09-20 10:58:01.862 20714-20714 PieChartWi...Refactored com.offtime.app.gplay                D  rewardText: 'Chips 2 packs'
2025-09-20 10:58:01.862 20714-20714 PieChartWi...Refactored com.offtime.app.gplay                D  punishText: '俯卧撑'
2025-09-20 10:58:01.862 20714-20714 PieChartWi...Refactored com.offtime.app.gplay                D  yesterdayData: 0
2025-09-20 10:58:01.889 20714-20714 DeviceDetection         com.offtime.app.gplay                D  === 详细设备信息 ===
2025-09-20 10:58:01.889 20714-20714 DeviceDetection         com.offtime.app.gplay                D  型号(MODEL): sdk_gphone64_x86_64
2025-09-20 10:58:01.889 20714-20714 DeviceDetection         com.offtime.app.gplay                D  制造商(MANUFACTURER): Google
2025-09-20 10:58:01.889 20714-20714 DeviceDetection         com.offtime.app.gplay                D  设备(DEVICE): emu64xa
2025-09-20 10:58:01.889 20714-20714 DeviceDetection         com.offtime.app.gplay                D  产品(PRODUCT): sdk_gphone64_x86_64
2025-09-20 10:58:01.889 20714-20714 DeviceDetection         com.offtime.app.gplay                D  是否为Pixel 4: false
2025-09-20 10:58:01.889 20714-20714 DeviceDetection         com.offtime.app.gplay                D  是否为Pixel 9 Pro: false
2025-09-20 10:58:01.889 20714-20714 DeviceDetection         com.offtime.app.gplay                D  是否为模拟器Pixel: true
2025-09-20 10:58:01.889 20714-20714 DeviceDetection         com.offtime.app.gplay                D  最终判定为问题设备: true
2025-09-20 10:58:01.889 20714-20714 SimpleScaling           com.offtime.app.gplay                D  设备型号: sdk_gphone64_x86_64
2025-09-20 10:58:01.889 20714-20714 SimpleScaling           com.offtime.app.gplay                D  屏幕尺寸: 411.0x923.0dp
2025-09-20 10:58:01.889 20714-20714 SimpleScaling           com.offtime.app.gplay                D  简化缩放因子: 1.0275
2025-09-20 10:58:01.889 20714-20714 DeviceDetection         com.offtime.app.gplay                D  === 详细设备信息 ===
2025-09-20 10:58:01.889 20714-20714 DeviceDetection         com.offtime.app.gplay                D  型号(MODEL): sdk_gphone64_x86_64
2025-09-20 10:58:01.889 20714-20714 DeviceDetection         com.offtime.app.gplay                D  制造商(MANUFACTURER): Google
2025-09-20 10:58:01.889 20714-20714 DeviceDetection         com.offtime.app.gplay                D  设备(DEVICE): emu64xa
2025-09-20 10:58:01.889 20714-20714 DeviceDetection         com.offtime.app.gplay                D  产品(PRODUCT): sdk_gphone64_x86_64
2025-09-20 10:58:01.889 20714-20714 DeviceDetection         com.offtime.app.gplay                D  是否为Pixel 4: false
2025-09-20 10:58:01.889 20714-20714 DeviceDetection         com.offtime.app.gplay                D  是否为Pixel 9 Pro: false
2025-09-20 10:58:01.889 20714-20714 DeviceDetection         com.offtime.app.gplay                D  是否为模拟器Pixel: true
2025-09-20 10:58:01.889 20714-20714 DeviceDetection         com.offtime.app.gplay                D  最终判定为问题设备: true
2025-09-20 10:58:01.889 20714-20714 SimpleScaling           com.offtime.app.gplay                D  设备型号: sdk_gphone64_x86_64
2025-09-20 10:58:01.889 20714-20714 SimpleScaling           com.offtime.app.gplay                D  屏幕尺寸: 411.0x923.0dp
2025-09-20 10:58:01.889 20714-20714 SimpleScaling           com.offtime.app.gplay                D  简化缩放因子: 1.0275
2025-09-20 10:58:01.890 20714-20714 DeviceDetection         com.offtime.app.gplay                D  === 详细设备信息 ===
2025-09-20 10:58:01.890 20714-20714 DeviceDetection         com.offtime.app.gplay                D  型号(MODEL): sdk_gphone64_x86_64
2025-09-20 10:58:01.890 20714-20714 DeviceDetection         com.offtime.app.gplay                D  制造商(MANUFACTURER): Google
2025-09-20 10:58:01.890 20714-20714 DeviceDetection         com.offtime.app.gplay                D  设备(DEVICE): emu64xa
2025-09-20 10:58:01.890 20714-20714 DeviceDetection         com.offtime.app.gplay                D  产品(PRODUCT): sdk_gphone64_x86_64
2025-09-20 10:58:01.890 20714-20714 DeviceDetection         com.offtime.app.gplay                D  是否为Pixel 4: false
2025-09-20 10:58:01.890 20714-20714 DeviceDetection         com.offtime.app.gplay                D  是否为Pixel 9 Pro: false
2025-09-20 10:58:01.890 20714-20714 DeviceDetection         com.offtime.app.gplay                D  是否为模拟器Pixel: true
2025-09-20 10:58:01.890 20714-20714 DeviceDetection         com.offtime.app.gplay                D  最终判定为问题设备: true
2025-09-20 10:58:01.890 20714-20714 SimpleScaling           com.offtime.app.gplay                D  设备型号: sdk_gphone64_x86_64
2025-09-20 10:58:01.890 20714-20714 SimpleScaling           com.offtime.app.gplay                D  屏幕尺寸: 411.0x923.0dp
2025-09-20 10:58:01.890 20714-20714 SimpleScaling           com.offtime.app.gplay                D  简化缩放因子: 1.0275
2025-09-20 10:58:01.890 20714-20714 DeviceDetection         com.offtime.app.gplay                D  === 详细设备信息 ===
2025-09-20 10:58:01.890 20714-20714 DeviceDetection         com.offtime.app.gplay                D  型号(MODEL): sdk_gphone64_x86_64
2025-09-20 10:58:01.890 20714-20714 DeviceDetection         com.offtime.app.gplay                D  制造商(MANUFACTURER): Google
2025-09-20 10:58:01.890 20714-20714 DeviceDetection         com.offtime.app.gplay                D  设备(DEVICE): emu64xa
2025-09-20 10:58:01.890 20714-20714 DeviceDetection         com.offtime.app.gplay                D  产品(PRODUCT): sdk_gphone64_x86_64
2025-09-20 10:58:01.890 20714-20714 DeviceDetection         com.offtime.app.gplay                D  是否为Pixel 4: false
2025-09-20 10:58:01.890 20714-20714 DeviceDetection         com.offtime.app.gplay                D  是否为Pixel 9 Pro: false
2025-09-20 10:58:01.890 20714-20714 DeviceDetection         com.offtime.app.gplay                D  是否为模拟器Pixel: true
2025-09-20 10:58:01.890 20714-20714 DeviceDetection         com.offtime.app.gplay                D  最终判定为问题设备: true
2025-09-20 10:58:01.890 20714-20714 SimpleScaling           com.offtime.app.gplay                D  设备型号: sdk_gphone64_x86_64
2025-09-20 10:58:01.890 20714-20714 SimpleScaling           com.offtime.app.gplay                D  屏幕尺寸: 411.0x923.0dp
2025-09-20 10:58:01.890 20714-20714 SimpleScaling           com.offtime.app.gplay                D  简化缩放因子: 1.0275
2025-09-20 10:58:01.890 20714-20714 DeviceDetection         com.offtime.app.gplay                D  === 详细设备信息 ===
2025-09-20 10:58:01.890 20714-20714 DeviceDetection         com.offtime.app.gplay                D  型号(MODEL): sdk_gphone64_x86_64
2025-09-20 10:58:01.890 20714-20714 DeviceDetection         com.offtime.app.gplay                D  制造商(MANUFACTURER): Google
2025-09-20 10:58:01.890 20714-20714 DeviceDetection         com.offtime.app.gplay                D  设备(DEVICE): emu64xa
2025-09-20 10:58:01.890 20714-20714 DeviceDetection         com.offtime.app.gplay                D  产品(PRODUCT): sdk_gphone64_x86_64
2025-09-20 10:58:01.890 20714-20714 DeviceDetection         com.offtime.app.gplay                D  是否为Pixel 4: false
2025-09-20 10:58:01.890 20714-20714 DeviceDetection         com.offtime.app.gplay                D  是否为Pixel 9 Pro: false
2025-09-20 10:58:01.890 20714-20714 DeviceDetection         com.offtime.app.gplay                D  是否为模拟器Pixel: true
2025-09-20 10:58:01.891 20714-20714 DeviceDetection         com.offtime.app.gplay                D  最终判定为问题设备: true
2025-09-20 10:58:01.891 20714-20714 SimpleScaling           com.offtime.app.gplay                D  设备型号: sdk_gphone64_x86_64
2025-09-20 10:58:01.891 20714-20714 SimpleScaling           com.offtime.app.gplay                D  屏幕尺寸: 411.0x923.0dp
2025-09-20 10:58:01.891 20714-20714 SimpleScaling           com.offtime.app.gplay                D  简化缩放因子: 1.0275
2025-09-20 10:58:01.891 20714-20714 ParseRewardPunishment   com.offtime.app.gplay                D  解析文本: 'Chips 2 packs'
2025-09-20 10:58:01.891 20714-20714 ParseRewardPunishment   com.offtime.app.gplay                D  解析结果: content='Chips', quantity='2 packs'
2025-09-20 10:58:01.892 20714-20714 DeviceDetection         com.offtime.app.gplay                D  === 详细设备信息 ===
2025-09-20 10:58:01.892 20714-20714 DeviceDetection         com.offtime.app.gplay                D  型号(MODEL): sdk_gphone64_x86_64
2025-09-20 10:58:01.892 20714-20714 DeviceDetection         com.offtime.app.gplay                D  制造商(MANUFACTURER): Google
2025-09-20 10:58:01.892 20714-20714 DeviceDetection         com.offtime.app.gplay                D  设备(DEVICE): emu64xa
2025-09-20 10:58:01.892 20714-20714 DeviceDetection         com.offtime.app.gplay                D  产品(PRODUCT): sdk_gphone64_x86_64
2025-09-20 10:58:01.892 20714-20714 DeviceDetection         com.offtime.app.gplay                D  是否为Pixel 4: false
2025-09-20 10:58:01.892 20714-20714 DeviceDetection         com.offtime.app.gplay                D  是否为Pixel 9 Pro: false
2025-09-20 10:58:01.892 20714-20714 DeviceDetection         com.offtime.app.gplay                D  是否为模拟器Pixel: true
2025-09-20 10:58:01.892 20714-20714 DeviceDetection         com.offtime.app.gplay                D  最终判定为问题设备: true
2025-09-20 10:58:01.892 20714-20714 SimpleScaling           com.offtime.app.gplay                D  设备型号: sdk_gphone64_x86_64
2025-09-20 10:58:01.892 20714-20714 SimpleScaling           com.offtime.app.gplay                D  屏幕尺寸: 411.0x923.0dp
2025-09-20 10:58:01.892 20714-20714 SimpleScaling           com.offtime.app.gplay                D  简化缩放因子: 1.0275
2025-09-20 10:58:01.893 20714-20714 DeviceDetection         com.offtime.app.gplay                D  === 详细设备信息 ===
2025-09-20 10:58:01.893 20714-20714 DeviceDetection         com.offtime.app.gplay                D  型号(MODEL): sdk_gphone64_x86_64
2025-09-20 10:58:01.893 20714-20714 DeviceDetection         com.offtime.app.gplay                D  制造商(MANUFACTURER): Google
2025-09-20 10:58:01.893 20714-20714 DeviceDetection         com.offtime.app.gplay                D  设备(DEVICE): emu64xa
2025-09-20 10:58:01.893 20714-20714 DeviceDetection         com.offtime.app.gplay                D  产品(PRODUCT): sdk_gphone64_x86_64
2025-09-20 10:58:01.893 20714-20714 DeviceDetection         com.offtime.app.gplay                D  是否为Pixel 4: false
2025-09-20 10:58:01.893 20714-20714 DeviceDetection         com.offtime.app.gplay                D  是否为Pixel 9 Pro: false
2025-09-20 10:58:01.893 20714-20714 DeviceDetection         com.offtime.app.gplay                D  是否为模拟器Pixel: true
2025-09-20 10:58:01.893 20714-20714 DeviceDetection         com.offtime.app.gplay                D  最终判定为问题设备: true
2025-09-20 10:58:01.893 20714-20714 SimpleScaling           com.offtime.app.gplay                D  设备型号: sdk_gphone64_x86_64
2025-09-20 10:58:01.893 20714-20714 SimpleScaling           com.offtime.app.gplay                D  屏幕尺寸: 411.0x923.0dp
2025-09-20 10:58:01.893 20714-20714 SimpleScaling           com.offtime.app.gplay                D  简化缩放因子: 1.0275
2025-09-20 10:58:01.893 20714-20714 DeviceDetection         com.offtime.app.gplay                D  === 详细设备信息 ===
2025-09-20 10:58:01.893 20714-20714 DeviceDetection         com.offtime.app.gplay                D  型号(MODEL): sdk_gphone64_x86_64
2025-09-20 10:58:01.893 20714-20714 DeviceDetection         com.offtime.app.gplay                D  制造商(MANUFACTURER): Google
2025-09-20 10:58:01.893 20714-20714 DeviceDetection         com.offtime.app.gplay                D  设备(DEVICE): emu64xa
2025-09-20 10:58:01.893 20714-20714 DeviceDetection         com.offtime.app.gplay                D  产品(PRODUCT): sdk_gphone64_x86_64
2025-09-20 10:58:01.893 20714-20714 DeviceDetection         com.offtime.app.gplay                D  是否为Pixel 4: false
2025-09-20 10:58:01.893 20714-20714 DeviceDetection         com.offtime.app.gplay                D  是否为Pixel 9 Pro: false
2025-09-20 10:58:01.893 20714-20714 DeviceDetection         com.offtime.app.gplay                D  是否为模拟器Pixel: true
2025-09-20 10:58:01.893 20714-20714 DeviceDetection         com.offtime.app.gplay                D  最终判定为问题设备: true
2025-09-20 10:58:01.893 20714-20714 SimpleScaling           com.offtime.app.gplay                D  设备型号: sdk_gphone64_x86_64
2025-09-20 10:58:01.893 20714-20714 SimpleScaling           com.offtime.app.gplay                D  屏幕尺寸: 411.0x923.0dp
2025-09-20 10:58:01.893 20714-20714 SimpleScaling           com.offtime.app.gplay                D  简化缩放因子: 1.0275
2025-09-20 10:58:01.893 20714-20714 DeviceDetection         com.offtime.app.gplay                D  === 详细设备信息 ===
2025-09-20 10:58:01.893 20714-20714 DeviceDetection         com.offtime.app.gplay                D  型号(MODEL): sdk_gphone64_x86_64
2025-09-20 10:58:01.893 20714-20714 DeviceDetection         com.offtime.app.gplay                D  制造商(MANUFACTURER): Google
2025-09-20 10:58:01.893 20714-20714 DeviceDetection         com.offtime.app.gplay                D  设备(DEVICE): emu64xa
2025-09-20 10:58:01.893 20714-20714 DeviceDetection         com.offtime.app.gplay                D  产品(PRODUCT): sdk_gphone64_x86_64
2025-09-20 10:58:01.893 20714-20714 DeviceDetection         com.offtime.app.gplay                D  是否为Pixel 4: false
2025-09-20 10:58:01.893 20714-20714 DeviceDetection         com.offtime.app.gplay                D  是否为Pixel 9 Pro: false
2025-09-20 10:58:01.893 20714-20714 DeviceDetection         com.offtime.app.gplay                D  是否为模拟器Pixel: true
2025-09-20 10:58:01.893 20714-20714 DeviceDetection         com.offtime.app.gplay                D  最终判定为问题设备: true
2025-09-20 10:58:01.893 20714-20714 SimpleScaling           com.offtime.app.gplay                D  设备型号: sdk_gphone64_x86_64
2025-09-20 10:58:01.893 20714-20714 SimpleScaling           com.offtime.app.gplay                D  屏幕尺寸: 411.0x923.0dp
2025-09-20 10:58:01.893 20714-20714 SimpleScaling           com.offtime.app.gplay                D  简化缩放因子: 1.0275
2025-09-20 10:58:01.896 20714-20714 WindowOnBackDispatcher  com.offtime.app.gplay                W  OnBackInvokedCallback is not enabled for the application.
                                                                                                    Set 'android:enableOnBackInvokedCallback="true"' in the application manifest.
2025-09-20 10:58:01.905 20714-20714 PieChart                com.offtime.app.gplay                D  Canvas绘制: center=Offset(242.5, 242.5), radius=194.0
2025-09-20 10:58:01.913   686-2497  CoreBackPreview         system_server                        D  Window{caa7f0 u0 com.offtime.app.gplay/com.offtime.app.MainActivity}: Setting back callback OnBackInvokedCallbackInfo{mCallback=android.window.IOnBackInvokedCallback$Stub$Proxy@88f04fa, mPriority=0, mIsAnimationCallback=false, mOverrideBehavior=0}
2025-09-20 10:58:01.943 10157-20652 NearbyMediums           com.google.android.gms.persistent    I  Found Fast Ble Advertisements :
                                                                                                    BleAdvertisement { version=2, socketVersion=2, isFast=true, serviceIdHash=null, data=[ 0x23 0x41 0x52 0x59 0x43 0x11 0x32 0x64 0x1a 0xff 0x56 0xd1 0x2d 0xfa 0x08 0x51 0x90 0x7f 0x48 0x60 0x38 0xba 0x02 ], deviceToken=[ 0xaf 0x98 ], rxAdvertisement=[ 0xa0 0x17 0x02 0x69 0x6e 0x5d 0x7e 0xd3 0x5f 0xe6 0x31 0xa7 0x75 0x41 0x49 0x8d 0xa3 0xc7 0xfb 0x85 0xe4 0x2a 0xdc 0x3f 0x2a 0x9e 0x56 0xd5 0x79 0xe4 0x5a 0x45 0x5c 0x63 0x84 0x15 0x05 0x7f 0x00 0x00 0x84 0x15 0x06 0x00 0x00 0x00 0x84 0x15 0x04 0x7f 0x00 0x00 0x83 0x15 0x01 0x09 0x8f ] } : 80 times.
                                                                                                    Total 80 fast advertisements from 1 unique advertisers.
2025-09-20 10:58:02.179   686-864   ImeTracker              system_server                        I  system_server:2431e721: setFinished at PHASE_WM_GET_CONTROL_WITH_LEASH with STATUS_TIMEOUT
2025-09-20 10:58:02.201   686-864   ImeTracker              system_server                        I  com.offtime.app.gplay:168ef8d9: onRequestHide at ORIGIN_SERVER reason HIDE_UNSPECIFIED_WINDOW fromUser false
2025-09-20 10:58:02.201 20714-20714 InsetsController        com.offtime.app.gplay                D  hide(ime(), fromIme=false)
2025-09-20 10:58:02.202 20714-20714 ImeTracker              com.offtime.app.gplay                I  com.offtime.app.gplay:168ef8d9: onCancelled at PHASE_CLIENT_ALREADY_HIDDEN
2025-09-20 10:58:02.240  7278-7278  GoogleInpu...hodService com...gle.android.inputmethod.latin  I  GoogleInputMethodService.onFinishInput():2043 
2025-09-20 10:58:02.241   686-706   ImeTracker              system_server                        I  system_server:97b43ce4: onRequestHide at ORIGIN_SERVER reason IME_REQUESTED_CHANGED_LISTENER fromUser false
2025-09-20 10:58:02.243   686-713   ImeTracker              system_server                        I  system_server:97b43ce4: onCancelled at PHASE_SERVER_SHOULD_HIDE
2025-09-20 10:58:02.271  7278-7278  Module                  com...gle.android.inputmethod.latin  I  DeviceLockedStatusModuleProvider$Module.updateDeviceLockedStatus():100 repeatCheckTimes = 0, locked = false
2025-09-20 10:58:02.271  7278-7278  NotificationCenter      com...gle.android.inputmethod.latin  W  NotificationCenter$NotificationQueue.notifyPendingNotificationsOnExecutor():877 Heavy notify work detected on UI thread: [kig->ilu, kig->khc, kig->ilu, kig->ilu, kig->ilu, kig->jnx, kig->ilu, kig->ijm, kig->khg, kig->ilu, kig->ilu, kig->ilu, kig->imt, kig->fcb, kig->lux, kig->ilu, kig->ilu, kig->fef, kig->gkl, kig->ilu, kig->ilu, kig->ilu, kig->ilu, kig->jvb, kig->fro] takes 30ms
2025-09-20 10:58:02.272  7278-7278  GoogleInpu...hodService com...gle.android.inputmethod.latin  I  GoogleInputMethodService.onStartInput():1293 onStartInput(EditorInfo{EditorInfo{packageName=com.offtime.app.gplay, inputType=0, inputTypeString=NULL, enableLearning=false, autoCorrection=false, autoComplete=false, imeOptions=0, privateImeOptions=null, actionName=UNSPECIFIED, actionLabel=null, initialSelStart=-1, initialSelEnd=-1, initialCapsMode=0, label=null, fieldId=0, fieldName=null, extras=null, hintText=null, hintLocales=[]}}, false)
2025-09-20 10:58:02.273  7278-7278  Module                  com...gle.android.inputmethod.latin  I  DeviceLockedStatusModuleProvider$Module.updateDeviceLockedStatus():100 repeatCheckTimes = 1, locked = false
2025-09-20 10:58:02.274   686-2320  PackageConfigPersister  system_server                        W  App-specific configuration not found for packageName: com.offtime.app.gplay and userId: 0
2025-09-20 10:58:02.766   686-1075  BestClock               system_server                        W  java.time.DateTimeException: No network time available
2025-09-20 10:58:02.767   686-1075  BestClock               system_server                        W  java.time.DateTimeException: No network time available
2025-09-20 10:58:02.767   686-1075  BestClock               system_server                        W  java.time.DateTimeException: No network time available
2025-09-20 10:58:02.767   686-1075  BestClock               system_server                        W  java.time.DateTimeException: No network time available
2025-09-20 10:58:02.767   686-1075  BestClock               system_server                        W  java.time.DateTimeException: No network time available
2025-09-20 10:58:03.023 20714-20714 InsetsController        com.offtime.app.gplay                D  show(ime(), fromIme=false)
2025-09-20 10:58:03.024 20714-20714 ImeTracker              com.offtime.app.gplay                I  com.offtime.app.gplay:322b5006: onRequestShow at ORIGIN_CLIENT reason SHOW_SOFT_INPUT_BY_INSETS_API fromUser false
2025-09-20 10:58:03.024 20714-20714 InsetsController        com.offtime.app.gplay                D  Setting requestedVisibleTypes to -1 (was -9)
2025-09-20 10:58:03.025  7278-7278  GoogleInpu...hodService com...gle.android.inputmethod.latin  I  GoogleInputMethodService.onFinishInput():2043 
2025-09-20 10:58:03.027  7278-7278  Module                  com...gle.android.inputmethod.latin  I  DeviceLockedStatusModuleProvider$Module.updateDeviceLockedStatus():100 repeatCheckTimes = 0, locked = false
2025-09-20 10:58:03.027  7278-7278  GoogleInpu...hodService com...gle.android.inputmethod.latin  I  GoogleInputMethodService.onStartInput():1293 onStartInput(EditorInfo{EditorInfo{packageName=com.offtime.app.gplay, inputType=2, inputTypeString=Number, enableLearning=false, autoCorrection=false, autoComplete=false, imeOptions=2000006, privateImeOptions=null, actionName=DONE, actionLabel=null, initialSelStart=0, initialSelEnd=0, initialCapsMode=0, label=null, fieldId=-1, fieldName=null, extras=Bundle[mParcelledData.dataSize=404], hintText=null, hintLocales=[]}}, false)
2025-09-20 10:58:03.029 20714-20714 ImeTracker              com.offtime.app.gplay                I  com.offtime.app.gplay:a473061a: onRequestShow at ORIGIN_CLIENT reason SHOW_SOFT_INPUT fromUser false
2025-09-20 10:58:03.029 20714-20714 InsetsController        com.offtime.app.gplay                D  show(ime(), fromIme=false)
2025-09-20 10:58:03.030 20714-20714 ImeTracker              com.offtime.app.gplay                I  com.offtime.app.gplay:a473061a: onCancelled at PHASE_CLIENT_REPORT_REQUESTED_VISIBLE_TYPES
2025-09-20 10:58:03.033   686-1130  Background...rolService system_server                        D  Package event received: 0
2025-09-20 10:58:03.033   686-1130  Background...rolService system_server                        D  Package event received: 0
2025-09-20 10:58:03.034   686-1130  Background...rolService system_server                        D  Package event received: 0
2025-09-20 10:58:03.034   686-1130  Background...rolService system_server                        D  Package event received: 0
2025-09-20 10:58:03.039 20714-20714 RemoteInpu...ectionImpl com.offtime.app.gplay                W  requestCursorUpdates on inactive InputConnection
2025-09-20 10:58:03.041  7278-7278  Module                  com...gle.android.inputmethod.latin  I  DeviceLockedStatusModuleProvider$Module.updateDeviceLockedStatus():100 repeatCheckTimes = 1, locked = false
2025-09-20 10:58:03.041  7278-7278  HardKeyTracker          com...gle.android.inputmethod.latin  I  HardKeyTracker.unregisterKeySequence():182 Unregister key sequence lsr{labelResId=0, callback=fjq@3762beb, lastModifier=0, keyCodes=[57, 57], actions=[1, 0]}
2025-09-20 10:58:03.042  7278-7278  HardKeyTracker          com...gle.android.inputmethod.latin  I  HardKeyTracker.unregisterKeySequence():182 Unregister key sequence lsr{labelResId=0, callback=fjq@390c906, lastModifier=0, keyCodes=[58, 58], actions=[1, 0]}
2025-09-20 10:58:03.042   686-2497  PackageConfigPersister  system_server                        W  App-specific configuration not found for packageName: com.offtime.app.gplay and userId: 0
2025-09-20 10:58:03.043  7278-7278  GoogleInpu...hodService com...gle.android.inputmethod.latin  I  GoogleInputMethodService.onStartInput():1293 onStartInput(EditorInfo{EditorInfo{packageName=com.offtime.app.gplay, inputType=2, inputTypeString=Number, enableLearning=false, autoCorrection=false, autoComplete=false, imeOptions=2000006, privateImeOptions=null, actionName=DONE, actionLabel=null, initialSelStart=0, initialSelEnd=0, initialCapsMode=0, label=null, fieldId=-1, fieldName=null, extras=Bundle[mParcelledData.dataSize=404], hintText=null, hintLocales=[]}}, true)
2025-09-20 10:58:03.043  7278-7278  SessionManager          com...gle.android.inputmethod.latin  W  SessionManager.beginSession():53 Try to begin an already begun session [INPUT_SESSION], end it first
2025-09-20 10:58:03.046  7278-7278  Module                  com...gle.android.inputmethod.latin  I  DeviceLockedStatusModuleProvider$Module.updateDeviceLockedStatus():100 repeatCheckTimes = 1, locked = false
2025-09-20 10:58:03.047   686-2497  PackageConfigPersister  system_server                        W  App-specific configuration not found for packageName: com.offtime.app.gplay and userId: 0
2025-09-20 10:58:03.047  7278-7278  StylusModule            com...gle.android.inputmethod.latin  I  StylusModule.onUpdateToolType():801 Update tool type = 2
2025-09-20 10:58:03.051  7278-7278  GoogleInpu...hodService com...gle.android.inputmethod.latin  I  GoogleInputMethodService.onStartInputView():1392 onStartInputView(EditorInfo{EditorInfo{packageName=com.offtime.app.gplay, inputType=2, inputTypeString=Number, enableLearning=false, autoCorrection=false, autoComplete=false, imeOptions=2000006, privateImeOptions=null, actionName=DONE, actionLabel=null, initialSelStart=0, initialSelEnd=0, initialCapsMode=0, label=null, fieldId=-1, fieldName=null, extras=Bundle[{android.support.text.emoji.emojiCompat_metadataVersion=10, androidx.core.view.inputmethod.EditorInfoCompat.STYLUS_HANDWRITING_ENABLED=true, android.support.text.emoji.emojiCompat_replaceAll=false}], hintText=null, hintLocales=[]}}, false)
2025-09-20 10:58:03.051  7278-7278  KeyboardHeightUtil      com...gle.android.inputmethod.latin  I  KeyboardHeightUtil.getOemKeyboardHeightRatio():161 systemKeyboardHeightRatio:1.000000.
2025-09-20 10:58:03.056  7278-7278  AndroidIME              com...gle.android.inputmethod.latin  I  InputBundleManager.loadActiveInputBundleId():483 loadActiveInputBundleId: und-Latn-x-number, number
2025-09-20 10:58:03.056  7278-7278  KeyboardWrapper         com...gle.android.inputmethod.latin  I  KeyboardWrapper.activateKeyboard():562 activateKeyboard(): type=accessory, status=0, imeDef=kyj{stringId=number, language=und-Latn-x-number, languageTag=und-Latn-x-number, processedConditions={}, className=com.google.android.libraries.inputmethod.ime.DummyIme, label=2132019005, keyEventInterpreter=null, inlineComposing=true, autoCapital=false, announceAutoSelectedCandidate=false, statusIcon=0, primeKeyboardType=SOFT, indicatorIcon=0, indicatorLabel=null, displayAppCompletions=false, extraValues=kyb{}, processors=lac@a45ce18, unacceptableMetaKeys=4098, languageSpecificSettings=0, asciiCapable=false, alwaysShowSuggestions=false, useAsciiPasswordKeyboard=false, secondaryIme=null, keyboardGroupDef=kzl@3a80e56, phenotypeFlagId=0, localizationLanguageTag=null, supportsInlineSuggestion=false}
2025-09-20 10:58:03.057  7278-7278  KeyboardManager         com...gle.android.inputmethod.latin  I  KeyboardManager.requestKeyboard():248 Creating keyboard accessory, imeId=number, cacheKey=theme_!gsf_!pgsans_!pgsf_!use_system_font_BORDER=true_FLAVOR_DPI=XXHDPI_KEYBOARD_WIDTH_CATEGORY=NORMAL_LIGHT_THEME=true_PHYSICAL_DIAGONAL=6.0111027_SCREEN_SHORTEST_WIDTH=411_SCREEN_SHORTEST_WIDTH_NO_SCALE=411_bottom4dp_enable_google_fonts_icons=true_enable_popup_on_keypress=true_keyboard_redesign_google_sans=true_noshadow_overlay_builtin_dynamic_color_light_base.binarypb:gm3-light-fffaf8ff-ff495d92-82b625f90d810779661adb8ce93b5ac5_silkpopup_unify_function_key_color=true
2025-09-20 10:58:03.059  7278-7278  KeyboardWrapper         com...gle.android.inputmethod.latin  I  KeyboardWrapper.onKeyboardReady():212 onKeyboardReady(): type=accessory(accessory), kb=com.google.android.libraries.inputmethod.keyboard.impl.Keyboard@657f534
2025-09-20 10:58:03.060  7278-7278  KeyboardWrapper         com...gle.android.inputmethod.latin  I  KeyboardWrapper.doActivateKeyboard():589 doActivateKeyboard(): accessory
2025-09-20 10:58:03.060  7278-7278  Keyboard                com...gle.android.inputmethod.latin  W  Keyboard.getKeyboardViewHelper():597 null helper is returned: keyboardDef=kze{processedConditions={}, globalConditions={}, className=com.google.android.libraries.inputmethod.keyboard.impl.Keyboard, resourceIds=[#0x7f170045], initialStates=0, keyboardViewDefs=[], persistentStates=0, persistentStatesPrefKey=null, popupBubbleLayoutId=0, recentKeyLayoutId=0, recentKeyPopupLayoutId=0, recentKeyType=null, rememberRecentKey=NONE, sessionStates=0}, type=HEADER, helpersCreated=[null, null, null, null], context.getResources().getConfiguration(): {1.0 310mcc260mnc [en_US] ldltr sw411dp w411dp h899dp 420dpi nrml long port finger qwerty/v/v dpad/v winConfig={ mBounds=Rect(0, 0 - 1080, 2424) mAppBounds=Rect(0, 0 - 1080, 2424) mMaxBounds=Rect(0, 0 - 1080, 2424) mDisplayRotation=ROTATION_0 mWindowingMode=fullscreen mActivityType=undefined mAlwaysOnTop=undefined mRotation=ROTATION_0} as.4 s.39 fontWeightAdjustment=0}
2025-09-20 10:58:03.061  7278-7278  Keyboard                com...gle.android.inputmethod.latin  W  Keyboard.getKeyboardViewHelper():597 null helper is returned: keyboardDef=kze{processedConditions={}, globalConditions={}, className=com.google.android.libraries.inputmethod.keyboard.impl.Keyboard, resourceIds=[#0x7f170045], initialStates=0, keyboardViewDefs=[], persistentStates=0, persistentStatesPrefKey=null, popupBubbleLayoutId=0, recentKeyLayoutId=0, recentKeyPopupLayoutId=0, recentKeyType=null, rememberRecentKey=NONE, sessionStates=0}, type=BODY, helpersCreated=[null, null, null, null], context.getResources().getConfiguration(): {1.0 310mcc260mnc [en_US] ldltr sw411dp w411dp h899dp 420dpi nrml long port finger qwerty/v/v dpad/v winConfig={ mBounds=Rect(0, 0 - 1080, 2424) mAppBounds=Rect(0, 0 - 1080, 2424) mMaxBounds=Rect(0, 0 - 1080, 2424) mDisplayRotation=ROTATION_0 mWindowingMode=fullscreen mActivityType=undefined mAlwaysOnTop=undefined mRotation=ROTATION_0} as.4 s.39 fontWeightAdjustment=0}
2025-09-20 10:58:03.061  7278-7278  GlobeKeyExtension       com...gle.android.inputmethod.latin  I  GlobeKeyExtension.getKeyboardInitialStates():131 
2025-09-20 10:58:03.062  7278-7278  Keyboard                com...gle.android.inputmethod.latin  W  Keyboard.getKeyboardViewHelper():597 null helper is returned: keyboardDef=kze{processedConditions={}, globalConditions={}, className=com.google.android.libraries.inputmethod.keyboard.impl.Keyboard, resourceIds=[#0x7f170045], initialStates=0, keyboardViewDefs=[], persistentStates=0, persistentStatesPrefKey=null, popupBubbleLayoutId=0, recentKeyLayoutId=0, recentKeyPopupLayoutId=0, recentKeyType=null, rememberRecentKey=NONE, sessionStates=0}, type=HEADER, helpersCreated=[null, null, null, null], context.getResources().getConfiguration(): {1.0 310mcc260mnc [en_US] ldltr sw411dp w411dp h899dp 420dpi nrml long port finger qwerty/v/v dpad/v winConfig={ mBounds=Rect(0, 0 - 1080, 2424) mAppBounds=Rect(0, 0 - 1080, 2424) mMaxBounds=Rect(0, 0 - 1080, 2424) mDisplayRotation=ROTATION_0 mWindowingMode=fullscreen mActivityType=undefined mAlwaysOnTop=undefined mRotation=ROTATION_0} as.4 s.39 fontWeightAdjustment=0}
2025-09-20 10:58:03.063  7278-7278  Keyboard                com...gle.android.inputmethod.latin  W  Keyboard.getKeyboardViewHelper():597 null helper is returned: keyboardDef=kze{processedConditions={}, globalConditions={}, className=com.google.android.libraries.inputmethod.keyboard.impl.Keyboard, resourceIds=[#0x7f170045], initialStates=0, keyboardViewDefs=[], persistentStates=0, persistentStatesPrefKey=null, popupBubbleLayoutId=0, recentKeyLayoutId=0, recentKeyPopupLayoutId=0, recentKeyType=null, rememberRecentKey=NONE, sessionStates=0}, type=BODY, helpersCreated=[null, null, null, null], context.getResources().getConfiguration(): {1.0 310mcc260mnc [en_US] ldltr sw411dp w411dp h899dp 420dpi nrml long port finger qwerty/v/v dpad/v winConfig={ mBounds=Rect(0, 0 - 1080, 2424) mAppBounds=Rect(0, 0 - 1080, 2424) mMaxBounds=Rect(0, 0 - 1080, 2424) mDisplayRotation=ROTATION_0 mWindowingMode=fullscreen mActivityType=undefined mAlwaysOnTop=undefined mRotation=ROTATION_0} as.4 s.39 fontWeightAdjustment=0}
2025-09-20 10:58:03.063  7278-7278  Keyboard                com...gle.android.inputmethod.latin  W  Keyboard.getKeyboardViewHelper():597 null helper is returned: keyboardDef=kze{processedConditions={}, globalConditions={}, className=com.google.android.libraries.inputmethod.keyboard.impl.Keyboard, resourceIds=[#0x7f170045], initialStates=0, keyboardViewDefs=[], persistentStates=0, persistentStatesPrefKey=null, popupBubbleLayoutId=0, recentKeyLayoutId=0, recentKeyPopupLayoutId=0, recentKeyType=null, rememberRecentKey=NONE, sessionStates=0}, type=FLOATING_CANDIDATES, helpersCreated=[null, null, null, null], context.getResources().getConfiguration(): {1.0 310mcc260mnc [en_US] ldltr sw411dp w411dp h899dp 420dpi nrml long port finger qwerty/v/v dpad/v winConfig={ mBounds=Rect(0, 0 - 1080, 2424) mAppBounds=Rect(0, 0 - 1080, 2424) mMaxBounds=Rect(0, 0 - 1080, 2424) mDisplayRotation=ROTATION_0 mWindowingMode=fullscreen mActivityType=undefined mAlwaysOnTop=undefined mRotation=ROTATION_0} as.4 s.39 fontWeightAdjustment=0}
2025-09-20 10:58:03.064  7278-7278  Keyboard                com...gle.android.inputmethod.latin  W  Keyboard.getKeyboardViewHelper():597 null helper is returned: keyboardDef=kze{processedConditions={}, globalConditions={}, className=com.google.android.libraries.inputmethod.keyboard.impl.Keyboard, resourceIds=[#0x7f170045], initialStates=0, keyboardViewDefs=[], persistentStates=0, persistentStatesPrefKey=null, popupBubbleLayoutId=0, recentKeyLayoutId=0, recentKeyPopupLayoutId=0, recentKeyType=null, rememberRecentKey=NONE, sessionStates=0}, type=WIDGET, helpersCreated=[null, null, null, null], context.getResources().getConfiguration(): {1.0 310mcc260mnc [en_US] ldltr sw411dp w411dp h899dp 420dpi nrml long port finger qwerty/v/v dpad/v winConfig={ mBounds=Rect(0, 0 - 1080, 2424) mAppBounds=Rect(0, 0 - 1080, 2424) mMaxBounds=Rect(0, 0 - 1080, 2424) mDisplayRotation=ROTATION_0 mWindowingMode=fullscreen mActivityType=undefined mAlwaysOnTop=undefined mRotation=ROTATION_0} as.4 s.39 fontWeightAdjustment=0}
2025-09-20 10:58:03.064  7278-7278  KeyboardManager         com...gle.android.inputmethod.latin  I  KeyboardManager.requestKeyboard():248 Creating keyboard accessory_candidates_consumer, imeId=number, cacheKey=theme_!gsf_!pgsans_!pgsf_!use_system_font_BORDER=true_FLAVOR_DPI=XXHDPI_KEYBOARD_WIDTH_CATEGORY=NORMAL_LIGHT_THEME=true_PHYSICAL_DIAGONAL=6.0111027_SCREEN_SHORTEST_WIDTH=411_SCREEN_SHORTEST_WIDTH_NO_SCALE=411_bottom4dp_enable_google_fonts_icons=true_enable_popup_on_keypress=true_keyboard_redesign_google_sans=true_noshadow_overlay_builtin_dynamic_color_light_base.binarypb:gm3-light-fffaf8ff-ff495d92-82b625f90d810779661adb8ce93b5ac5_silkpopup_unify_function_key_color=true
2025-09-20 10:58:03.066  7278-7278  GlobeKeyExtension       com...gle.android.inputmethod.latin  I  GlobeKeyExtension.getKeyboardInitialStates():131 
2025-09-20 10:58:03.067  7278-7278  Keyboard                com...gle.android.inputmethod.latin  W  Keyboard.getKeyboardViewHelper():597 null helper is returned: keyboardDef=kze{processedConditions={}, globalConditions={global_theme_key=theme_!gsf_!pgsans_!pgsf_!use_system_font_BORDER=true_FLAVOR_DPI=XXHDPI_KEYBOARD_WIDTH_CATEGORY=NORMAL_LIGHT_THEME=true_PHYSICAL_DIAGONAL=6.0111027_SCREEN_SHORTEST_WIDTH=411_SCREEN_SHORTEST_WIDTH_NO_SCALE=411_bottom4dp_enable_google_fonts_icons=true_enable_popup_on_keypress=true_keyboard_redesign_google_sans=true_noshadow_overlay_builtin_dynamic_color_light_base.binarypb:gm3-light-fffaf8ff-ff495d92-82b625f90d810779661adb8ce93b5ac5_silkpopup_unify_function_key_color=true, global_locale=en_US, global_density_dpi=420, global_orientation=1}, className=.latin.keyboard.AccessoryKeyboard, resourceIds=[#0x7f170044], initialStates=0, keyboardViewDefs=[kzt{direction=null, id=#0x7f0b0166, isScalable=false, layoutId=#0x7f0e002d, type=FLOATING_CANDIDATES, touchable=true, defaultShow=false}], persistentStates=0, persistentStatesPrefKey=null, popupBubbleLayoutId=#0x7f0e05ce, recentKeyLayoutId=0, recentKeyPopupLayoutId=0, recentKeyType=null, rememberRecentKey=NONE, sessionStates=0}, type=HEADER, helpersCreated=[null, null, kkl@8849878, null], context.getResources().getConfiguration(): {1.0 310mcc260mnc [en_US] ldltr sw411dp w411dp h899dp 420dpi nrml long port finger qwerty/v/v dpad/v winConfig={ mBounds=Rect(0, 0 - 1080, 2424) mAppBounds=Rect(0, 0 - 1080, 2424) mMaxBounds=Rect(0, 0 - 1080, 2424) mDisplayRotation=ROTATION_0 mWindowingMode=fullscreen mActivityType=undefined mAlwaysOnTop=undefined mRotation=ROTATION_0} as.4 s.39 fontWeightAdjustment=0}
2025-09-20 10:58:03.068  7278-7278  Keyboard                com...gle.android.inputmethod.latin  W  Keyboard.getKeyboardViewHelper():597 null helper is returned: keyboardDef=kze{processedConditions={}, globalConditions={global_theme_key=theme_!gsf_!pgsans_!pgsf_!use_system_font_BORDER=true_FLAVOR_DPI=XXHDPI_KEYBOARD_WIDTH_CATEGORY=NORMAL_LIGHT_THEME=true_PHYSICAL_DIAGONAL=6.0111027_SCREEN_SHORTEST_WIDTH=411_SCREEN_SHORTEST_WIDTH_NO_SCALE=411_bottom4dp_enable_google_fonts_icons=true_enable_popup_on_keypress=true_keyboard_redesign_google_sans=true_noshadow_overlay_builtin_dynamic_color_light_base.binarypb:gm3-light-fffaf8ff-ff495d92-82b625f90d810779661adb8ce93b5ac5_silkpopup_unify_function_key_color=true, global_locale=en_US, global_density_dpi=420, global_orientation=1}, className=.latin.keyboard.AccessoryKeyboard, resourceIds=[#0x7f170044], initialStates=0, keyboardViewDefs=[kzt{direction=null, id=#0x7f0b0166, isScalable=false, layoutId=#0x7f0e002d, type=FLOATING_CANDIDATES, touchable=true, defaultShow=false}], persistentStates=0, persistentStatesPrefKey=null, popupBubbleLayoutId=#0x7f0e05ce, recentKeyLayoutId=0, recentKeyPopupLayoutId=0, recentKeyType=null, rememberRecentKey=NONE, sessionStates=0}, type=BODY, helpersCreated=[null, null, kkl@8849878, null], context.getResources().getConfiguration(): {1.0 310mcc260mnc [en_US] ldltr sw411dp w411dp h899dp 420dpi nrml long port finger qwerty/v/v dpad/v winConfig={ mBounds=Rect(0, 0 - 1080, 2424) mAppBounds=Rect(0, 0 - 1080, 2424) mMaxBounds=Rect(0, 0 - 1080, 2424) mDisplayRotation=ROTATION_0 mWindowingMode=fullscreen mActivityType=undefined mAlwaysOnTop=undefined mRotation=ROTATION_0} as.4 s.39 fontWeightAdjustment=0}
2025-09-20 10:58:03.070  7278-7278  AndroidIME              com...gle.android.inputmethod.latin  I  InputBundleManager.startInput():361 startInput() with kzp[keyboardType=accessory, payload=null]
2025-09-20 10:58:03.070  7278-7278  GlobeKeyExtension       com...gle.android.inputmethod.latin  I  GlobeKeyExtension.onActivate():70 
2025-09-20 10:58:03.071  7278-7278  AutoPasteS...tionHelper com...gle.android.inputmethod.latin  I  AutoPasteSuggestionHelper.createProactiveSuggestions():471 Failed to create item chips.
2025-09-20 10:58:03.079  7278-7278  NewLanguag...tExtension com...gle.android.inputmethod.latin  I  NewLanguagePromptExtension.onActivate():186 Not activated NewLanguagePromptExtension: not a normal text input box.
2025-09-20 10:58:03.080  7278-7278  VoiceInput...gerWrapper com...gle.android.inputmethod.latin  I  VoiceInputManagerWrapper.cancelShutdown():100 cancelShutdown()
2025-09-20 10:58:03.080  7278-7278  VoiceInput...gerWrapper com...gle.android.inputmethod.latin  I  VoiceInputManagerWrapper.syncLanguagePacks():112 syncLanguagePacks()
2025-09-20 10:58:03.081  7278-7278  VoiceInputManager       com...gle.android.inputmethod.latin  I  VoiceInputManager.onKeyboardActivated():1023 onKeyboardActivated() [UD]
2025-09-20 10:58:03.082  7278-8032  SpeechFactory           com...gle.android.inputmethod.latin  I  SpeechRecognitionFactory.maybeScheduleAutoPackDownloadForFallback():161 maybeScheduleAutoPackDownloadForFallback()
2025-09-20 10:58:03.082  7278-8032  FallbackOn...onProvider com...gle.android.inputmethod.latin  I  FallbackOnDeviceRecognitionProvider.maybeScheduleAutoPackDownload():198 maybeScheduleAutoPackDownload() for language tag en-US
2025-09-20 10:58:03.083  7278-7278  AccessoryI...odeManager com...gle.android.inputmethod.latin  I  AccessoryInputModeManager.onModeStarted():322 Accessory input mode started: STYLUS
2025-09-20 10:58:03.084  7278-7278  ExtensionWrapper        com...gle.android.inputmethod.latin  W  ExtensionWrapper.setAllowUpdateNavigationBarStyle():810 class iio is not activate
2025-09-20 10:58:03.084  7278-7278  WidgetView...Controller com...gle.android.inputmethod.latin  I  WidgetViewShowingController.showWidgetKeyboardInternal():524 Show companion widget
2025-09-20 10:58:03.095  7278-7278  ExtensionWrapper        com...gle.android.inputmethod.latin  W  ExtensionWrapper.setAllowUpdateNavigationBarStyle():810 class iio is not activate
2025-09-20 10:58:03.096  7278-7278  WidgetView...ionHandler com...gle.android.inputmethod.latin  I  WidgetViewShowingPositionHandler.updateAvailableArea():194 update available area Rect(21, 163 - 1059, 2357)
2025-09-20 10:58:03.097  7278-7278  ProactiveU...rExtension com...gle.android.inputmethod.latin  I  ProactiveUndoTriggerExtension.eventConsumer$lambda$0():125 kyp{intention=null, keyCode=-10159, ACTIVATE_SUPPLEMENTARY_KEYBOARD, data=accessory_candidates_consumer}
2025-09-20 10:58:03.098  7278-7278  KeyboardHeightUtil      com...gle.android.inputmethod.latin  I  KeyboardHeightUtil.calculateMaxKeyboardBodyHeight():46 leave 281 height for app when ime window height:2219, header height:116 and isFullscreenMode:false, so the max keyboard body height is:1822
2025-09-20 10:58:03.099  7278-7278  KeyboardHeightUtil      com...gle.android.inputmethod.latin  I  KeyboardHeightUtil.calculateMaxKeyboardBodyHeight():46 leave 281 height for app when ime window height:2219, header height:116 and isFullscreenMode:false, so the max keyboard body height is:1822
2025-09-20 10:58:03.099  7278-7278  ExtensionWrapper        com...gle.android.inputmethod.latin  W  ExtensionWrapper.setExtensionViewVisibility():801 interface koa is not activate
2025-09-20 10:58:03.101  7278-7278  Module                  com...gle.android.inputmethod.latin  I  DeviceLockedStatusModuleProvider$Module.updateDeviceLockedStatus():100 repeatCheckTimes = 1, locked = false
2025-09-20 10:58:03.107  7278-7278  CurrentMicStatusHolder  com...gle.android.inputmethod.latin  I  CurrentMicStatusHolder.onStartInputView():81 Current Mic status = {MicIconHidden-PasswordOrNumberOrDateInputType,}
2025-09-20 10:58:03.117  1178-1269  WindowManagerShell      com.android.systemui                 D  onKeepClearAreasChanged: restricted={}, unrestricted={Rect(0, 2361 - 1080, 2424)}
2025-09-20 10:58:03.118   686-705   CoreBackPreview         system_server                        D  Window{caa7f0 u0 com.offtime.app.gplay/com.offtime.app.MainActivity}: Setting back callback OnBackInvokedCallbackInfo{mCallback=android.window.IOnBackInvokedCallback$Stub$Proxy@90f27e4, mPriority=0, mIsAnimationCallback=true, mOverrideBehavior=0}
2025-09-20 10:58:03.122  7278-7278  WindowMetr...tification com...gle.android.inputmethod.latin  I  WindowMetricsNotification.notifyWithWindow():166 
2025-09-20 10:58:03.123  7278-7278  WindowMetr...tification com...gle.android.inputmethod.latin  I  WindowMetricsNotification.notify():159 mub[bounds=Rect(0, 142 - 1080, 2424), insets=Rect(0, 0 - 0, 63), densityDpi=420, smallestScreenWidthDp=411, displayWidth=1080, displayHeight=2424, xdpi=420.0, ydpi=420.0, isTrustable=true, displayId=0]; DisplayMetrics{density=2.625, width=1080, height=2424, scaledDensity=2.625, xdpi=420.0, ydpi=420.0}
2025-09-20 10:58:03.128  1178-1269  WindowManagerShell      com.android.systemui                 D  onKeepClearAreasChanged: restricted={}, unrestricted={Rect(0, 2361 - 1080, 2424)}
2025-09-20 10:58:03.208  7278-7278  GoogleInpu...hodService com...gle.android.inputmethod.latin  I  GoogleInputMethodService$1.onKeyboardViewShown():312 onKeyboardViewShown: keyboardType=accessory, keyboardViewType=HEADER keyboardView=null
2025-09-20 10:58:03.208  7278-7278  GoogleInpu...hodService com...gle.android.inputmethod.latin  I  GoogleInputMethodService$1.onKeyboardViewShown():312 onKeyboardViewShown: keyboardType=accessory, keyboardViewType=BODY keyboardView=null
2025-09-20 10:58:03.455 20714-20714 ImeTracker              com.offtime.app.gplay                I  com.offtime.app.gplay:322b5006: onShown
2025-09-20 10:58:03.805  7278-7278  AccessoryI...odeManager com...gle.android.inputmethod.latin  I  AccessoryInputModeManager.onModeStarted():322 Accessory input mode started: PK
2025-09-20 10:58:03.805  7278-7278  ExtensionWrapper        com...gle.android.inputmethod.latin  W  ExtensionWrapper.setAllowUpdateNavigationBarStyle():810 class iio is not activate
2025-09-20 10:58:03.808  7278-7278  ProactiveU...rExtension com...gle.android.inputmethod.latin  I  ProactiveUndoTriggerExtension.eventConsumer$lambda$0():125 kyp{intention=null, keyCode=-10159, ACTIVATE_SUPPLEMENTARY_KEYBOARD, data=accessory_candidates_consumer}
2025-09-20 10:58:03.809  7278-7278  ProactiveU...rExtension com...gle.android.inputmethod.latin  I  ProactiveUndoTriggerExtension.eventConsumer$lambda$0():125 kyp{intention=DECODE, keyCode=9, 2, data=2}
2025-09-20 10:58:03.809  7278-7278  StylusModule            com...gle.android.inputmethod.latin  I  StylusModule.onUpdateToolType():801 Update tool type = 0
2025-09-20 10:58:03.813  7278-7278  ProactiveU...rExtension com...gle.android.inputmethod.latin  I  ProactiveUndoTriggerExtension.eventConsumer$lambda$0():125 kyp{intention=DECODE, keyCode=9, 2, data=2}
2025-09-20 10:58:03.831   686-706   ImeTracker              system_server                        I  system_server:2632de77: onRequestShow at ORIGIN_SERVER reason CONTROLS_CHANGED fromUser false
2025-09-20 10:58:03.833 20714-20714 ImeTracker              com.offtime.app.gplay                I  system_server:2632de77: onCancelled at PHASE_CLIENT_ON_CONTROLS_CHANGED
2025-09-20 10:58:03.964  7278-7278  InputConnectionWrapper  com...gle.android.inputmethod.latin  W  InputConnectionWrapper.recordDuration():1609 IPC IC_GET_SURROUNDING_TEXT took 135 ms
2025-09-20 10:58:04.186  7278-7278  ExtensionWrapper        com...gle.android.inputmethod.latin  W  ExtensionWrapper.setAllowUpdateNavigationBarStyle():810 class iio is not activate
2025-09-20 10:58:04.189  1178-1269  WindowManagerShell      com.android.systemui                 D  onKeepClearAreasChanged: restricted={}, unrestricted={Rect(0, 2361 - 1080, 2424)}
2025-09-20 10:58:04.895 20714-20714 HomeViewModel           com.offtime.app.gplay                D  完成昨日奖励: categoryId=4, date=2025-09-19, percent=100%
2025-09-20 10:58:04.947 20714-20714 HomeViewModel           com.offtime.app.gplay                D  已更新reward_punishment_user表的奖励状态: 100%
2025-09-20 10:58:04.947 20714-20714 HomeViewModel           com.offtime.app.gplay                D  昨日奖励已完成: 100%
2025-09-20 10:58:04.949 20714-20714 PieChartWi...Refactored com.offtime.app.gplay                D  === 昨日奖罚状态调试 ===
2025-09-20 10:58:04.949 20714-20714 PieChartWi...Refactored com.offtime.app.gplay                D  yesterdayHasData: true
2025-09-20 10:58:04.949 20714-20714 PieChartWi...Refactored com.offtime.app.gplay                D  yesterdayGoalMet: true
2025-09-20 10:58:04.949 20714-20714 PieChartWi...Refactored com.offtime.app.gplay                D  isRewardPunishmentEnabled: true
2025-09-20 10:58:04.949 20714-20714 PieChartWi...Refactored com.offtime.app.gplay                D  rewardText: 'Chips 2 packs'
2025-09-20 10:58:04.949 20714-20714 PieChartWi...Refactored com.offtime.app.gplay                D  punishText: '俯卧撑'
2025-09-20 10:58:04.949 20714-20714 PieChartWi...Refactored com.offtime.app.gplay                D  yesterdayData: 0
2025-09-20 10:58:04.949 20714-20714 DeviceDetection         com.offtime.app.gplay                D  === 详细设备信息 ===
2025-09-20 10:58:04.949 20714-20714 DeviceDetection         com.offtime.app.gplay                D  型号(MODEL): sdk_gphone64_x86_64
2025-09-20 10:58:04.949 20714-20714 DeviceDetection         com.offtime.app.gplay                D  制造商(MANUFACTURER): Google
2025-09-20 10:58:04.949 20714-20714 DeviceDetection         com.offtime.app.gplay                D  设备(DEVICE): emu64xa
2025-09-20 10:58:04.949 20714-20714 DeviceDetection         com.offtime.app.gplay                D  产品(PRODUCT): sdk_gphone64_x86_64
2025-09-20 10:58:04.949 20714-20714 DeviceDetection         com.offtime.app.gplay                D  是否为Pixel 4: false
2025-09-20 10:58:04.949 20714-20714 DeviceDetection         com.offtime.app.gplay                D  是否为Pixel 9 Pro: false
2025-09-20 10:58:04.949 20714-20714 DeviceDetection         com.offtime.app.gplay                D  是否为模拟器Pixel: true
2025-09-20 10:58:04.949 20714-20714 DeviceDetection         com.offtime.app.gplay                D  最终判定为问题设备: true
2025-09-20 10:58:04.949 20714-20714 SimpleScaling           com.offtime.app.gplay                D  设备型号: sdk_gphone64_x86_64
2025-09-20 10:58:04.949 20714-20714 SimpleScaling           com.offtime.app.gplay                D  屏幕尺寸: 411.0x923.0dp
2025-09-20 10:58:04.949 20714-20714 SimpleScaling           com.offtime.app.gplay                D  简化缩放因子: 1.0275
2025-09-20 10:58:04.949 20714-20714 DeviceDetection         com.offtime.app.gplay                D  === 详细设备信息 ===
2025-09-20 10:58:04.949 20714-20714 DeviceDetection         com.offtime.app.gplay                D  型号(MODEL): sdk_gphone64_x86_64
2025-09-20 10:58:04.949 20714-20714 DeviceDetection         com.offtime.app.gplay                D  制造商(MANUFACTURER): Google
2025-09-20 10:58:04.949 20714-20714 DeviceDetection         com.offtime.app.gplay                D  设备(DEVICE): emu64xa
