2025-09-20 10:58:20.394 10212-10212 BoundBrokerSvc          com.google.android.gms               D  onUnbind: Intent { act=com.google.firebase.dynamiclinks.service.START xflg=0x4 pkg=com.google.android.gms }
2025-09-20 10:58:20.797   686-1075  BestClock               system_server                        W  java.time.DateTimeException: No network time available
2025-09-20 10:58:20.797   686-1075  BestClock               system_server                        W  java.time.DateTimeException: No network time available
2025-09-20 10:58:20.797   686-1075  BestClock               system_server                        W  java.time.DateTimeException: No network time available
2025-09-20 10:58:20.797   686-1075  BestClock               system_server                        W  java.time.DateTimeException: No network time available
2025-09-20 10:58:20.798   686-1075  BestClock               system_server                        W  java.time.DateTimeException: No network time available
2025-09-20 10:58:21.124 20714-20714 DebugSessionsViewModel  com.offtime.app.gplay                D  重新从数据库加载数据...
2025-09-20 10:58:21.232 20714-20714 DebugSessionsViewModel  com.offtime.app.gplay                D  加载会话数据: 96 条 (合并模式: false)
2025-09-20 10:58:21.232 20714-20714 DebugSessionsViewModel  com.offtime.app.gplay                D  加载分类数据: 4 个
2025-09-20 10:58:21.232 20714-20714 DebugSessionsViewModel  com.offtime.app.gplay                D  加载应用信息数据: 200 个
2025-09-20 10:58:21.232 20714-20714 DebugSessionsViewModel  com.offtime.app.gplay                D  加载流程结束.
2025-09-20 10:58:21.316 20714-20714 ftime.app.gplay         com.offtime.app.gplay                I  AssetManager2(0x7ff8366af0b8) locale list changing from [] to [en-US]
2025-09-20 10:58:21.352 10157-10157 BoundBrokerSvc          com.google.android.gms.persistent    D  onUnbind: Intent { act=com.google.android.gms.libs.gmscorelogger.service.START dat=chimera-action:/... xflg=0x4 cmp=com.google.android.gms/.chimera.PersistentDirectBootAwareApiService }
2025-09-20 10:58:21.358 20714-20714 HWUI                    com.offtime.app.gplay                W  Image decoding logging dropped!
2025-09-20 10:58:21.366 20714-20714 HWUI                    com.offtime.app.gplay                W  Image decoding logging dropped!
2025-09-20 10:58:21.954 10157-20652 NearbyMediums           com.google.android.gms.persistent    I  Found Fast Ble Advertisements :
                                                                                                    BleAdvertisement { version=2, socketVersion=2, isFast=true, serviceIdHash=null, data=[ 0x23 0x41 0x52 0x59 0x43 0x11 0x32 0x64 0x1a 0xff 0x56 0xd1 0x2d 0xfa 0x08 0x51 0x90 0x7f 0x48 0x60 0x38 0xba 0x02 ], deviceToken=[ 0xaf 0x98 ], rxAdvertisement=[ 0xa0 0x17 0x02 0x69 0x6e 0x5d 0x7e 0xd3 0x5f 0xe6 0x31 0xa7 0x75 0x41 0x49 0x8d 0xa3 0xc7 0xfb 0x85 0xe4 0x2a 0xdc 0x3f 0x2a 0x9e 0x56 0xd5 0x79 0xe4 0x5a 0x45 0x5c 0x63 0x84 0x15 0x05 0x7f 0x00 0x00 0x84 0x15 0x06 0x00 0x00 0x00 0x84 0x15 0x04 0x7f 0x00 0x00 0x83 0x15 0x01 0x09 0x8f ] } : 82 times.
                                                                                                    Total 82 fast advertisements from 1 unique advertisers.
2025-09-20 10:58:23.802   686-1075  BestClock               system_server                        W  java.time.DateTimeException: No network time available
2025-09-20 10:58:23.803   686-1075  BestClock               system_server                        W  java.time.DateTimeException: No network time available
2025-09-20 10:58:23.803   686-1075  BestClock               system_server                        W  java.time.DateTimeException: No network time available
2025-09-20 10:58:23.803   686-1075  BestClock               system_server                        W  java.time.DateTimeException: No network time available
2025-09-20 10:58:23.803   686-1075  BestClock               system_server                        W  java.time.DateTimeException: No network time available
2025-09-20 10:58:24.333 20714-20714 HWUI                    com.offtime.app.gplay                W  Image decoding logging dropped!
2025-09-20 10:58:24.830 20714-20714 ftime.app.gplay         com.offtime.app.gplay                I  AssetManager2(0x7ff8366b2f38) locale list changing from [] to [en-US]
2025-09-20 10:58:24.836 20714-20714 HWUI                    com.offtime.app.gplay                W  Image decoding logging dropped!
2025-09-20 10:58:24.840 20714-20714 HWUI                    com.offtime.app.gplay                W  Image decoding logging dropped!
2025-09-20 10:58:25.205  1357-1606  SatelliteController     com.android.phone                    D  iisInCarrierRoamingNbIotNtn: satellite is disabled
2025-09-20 10:58:25.316  7278-7278  VoiceInput...gerWrapper com...gle.android.inputmethod.latin  I  VoiceInputManagerWrapper.shutdownVoiceInternal():139 shutdownVoiceInternal()
2025-09-20 10:58:25.316  7278-7278  NotificationCenter      com...gle.android.inputmethod.latin  W  NotificationCenter.unregisterListener():480 Listener guw@18341a5 was not registered for notification class luj
2025-09-20 10:58:25.404   686-1081  InetDiagMessage         system_server                        D  Destroyed 0 sockets, proto=IPPROTO_TCP, family=AF_INET, states=14
2025-09-20 10:58:25.405   686-1081  InetDiagMessage         system_server                        D  Destroyed 0 sockets, proto=IPPROTO_TCP, family=AF_INET6, states=14
2025-09-20 10:58:25.405   686-1081  InetDiagMessage         system_server                        D  Destroyed live tcp sockets for uids={10213} in 3ms
2025-09-20 10:58:25.406   686-1081  InetDiagMessage         system_server                        D  Destroyed 0 sockets, proto=IPPROTO_TCP, family=AF_INET, states=14
2025-09-20 10:58:25.407   686-1081  InetDiagMessage         system_server                        D  Destroyed 0 sockets, proto=IPPROTO_TCP, family=AF_INET6, states=14
2025-09-20 10:58:25.407   686-1081  InetDiagMessage         system_server                        D  Destroyed live tcp sockets for uids={20213} in 2ms
2025-09-20 10:58:26.806   686-1075  BestClock               system_server                        W  java.time.DateTimeException: No network time available
2025-09-20 10:58:26.807   686-1075  BestClock               system_server                        W  java.time.DateTimeException: No network time available
2025-09-20 10:58:26.807   686-1075  BestClock               system_server                        W  java.time.DateTimeException: No network time available
2025-09-20 10:58:26.807   686-1075  BestClock               system_server                        W  java.time.DateTimeException: No network time available
2025-09-20 10:58:26.807   686-1075  BestClock               system_server                        W  java.time.DateTimeException: No network time available
2025-09-20 10:58:27.377 20714-20714 DebugSessionsViewModel  com.offtime.app.gplay                D  触发后台数据更新...
2025-09-20 10:58:27.379 20714-20714 UsageStatsCollector     com.offtime.app.gplay                D  触发事件拉取（后台任务）
2025-09-20 10:58:27.379 20714-20714 DebugSessionsViewModel  com.offtime.app.gplay                D  等待4秒以确保后台数据处理完成...
2025-09-20 10:58:27.426 20714-20714 UsageStatsCollector     com.offtime.app.gplay                D  Service onStartCommand: action=pull_events, flags=0, startId=16
2025-09-20 10:58:27.426 20714-20714 UsageStatsCollector     com.offtime.app.gplay                D  后台任务拉取事件
2025-09-20 10:58:27.430 20714-20779 UsageStatsCollector     com.offtime.app.gplay                D  开始处理事件: 10:58:11 - 10:58:27
2025-09-20 10:58:27.430 20714-20779 UsageStatsCollector     com.offtime.app.gplay                D  事件处理完成: 总计0个事件 (启动0个, 结束0个)
2025-09-20 10:58:27.430 20714-20779 UsageStatsCollector     com.offtime.app.gplay                D  当前活跃应用: com.offtime.app.gplay
2025-09-20 10:58:27.430 20714-20779 UsageStatsCollector     com.offtime.app.gplay                D  Events pulled successfully from 1758337091768 to 1758337107427 (last=1758337091768)
2025-09-20 10:58:29.811   686-1075  BestClock               system_server                        W  java.time.DateTimeException: No network time available
2025-09-20 10:58:29.811   686-1075  BestClock               system_server                        W  java.time.DateTimeException: No network time available
2025-09-20 10:58:29.811   686-1075  BestClock               system_server                        W  java.time.DateTimeException: No network time available
2025-09-20 10:58:29.811   686-1075  BestClock               system_server                        W  java.time.DateTimeException: No network time available
2025-09-20 10:58:29.812   686-1075  BestClock               system_server                        W  java.time.DateTimeException: No network time available
2025-09-20 10:58:30.446   686-847   ActivityManager         system_server                        D  freezing 2723 com.google.android.adservices.api
2025-09-20 10:58:30.448   686-847   ActivityManager         system_server                        D  freezing 10212 com.google.android.gms
2025-09-20 10:58:30.450   686-847   ActivityManager         system_server                        D  freezing 799 com.google.android.gms.unstable
2025-09-20 10:58:30.454   686-1081  InetDiagMessage         system_server                        D  Destroyed 0 sockets, proto=IPPROTO_TCP, family=AF_INET, states=14
2025-09-20 10:58:30.455   686-1081  InetDiagMessage         system_server                        D  Destroyed 0 sockets, proto=IPPROTO_TCP, family=AF_INET6, states=14
2025-09-20 10:58:30.455   686-1081  InetDiagMessage         system_server                        D  Destroyed live tcp sockets for uids={10213} in 2ms
2025-09-20 10:58:31.406 20714-20714 DebugSessionsViewModel  com.offtime.app.gplay                D  重新从数据库加载数据...
2025-09-20 10:58:31.546 20714-20714 DebugSessionsViewModel  com.offtime.app.gplay                D  加载会话数据: 96 条 (合并模式: false)
2025-09-20 10:58:31.547 20714-20714 DebugSessionsViewModel  com.offtime.app.gplay                D  加载分类数据: 4 个
2025-09-20 10:58:31.547 20714-20714 DebugSessionsViewModel  com.offtime.app.gplay                D  加载应用信息数据: 200 个
2025-09-20 10:58:31.547 20714-20714 DebugSessionsViewModel  com.offtime.app.gplay                D  加载流程结束.
2025-09-20 10:58:31.956 10157-20652 NearbyMediums           com.google.android.gms.persistent    I  Found Fast Ble Advertisements :
                                                                                                    BleAdvertisement { version=2, socketVersion=2, isFast=true, serviceIdHash=null, data=[ 0x23 0x41 0x52 0x59 0x43 0x11 0x32 0x64 0x1a 0xff 0x56 0xd1 0x2d 0xfa 0x08 0x51 0x90 0x7f 0x48 0x60 0x38 0xba 0x02 ], deviceToken=[ 0xaf 0x98 ], rxAdvertisement=[ 0xa0 0x17 0x02 0x69 0x6e 0x5d 0x7e 0xd3 0x5f 0xe6 0x31 0xa7 0x75 0x41 0x49 0x8d 0xa3 0xc7 0xfb 0x85 0xe4 0x2a 0xdc 0x3f 0x2a 0x9e 0x56 0xd5 0x79 0xe4 0x5a 0x45 0x5c 0x63 0x84 0x15 0x05 0x7f 0x00 0x00 0x84 0x15 0x06 0x00 0x00 0x00 0x84 0x15 0x04 0x7f 0x00 0x00 0x83 0x15 0x01 0x09 0x8f ] } : 80 times.
                                                                                                    Total 80 fast advertisements from 1 unique advertisers.
2025-09-20 10:58:32.815   686-1075  BestClock               system_server                        W  java.time.DateTimeException: No network time available
2025-09-20 10:58:32.815   686-1075  BestClock               system_server                        W  java.time.DateTimeException: No network time available
2025-09-20 10:58:32.816   686-1075  BestClock               system_server                        W  java.time.DateTimeException: No network time available
2025-09-20 10:58:32.816   686-1075  BestClock               system_server                        W  java.time.DateTimeException: No network time available
2025-09-20 10:58:32.816   686-1075  BestClock               system_server                        W  java.time.DateTimeException: No network time available
2025-09-20 10:58:33.591 20714-20714 ftime.app.gplay         com.offtime.app.gplay                I  AssetManager2(0x7ff8366aaf18) locale list changing from [] to [en-US]
2025-09-20 10:58:33.602 20714-20714 HWUI                    com.offtime.app.gplay                W  Image decoding logging dropped!
2025-09-20 10:58:34.978 20714-20714 ftime.app.gplay         com.offtime.app.gplay                I  AssetManager2(0x7ff8366a8358) locale list changing from [] to [en-US]
2025-09-20 10:58:34.986 20714-20714 HWUI                    com.offtime.app.gplay                W  Image decoding logging dropped!
2025-09-20 10:58:35.205  1357-1606  SatelliteController     com.android.phone                    D  iisInCarrierRoamingNbIotNtn: satellite is disabled
2025-09-20 10:58:35.438 20714-20714 ftime.app.gplay         com.offtime.app.gplay                I  AssetManager2(0x7ff8366b5198) locale list changing from [] to [en-US]
2025-09-20 10:58:35.444 20714-20714 HWUI                    com.offtime.app.gplay                W  Image decoding logging dropped!
2025-09-20 10:58:35.449 20714-20714 HWUI                    com.offtime.app.gplay                W  Image decoding logging dropped!
2025-09-20 10:58:35.822   686-1075  BestClock               system_server                        W  java.time.DateTimeException: No network time available
2025-09-20 10:58:35.822   686-1075  BestClock               system_server                        W  java.time.DateTimeException: No network time available
2025-09-20 10:58:35.822   686-1075  BestClock               system_server                        W  java.time.DateTimeException: No network time available
2025-09-20 10:58:35.822   686-1075  BestClock               system_server                        W  java.time.DateTimeException: No network time available
2025-09-20 10:58:35.822   686-1075  BestClock               system_server                        W  java.time.DateTimeException: No network time available
2025-09-20 10:58:36.296 20714-20714 PieChartWi...Refactored com.offtime.app.gplay                D  === 昨日奖罚状态调试 ===
2025-09-20 10:58:36.296 20714-20714 PieChartWi...Refactored com.offtime.app.gplay                D  yesterdayHasData: true
2025-09-20 10:58:36.296 20714-20714 PieChartWi...Refactored com.offtime.app.gplay                D  yesterdayGoalMet: true
2025-09-20 10:58:36.296 20714-20714 PieChartWi...Refactored com.offtime.app.gplay                D  isRewardPunishmentEnabled: true
2025-09-20 10:58:36.296 20714-20714 PieChartWi...Refactored com.offtime.app.gplay                D  rewardText: 'Chips 2 packs'
2025-09-20 10:58:36.296 20714-20714 PieChartWi...Refactored com.offtime.app.gplay                D  punishText: '俯卧撑'
2025-09-20 10:58:36.296 20714-20714 PieChartWi...Refactored com.offtime.app.gplay                D  yesterdayData: 0
2025-09-20 10:58:36.296 20714-20714 DeviceDetection         com.offtime.app.gplay                D  === 详细设备信息 ===
2025-09-20 10:58:36.297 20714-20714 DeviceDetection         com.offtime.app.gplay                D  型号(MODEL): sdk_gphone64_x86_64
2025-09-20 10:58:36.297 20714-20714 DeviceDetection         com.offtime.app.gplay                D  制造商(MANUFACTURER): Google
2025-09-20 10:58:36.297 20714-20714 DeviceDetection         com.offtime.app.gplay                D  设备(DEVICE): emu64xa
2025-09-20 10:58:36.297 20714-20714 DeviceDetection         com.offtime.app.gplay                D  产品(PRODUCT): sdk_gphone64_x86_64
2025-09-20 10:58:36.297 20714-20714 DeviceDetection         com.offtime.app.gplay                D  是否为Pixel 4: false
2025-09-20 10:58:36.297 20714-20714 DeviceDetection         com.offtime.app.gplay                D  是否为Pixel 9 Pro: false
2025-09-20 10:58:36.297 20714-20714 DeviceDetection         com.offtime.app.gplay                D  是否为模拟器Pixel: true
2025-09-20 10:58:36.297 20714-20714 DeviceDetection         com.offtime.app.gplay                D  最终判定为问题设备: true
2025-09-20 10:58:36.297 20714-20714 SimpleScaling           com.offtime.app.gplay                D  设备型号: sdk_gphone64_x86_64
2025-09-20 10:58:36.297 20714-20714 SimpleScaling           com.offtime.app.gplay                D  屏幕尺寸: 411.0x923.0dp
2025-09-20 10:58:36.297 20714-20714 SimpleScaling           com.offtime.app.gplay                D  简化缩放因子: 1.0275
2025-09-20 10:58:36.297 20714-20714 DeviceDetection         com.offtime.app.gplay                D  === 详细设备信息 ===
2025-09-20 10:58:36.297 20714-20714 DeviceDetection         com.offtime.app.gplay                D  型号(MODEL): sdk_gphone64_x86_64
2025-09-20 10:58:36.297 20714-20714 DeviceDetection         com.offtime.app.gplay                D  制造商(MANUFACTURER): Google
2025-09-20 10:58:36.297 20714-20714 DeviceDetection         com.offtime.app.gplay                D  设备(DEVICE): emu64xa
2025-09-20 10:58:36.297 20714-20714 DeviceDetection         com.offtime.app.gplay                D  产品(PRODUCT): sdk_gphone64_x86_64
2025-09-20 10:58:36.297 20714-20714 DeviceDetection         com.offtime.app.gplay                D  是否为Pixel 4: false
2025-09-20 10:58:36.297 20714-20714 DeviceDetection         com.offtime.app.gplay                D  是否为Pixel 9 Pro: false
2025-09-20 10:58:36.297 20714-20714 DeviceDetection         com.offtime.app.gplay                D  是否为模拟器Pixel: true
2025-09-20 10:58:36.297 20714-20714 DeviceDetection         com.offtime.app.gplay                D  最终判定为问题设备: true
2025-09-20 10:58:36.297 20714-20714 SimpleScaling           com.offtime.app.gplay                D  设备型号: sdk_gphone64_x86_64
2025-09-20 10:58:36.297 20714-20714 SimpleScaling           com.offtime.app.gplay                D  屏幕尺寸: 411.0x923.0dp
2025-09-20 10:58:36.297 20714-20714 SimpleScaling           com.offtime.app.gplay                D  简化缩放因子: 1.0275
2025-09-20 10:58:36.297 20714-20714 DeviceDetection         com.offtime.app.gplay                D  === 详细设备信息 ===
2025-09-20 10:58:36.297 20714-20714 DeviceDetection         com.offtime.app.gplay                D  型号(MODEL): sdk_gphone64_x86_64
2025-09-20 10:58:36.297 20714-20714 DeviceDetection         com.offtime.app.gplay                D  制造商(MANUFACTURER): Google
2025-09-20 10:58:36.297 20714-20714 DeviceDetection         com.offtime.app.gplay                D  设备(DEVICE): emu64xa
2025-09-20 10:58:36.297 20714-20714 DeviceDetection         com.offtime.app.gplay                D  产品(PRODUCT): sdk_gphone64_x86_64
2025-09-20 10:58:36.297 20714-20714 DeviceDetection         com.offtime.app.gplay                D  是否为Pixel 4: false
2025-09-20 10:58:36.297 20714-20714 DeviceDetection         com.offtime.app.gplay                D  是否为Pixel 9 Pro: false
2025-09-20 10:58:36.297 20714-20714 DeviceDetection         com.offtime.app.gplay                D  是否为模拟器Pixel: true
2025-09-20 10:58:36.297 20714-20714 DeviceDetection         com.offtime.app.gplay                D  最终判定为问题设备: true
2025-09-20 10:58:36.297 20714-20714 SimpleScaling           com.offtime.app.gplay                D  设备型号: sdk_gphone64_x86_64
2025-09-20 10:58:36.297 20714-20714 SimpleScaling           com.offtime.app.gplay                D  屏幕尺寸: 411.0x923.0dp
2025-09-20 10:58:36.297 20714-20714 SimpleScaling           com.offtime.app.gplay                D  简化缩放因子: 1.0275
2025-09-20 10:58:36.297 20714-20714 DeviceDetection         com.offtime.app.gplay                D  === 详细设备信息 ===
2025-09-20 10:58:36.298 20714-20714 DeviceDetection         com.offtime.app.gplay                D  型号(MODEL): sdk_gphone64_x86_64
2025-09-20 10:58:36.298 20714-20714 DeviceDetection         com.offtime.app.gplay                D  制造商(MANUFACTURER): Google
2025-09-20 10:58:36.298 20714-20714 DeviceDetection         com.offtime.app.gplay                D  设备(DEVICE): emu64xa
2025-09-20 10:58:36.298 20714-20714 DeviceDetection         com.offtime.app.gplay                D  产品(PRODUCT): sdk_gphone64_x86_64
2025-09-20 10:58:36.298 20714-20714 DeviceDetection         com.offtime.app.gplay                D  是否为Pixel 4: false
2025-09-20 10:58:36.298 20714-20714 DeviceDetection         com.offtime.app.gplay                D  是否为Pixel 9 Pro: false
2025-09-20 10:58:36.298 20714-20714 DeviceDetection         com.offtime.app.gplay                D  是否为模拟器Pixel: true
2025-09-20 10:58:36.298 20714-20714 DeviceDetection         com.offtime.app.gplay                D  最终判定为问题设备: true
2025-09-20 10:58:36.298 20714-20714 SimpleScaling           com.offtime.app.gplay                D  设备型号: sdk_gphone64_x86_64
2025-09-20 10:58:36.298 20714-20714 SimpleScaling           com.offtime.app.gplay                D  屏幕尺寸: 411.0x923.0dp
2025-09-20 10:58:36.298 20714-20714 SimpleScaling           com.offtime.app.gplay                D  简化缩放因子: 1.0275
2025-09-20 10:58:36.298 20714-20714 DeviceDetection         com.offtime.app.gplay                D  === 详细设备信息 ===
2025-09-20 10:58:36.298 20714-20714 DeviceDetection         com.offtime.app.gplay                D  型号(MODEL): sdk_gphone64_x86_64
2025-09-20 10:58:36.298 20714-20714 DeviceDetection         com.offtime.app.gplay                D  制造商(MANUFACTURER): Google
2025-09-20 10:58:36.298 20714-20714 DeviceDetection         com.offtime.app.gplay                D  设备(DEVICE): emu64xa
2025-09-20 10:58:36.298 20714-20714 DeviceDetection         com.offtime.app.gplay                D  产品(PRODUCT): sdk_gphone64_x86_64
2025-09-20 10:58:36.298 20714-20714 DeviceDetection         com.offtime.app.gplay                D  是否为Pixel 4: false
2025-09-20 10:58:36.298 20714-20714 DeviceDetection         com.offtime.app.gplay                D  是否为Pixel 9 Pro: false
2025-09-20 10:58:36.299 20714-20714 DeviceDetection         com.offtime.app.gplay                D  是否为模拟器Pixel: true
2025-09-20 10:58:36.299 20714-20714 DeviceDetection         com.offtime.app.gplay                D  最终判定为问题设备: true
2025-09-20 10:58:36.299 20714-20714 SimpleScaling           com.offtime.app.gplay                D  设备型号: sdk_gphone64_x86_64
2025-09-20 10:58:36.299 20714-20714 SimpleScaling           com.offtime.app.gplay                D  屏幕尺寸: 411.0x923.0dp
2025-09-20 10:58:36.299 20714-20714 SimpleScaling           com.offtime.app.gplay                D  简化缩放因子: 1.0275
2025-09-20 10:58:36.299 20714-20714 ParseRewardPunishment   com.offtime.app.gplay                D  解析文本: 'Chips 2 packs'
2025-09-20 10:58:36.300 20714-20714 ParseRewardPunishment   com.offtime.app.gplay                D  解析结果: content='Chips', quantity='2 packs'
2025-09-20 10:58:36.301 20714-20714 DeviceDetection         com.offtime.app.gplay                D  === 详细设备信息 ===
2025-09-20 10:58:36.301 20714-20714 DeviceDetection         com.offtime.app.gplay                D  型号(MODEL): sdk_gphone64_x86_64
2025-09-20 10:58:36.301 20714-20714 DeviceDetection         com.offtime.app.gplay                D  制造商(MANUFACTURER): Google
2025-09-20 10:58:36.301 20714-20714 DeviceDetection         com.offtime.app.gplay                D  设备(DEVICE): emu64xa
2025-09-20 10:58:36.301 20714-20714 DeviceDetection         com.offtime.app.gplay                D  产品(PRODUCT): sdk_gphone64_x86_64
2025-09-20 10:58:36.301 20714-20714 DeviceDetection         com.offtime.app.gplay                D  是否为Pixel 4: false
2025-09-20 10:58:36.301 20714-20714 DeviceDetection         com.offtime.app.gplay                D  是否为Pixel 9 Pro: false
2025-09-20 10:58:36.301 20714-20714 DeviceDetection         com.offtime.app.gplay                D  是否为模拟器Pixel: true
2025-09-20 10:58:36.301 20714-20714 DeviceDetection         com.offtime.app.gplay                D  最终判定为问题设备: true
2025-09-20 10:58:36.301 20714-20714 SimpleScaling           com.offtime.app.gplay                D  设备型号: sdk_gphone64_x86_64
2025-09-20 10:58:36.301 20714-20714 SimpleScaling           com.offtime.app.gplay                D  屏幕尺寸: 411.0x923.0dp
2025-09-20 10:58:36.301 20714-20714 SimpleScaling           com.offtime.app.gplay                D  简化缩放因子: 1.0275
2025-09-20 10:58:36.302 20714-20714 DeviceDetection         com.offtime.app.gplay                D  === 详细设备信息 ===
2025-09-20 10:58:36.302 20714-20714 DeviceDetection         com.offtime.app.gplay                D  型号(MODEL): sdk_gphone64_x86_64
2025-09-20 10:58:36.302 20714-20714 DeviceDetection         com.offtime.app.gplay                D  制造商(MANUFACTURER): Google
2025-09-20 10:58:36.302 20714-20714 DeviceDetection         com.offtime.app.gplay                D  设备(DEVICE): emu64xa
2025-09-20 10:58:36.303 20714-20714 DeviceDetection         com.offtime.app.gplay                D  产品(PRODUCT): sdk_gphone64_x86_64
2025-09-20 10:58:36.303 20714-20714 DeviceDetection         com.offtime.app.gplay                D  是否为Pixel 4: false
2025-09-20 10:58:36.303 20714-20714 DeviceDetection         com.offtime.app.gplay                D  是否为Pixel 9 Pro: false
2025-09-20 10:58:36.303 20714-20714 DeviceDetection         com.offtime.app.gplay                D  是否为模拟器Pixel: true
2025-09-20 10:58:36.303 20714-20714 DeviceDetection         com.offtime.app.gplay                D  最终判定为问题设备: true
2025-09-20 10:58:36.303 20714-20714 SimpleScaling           com.offtime.app.gplay                D  设备型号: sdk_gphone64_x86_64
2025-09-20 10:58:36.303 20714-20714 SimpleScaling           com.offtime.app.gplay                D  屏幕尺寸: 411.0x923.0dp
2025-09-20 10:58:36.303 20714-20714 SimpleScaling           com.offtime.app.gplay                D  简化缩放因子: 1.0275
2025-09-20 10:58:36.303 20714-20714 DeviceDetection         com.offtime.app.gplay                D  === 详细设备信息 ===
2025-09-20 10:58:36.303 20714-20714 DeviceDetection         com.offtime.app.gplay                D  型号(MODEL): sdk_gphone64_x86_64
2025-09-20 10:58:36.303 20714-20714 DeviceDetection         com.offtime.app.gplay                D  制造商(MANUFACTURER): Google
2025-09-20 10:58:36.303 20714-20714 DeviceDetection         com.offtime.app.gplay                D  设备(DEVICE): emu64xa
2025-09-20 10:58:36.303 20714-20714 DeviceDetection         com.offtime.app.gplay                D  产品(PRODUCT): sdk_gphone64_x86_64
2025-09-20 10:58:36.303 20714-20714 DeviceDetection         com.offtime.app.gplay                D  是否为Pixel 4: false
2025-09-20 10:58:36.303 20714-20714 DeviceDetection         com.offtime.app.gplay                D  是否为Pixel 9 Pro: false
2025-09-20 10:58:36.303 20714-20714 DeviceDetection         com.offtime.app.gplay                D  是否为模拟器Pixel: true
2025-09-20 10:58:36.303 20714-20714 DeviceDetection         com.offtime.app.gplay                D  最终判定为问题设备: true
2025-09-20 10:58:36.303 20714-20714 SimpleScaling           com.offtime.app.gplay                D  设备型号: sdk_gphone64_x86_64
2025-09-20 10:58:36.303 20714-20714 SimpleScaling           com.offtime.app.gplay                D  屏幕尺寸: 411.0x923.0dp
2025-09-20 10:58:36.304 20714-20714 SimpleScaling           com.offtime.app.gplay                D  简化缩放因子: 1.0275
2025-09-20 10:58:36.304 20714-20714 DeviceDetection         com.offtime.app.gplay                D  === 详细设备信息 ===
2025-09-20 10:58:36.304 20714-20714 DeviceDetection         com.offtime.app.gplay                D  型号(MODEL): sdk_gphone64_x86_64
2025-09-20 10:58:36.304 20714-20714 DeviceDetection         com.offtime.app.gplay                D  制造商(MANUFACTURER): Google
2025-09-20 10:58:36.304 20714-20714 DeviceDetection         com.offtime.app.gplay                D  设备(DEVICE): emu64xa
2025-09-20 10:58:36.305 20714-20714 DeviceDetection         com.offtime.app.gplay                D  产品(PRODUCT): sdk_gphone64_x86_64
2025-09-20 10:58:36.305 20714-20714 DeviceDetection         com.offtime.app.gplay                D  是否为Pixel 4: false
2025-09-20 10:58:36.305 20714-20714 DeviceDetection         com.offtime.app.gplay                D  是否为Pixel 9 Pro: false
2025-09-20 10:58:36.305 20714-20714 DeviceDetection         com.offtime.app.gplay                D  是否为模拟器Pixel: true
2025-09-20 10:58:36.305 20714-20714 DeviceDetection         com.offtime.app.gplay                D  最终判定为问题设备: true
2025-09-20 10:58:36.305 20714-20714 SimpleScaling           com.offtime.app.gplay                D  设备型号: sdk_gphone64_x86_64
2025-09-20 10:58:36.305 20714-20714 SimpleScaling           com.offtime.app.gplay                D  屏幕尺寸: 411.0x923.0dp
2025-09-20 10:58:36.305 20714-20714 SimpleScaling           com.offtime.app.gplay                D  简化缩放因子: 1.0275
2025-09-20 10:58:36.335 20714-20714 PieChart                com.offtime.app.gplay                D  Canvas绘制: center=Offset(242.5, 242.5), radius=194.0
2025-09-20 10:58:36.342 20714-20714 HomeViewModel           com.offtime.app.gplay                D  🔄 开始下拉刷新
2025-09-20 10:58:36.343   686-706   ActivityManager         system_server                        I  Background started FGS: Allowed [callingPackage: com.offtime.app.gplay; callingUid: 10219; uidState: TOP ; uidBFSL: [BFSL]; intent: Intent { act=com.offtime.app.MANUAL_UPDATE xflg=0x4 cmp=com.offtime.app.gplay/com.offtime.app.service.UnifiedUpdateService }; code:PROC_STATE_TOP; tempAllowListReason:<null>; allowWiu:12; targetSdkVersion:35; callerTargetSdkVersion:35; startForegroundCount:0; bindFromPackage:null: isBindService:false]
2025-09-20 10:58:36.344 20714-20714 UnifiedUpdateService    com.offtime.app.gplay                D  触发手动更新
2025-09-20 10:58:36.345 20714-20714 HomeViewModel           com.offtime.app.gplay                D  开始加载使用数据: categoryId=4, today=2025-09-20
2025-09-20 10:58:36.345 20714-20714 HomeViewModel           com.offtime.app.gplay                D  查询指定日期数据: catId=4, date=2025-09-20
2025-09-20 10:58:36.350 20714-20714 PieChartWi...Refactored com.offtime.app.gplay                D  === 昨日奖罚状态调试 ===
2025-09-20 10:58:36.350 20714-20714 PieChartWi...Refactored com.offtime.app.gplay                D  yesterdayHasData: true
2025-09-20 10:58:36.350 20714-20714 PieChartWi...Refactored com.offtime.app.gplay                D  yesterdayGoalMet: true
2025-09-20 10:58:36.350 20714-20714 PieChartWi...Refactored com.offtime.app.gplay                D  isRewardPunishmentEnabled: true
2025-09-20 10:58:36.350 20714-20714 PieChartWi...Refactored com.offtime.app.gplay                D  rewardText: 'Chips 2 packs'
2025-09-20 10:58:36.350 20714-20714 PieChartWi...Refactored com.offtime.app.gplay                D  punishText: '俯卧撑'
2025-09-20 10:58:36.350 20714-20714 PieChartWi...Refactored com.offtime.app.gplay                D  yesterdayData: 0
2025-09-20 10:58:36.350 20714-20714 DeviceDetection         com.offtime.app.gplay                D  === 详细设备信息 ===
2025-09-20 10:58:36.350 20714-20714 DeviceDetection         com.offtime.app.gplay                D  型号(MODEL): sdk_gphone64_x86_64
2025-09-20 10:58:36.350 20714-20714 DeviceDetection         com.offtime.app.gplay                D  制造商(MANUFACTURER): Google
2025-09-20 10:58:36.350 20714-20714 DeviceDetection         com.offtime.app.gplay                D  设备(DEVICE): emu64xa
2025-09-20 10:58:36.350 20714-20714 DeviceDetection         com.offtime.app.gplay                D  产品(PRODUCT): sdk_gphone64_x86_64
2025-09-20 10:58:36.350 20714-20714 DeviceDetection         com.offtime.app.gplay                D  是否为Pixel 4: false
2025-09-20 10:58:36.350 20714-20714 DeviceDetection         com.offtime.app.gplay                D  是否为Pixel 9 Pro: false
2025-09-20 10:58:36.350 20714-20714 DeviceDetection         com.offtime.app.gplay                D  是否为模拟器Pixel: true
2025-09-20 10:58:36.350 20714-20714 DeviceDetection         com.offtime.app.gplay                D  最终判定为问题设备: true
2025-09-20 10:58:36.350 20714-20714 SimpleScaling           com.offtime.app.gplay                D  设备型号: sdk_gphone64_x86_64
2025-09-20 10:58:36.350 20714-20714 SimpleScaling           com.offtime.app.gplay                D  屏幕尺寸: 411.0x923.0dp
2025-09-20 10:58:36.350 20714-20714 SimpleScaling           com.offtime.app.gplay                D  简化缩放因子: 1.0275
2025-09-20 10:58:36.350 20714-20714 DeviceDetection         com.offtime.app.gplay                D  === 详细设备信息 ===
2025-09-20 10:58:36.350 20714-20714 DeviceDetection         com.offtime.app.gplay                D  型号(MODEL): sdk_gphone64_x86_64
2025-09-20 10:58:36.350 20714-20714 DeviceDetection         com.offtime.app.gplay                D  制造商(MANUFACTURER): Google
2025-09-20 10:58:36.350 20714-20714 DeviceDetection         com.offtime.app.gplay                D  设备(DEVICE): emu64xa
2025-09-20 10:58:36.350 20714-20714 DeviceDetection         com.offtime.app.gplay                D  产品(PRODUCT): sdk_gphone64_x86_64
2025-09-20 10:58:36.350 20714-20714 DeviceDetection         com.offtime.app.gplay                D  是否为Pixel 4: false
2025-09-20 10:58:36.350 20714-20714 DeviceDetection         com.offtime.app.gplay                D  是否为Pixel 9 Pro: false
2025-09-20 10:58:36.350 20714-20714 DeviceDetection         com.offtime.app.gplay                D  是否为模拟器Pixel: true
2025-09-20 10:58:36.350 20714-20714 DeviceDetection         com.offtime.app.gplay                D  最终判定为问题设备: true
2025-09-20 10:58:36.350 20714-20714 SimpleScaling           com.offtime.app.gplay                D  设备型号: sdk_gphone64_x86_64
2025-09-20 10:58:36.350 20714-20714 SimpleScaling           com.offtime.app.gplay                D  屏幕尺寸: 411.0x923.0dp
2025-09-20 10:58:36.350 20714-20714 SimpleScaling           com.offtime.app.gplay                D  简化缩放因子: 1.0275
2025-09-20 10:58:36.351 20714-20714 DeviceDetection         com.offtime.app.gplay                D  === 详细设备信息 ===
2025-09-20 10:58:36.351 20714-20714 DeviceDetection         com.offtime.app.gplay                D  型号(MODEL): sdk_gphone64_x86_64
2025-09-20 10:58:36.351 20714-20714 DeviceDetection         com.offtime.app.gplay                D  制造商(MANUFACTURER): Google
2025-09-20 10:58:36.351 20714-20714 DeviceDetection         com.offtime.app.gplay                D  设备(DEVICE): emu64xa
2025-09-20 10:58:36.351 20714-20714 DeviceDetection         com.offtime.app.gplay                D  产品(PRODUCT): sdk_gphone64_x86_64
2025-09-20 10:58:36.351 20714-20714 DeviceDetection         com.offtime.app.gplay                D  是否为Pixel 4: false
2025-09-20 10:58:36.351 20714-20714 DeviceDetection         com.offtime.app.gplay                D  是否为Pixel 9 Pro: false
2025-09-20 10:58:36.351 20714-20714 DeviceDetection         com.offtime.app.gplay                D  是否为模拟器Pixel: true
2025-09-20 10:58:36.351 20714-20714 DeviceDetection         com.offtime.app.gplay                D  最终判定为问题设备: true
2025-09-20 10:58:36.351 20714-20714 SimpleScaling           com.offtime.app.gplay                D  设备型号: sdk_gphone64_x86_64
2025-09-20 10:58:36.351 20714-20714 SimpleScaling           com.offtime.app.gplay                D  屏幕尺寸: 411.0x923.0dp
2025-09-20 10:58:36.351 20714-20714 SimpleScaling           com.offtime.app.gplay                D  简化缩放因子: 1.0275
2025-09-20 10:58:36.351 20714-20714 DeviceDetection         com.offtime.app.gplay                D  === 详细设备信息 ===
2025-09-20 10:58:36.351 20714-20714 DeviceDetection         com.offtime.app.gplay                D  型号(MODEL): sdk_gphone64_x86_64
2025-09-20 10:58:36.351 20714-20714 DeviceDetection         com.offtime.app.gplay                D  制造商(MANUFACTURER): Google
2025-09-20 10:58:36.351 20714-20714 DeviceDetection         com.offtime.app.gplay                D  设备(DEVICE): emu64xa
2025-09-20 10:58:36.351 20714-20714 DeviceDetection         com.offtime.app.gplay                D  产品(PRODUCT): sdk_gphone64_x86_64
2025-09-20 10:58:36.351 20714-20714 DeviceDetection         com.offtime.app.gplay                D  是否为Pixel 4: false
2025-09-20 10:58:36.351 20714-20714 DeviceDetection         com.offtime.app.gplay                D  是否为Pixel 9 Pro: false
2025-09-20 10:58:36.351 20714-20714 DeviceDetection         com.offtime.app.gplay                D  是否为模拟器Pixel: true
2025-09-20 10:58:36.351 20714-20714 DeviceDetection         com.offtime.app.gplay                D  最终判定为问题设备: true
2025-09-20 10:58:36.351 20714-20714 SimpleScaling           com.offtime.app.gplay                D  设备型号: sdk_gphone64_x86_64
2025-09-20 10:58:36.351 20714-20714 SimpleScaling           com.offtime.app.gplay                D  屏幕尺寸: 411.0x923.0dp
2025-09-20 10:58:36.351 20714-20714 SimpleScaling           com.offtime.app.gplay                D  简化缩放因子: 1.0275
2025-09-20 10:58:36.351 20714-20714 DeviceDetection         com.offtime.app.gplay                D  === 详细设备信息 ===
2025-09-20 10:58:36.351 20714-20714 DeviceDetection         com.offtime.app.gplay                D  型号(MODEL): sdk_gphone64_x86_64
2025-09-20 10:58:36.351 20714-20714 DeviceDetection         com.offtime.app.gplay                D  制造商(MANUFACTURER): Google
2025-09-20 10:58:36.351 20714-20714 DeviceDetection         com.offtime.app.gplay                D  设备(DEVICE): emu64xa
2025-09-20 10:58:36.351 20714-20714 DeviceDetection         com.offtime.app.gplay                D  产品(PRODUCT): sdk_gphone64_x86_64
2025-09-20 10:58:36.351 20714-20714 DeviceDetection         com.offtime.app.gplay                D  是否为Pixel 4: false
2025-09-20 10:58:36.351 20714-20714 DeviceDetection         com.offtime.app.gplay                D  是否为Pixel 9 Pro: false
2025-09-20 10:58:36.351 20714-20714 DeviceDetection         com.offtime.app.gplay                D  是否为模拟器Pixel: true
2025-09-20 10:58:36.351 20714-20714 DeviceDetection         com.offtime.app.gplay                D  最终判定为问题设备: true
2025-09-20 10:58:36.351 20714-20714 SimpleScaling           com.offtime.app.gplay                D  设备型号: sdk_gphone64_x86_64
2025-09-20 10:58:36.351 20714-20714 SimpleScaling           com.offtime.app.gplay                D  屏幕尺寸: 411.0x923.0dp
2025-09-20 10:58:36.351 20714-20714 SimpleScaling           com.offtime.app.gplay                D  简化缩放因子: 1.0275
2025-09-20 10:58:36.352 20714-20714 ParseRewardPunishment   com.offtime.app.gplay                D  解析文本: 'Chips 2 packs'
2025-09-20 10:58:36.352 20714-20714 ParseRewardPunishment   com.offtime.app.gplay                D  解析结果: content='Chips', quantity='2 packs'
2025-09-20 10:58:36.352 20714-20714 DeviceDetection         com.offtime.app.gplay                D  === 详细设备信息 ===
2025-09-20 10:58:36.352 20714-20714 DeviceDetection         com.offtime.app.gplay                D  型号(MODEL): sdk_gphone64_x86_64
2025-09-20 10:58:36.352 20714-20714 DeviceDetection         com.offtime.app.gplay                D  制造商(MANUFACTURER): Google
2025-09-20 10:58:36.352 20714-20714 DeviceDetection         com.offtime.app.gplay                D  设备(DEVICE): emu64xa
2025-09-20 10:58:36.352 20714-20714 DeviceDetection         com.offtime.app.gplay                D  产品(PRODUCT): sdk_gphone64_x86_64
2025-09-20 10:58:36.352 20714-20714 DeviceDetection         com.offtime.app.gplay                D  是否为Pixel 4: false
2025-09-20 10:58:36.352 20714-20714 DeviceDetection         com.offtime.app.gplay                D  是否为Pixel 9 Pro: false
2025-09-20 10:58:36.352 20714-20714 DeviceDetection         com.offtime.app.gplay                D  是否为模拟器Pixel: true
2025-09-20 10:58:36.352 20714-20714 DeviceDetection         com.offtime.app.gplay                D  最终判定为问题设备: true
2025-09-20 10:58:36.352 20714-20714 SimpleScaling           com.offtime.app.gplay                D  设备型号: sdk_gphone64_x86_64
2025-09-20 10:58:36.353 20714-20714 SimpleScaling           com.offtime.app.gplay                D  屏幕尺寸: 411.0x923.0dp
2025-09-20 10:58:36.353 20714-20714 SimpleScaling           com.offtime.app.gplay                D  简化缩放因子: 1.0275
2025-09-20 10:58:36.353 20714-20714 DeviceDetection         com.offtime.app.gplay                D  === 详细设备信息 ===
2025-09-20 10:58:36.353 20714-20714 DeviceDetection         com.offtime.app.gplay                D  型号(MODEL): sdk_gphone64_x86_64
2025-09-20 10:58:36.353 20714-20714 DeviceDetection         com.offtime.app.gplay                D  制造商(MANUFACTURER): Google
2025-09-20 10:58:36.353 20714-20714 DeviceDetection         com.offtime.app.gplay                D  设备(DEVICE): emu64xa
2025-09-20 10:58:36.353 20714-20714 DeviceDetection         com.offtime.app.gplay                D  产品(PRODUCT): sdk_gphone64_x86_64
2025-09-20 10:58:36.353 20714-20714 DeviceDetection         com.offtime.app.gplay                D  是否为Pixel 4: false
2025-09-20 10:58:36.353 20714-20714 DeviceDetection         com.offtime.app.gplay                D  是否为Pixel 9 Pro: false
2025-09-20 10:58:36.353 20714-20714 DeviceDetection         com.offtime.app.gplay                D  是否为模拟器Pixel: true
2025-09-20 10:58:36.353 20714-20714 DeviceDetection         com.offtime.app.gplay                D  最终判定为问题设备: true
2025-09-20 10:58:36.353 20714-20714 SimpleScaling           com.offtime.app.gplay                D  设备型号: sdk_gphone64_x86_64
2025-09-20 10:58:36.353 20714-20714 SimpleScaling           com.offtime.app.gplay                D  屏幕尺寸: 411.0x923.0dp
2025-09-20 10:58:36.353 20714-20714 SimpleScaling           com.offtime.app.gplay                D  简化缩放因子: 1.0275
2025-09-20 10:58:36.353 20714-20714 DeviceDetection         com.offtime.app.gplay                D  === 详细设备信息 ===
2025-09-20 10:58:36.353 20714-20714 DeviceDetection         com.offtime.app.gplay                D  型号(MODEL): sdk_gphone64_x86_64
2025-09-20 10:58:36.353 20714-20714 DeviceDetection         com.offtime.app.gplay                D  制造商(MANUFACTURER): Google
2025-09-20 10:58:36.353 20714-20714 DeviceDetection         com.offtime.app.gplay                D  设备(DEVICE): emu64xa
2025-09-20 10:58:36.353 20714-20714 DeviceDetection         com.offtime.app.gplay                D  产品(PRODUCT): sdk_gphone64_x86_64
2025-09-20 10:58:36.353 20714-20714 DeviceDetection         com.offtime.app.gplay                D  是否为Pixel 4: false
2025-09-20 10:58:36.353 20714-20714 DeviceDetection         com.offtime.app.gplay                D  是否为Pixel 9 Pro: false
2025-09-20 10:58:36.353 20714-20714 DeviceDetection         com.offtime.app.gplay                D  是否为模拟器Pixel: true
2025-09-20 10:58:36.353 20714-20714 DeviceDetection         com.offtime.app.gplay                D  最终判定为问题设备: true
2025-09-20 10:58:36.353 20714-20714 SimpleScaling           com.offtime.app.gplay                D  设备型号: sdk_gphone64_x86_64
2025-09-20 10:58:36.353 20714-20714 SimpleScaling           com.offtime.app.gplay                D  屏幕尺寸: 411.0x923.0dp
2025-09-20 10:58:36.354 20714-20714 SimpleScaling           com.offtime.app.gplay                D  简化缩放因子: 1.0275
2025-09-20 10:58:36.354 20714-20714 DeviceDetection         com.offtime.app.gplay                D  === 详细设备信息 ===
2025-09-20 10:58:36.354 20714-20714 DeviceDetection         com.offtime.app.gplay                D  型号(MODEL): sdk_gphone64_x86_64
2025-09-20 10:58:36.354 20714-20714 DeviceDetection         com.offtime.app.gplay                D  制造商(MANUFACTURER): Google
2025-09-20 10:58:36.354 20714-20714 DeviceDetection         com.offtime.app.gplay                D  设备(DEVICE): emu64xa
2025-09-20 10:58:36.354 20714-20714 DeviceDetection         com.offtime.app.gplay                D  产品(PRODUCT): sdk_gphone64_x86_64
2025-09-20 10:58:36.354 20714-20714 DeviceDetection         com.offtime.app.gplay                D  是否为Pixel 4: false
2025-09-20 10:58:36.354 20714-20714 DeviceDetection         com.offtime.app.gplay                D  是否为Pixel 9 Pro: false
2025-09-20 10:58:36.354 20714-20714 DeviceDetection         com.offtime.app.gplay                D  是否为模拟器Pixel: true
2025-09-20 10:58:36.354 20714-20714 DeviceDetection         com.offtime.app.gplay                D  最终判定为问题设备: true
2025-09-20 10:58:36.354 20714-20714 SimpleScaling           com.offtime.app.gplay                D  设备型号: sdk_gphone64_x86_64
2025-09-20 10:58:36.354 20714-20714 SimpleScaling           com.offtime.app.gplay                D  屏幕尺寸: 411.0x923.0dp
2025-09-20 10:58:36.354 20714-20714 SimpleScaling           com.offtime.app.gplay                D  简化缩放因子: 1.0275
2025-09-20 10:58:36.357 20714-20714 PieChart                com.offtime.app.gplay                D  Canvas绘制: center=Offset(242.5, 242.5), radius=194.0
2025-09-20 10:58:36.368 20714-20714 UnifiedUpdateService    com.offtime.app.gplay                D  通知渠道已创建
2025-09-20 10:58:36.368 20714-20714 UnifiedUpdateService    com.offtime.app.gplay                D  统一更新服务已创建
2025-09-20 10:58:36.370   686-705   Foreground...ggerModule system_server                        W  Foreground service start for UID: 10219 does not have any types
2025-09-20 10:58:36.371   686-1130  Background...rolService system_server                        D  Package event received: 0
2025-09-20 10:58:36.372 20714-20714 HomeViewModel           com.offtime.app.gplay                D  加载总使用分类数据
2025-09-20 10:58:36.374 20714-20779 UnifiedUpdateService    com.offtime.app.gplay                D  开始执行统一更新流程 - manual
2025-09-20 10:58:36.375 20714-20714 HomeViewModel           com.offtime.app.gplay                D  查询昨日奖罚状态: categoryId=4, date=2025-09-19
2025-09-20 10:58:36.376 20714-20779 UnifiedUpdateService    com.offtime.app.gplay                D  第一阶段：原始数据收集
2025-09-20 10:58:36.376 20714-20779 UnifiedUpdateService    com.offtime.app.gplay                D  开始收集原始使用数据
2025-09-20 10:58:36.379 20714-20779 UsageStatsCollector     com.offtime.app.gplay                D  触发事件拉取（后台任务）
2025-09-20 10:58:36.382 20714-20714 PieChartWi...Refactored com.offtime.app.gplay                D  === 昨日奖罚状态调试 ===
2025-09-20 10:58:36.382 20714-20714 PieChartWi...Refactored com.offtime.app.gplay                D  yesterdayHasData: true
2025-09-20 10:58:36.382 20714-20714 PieChartWi...Refactored com.offtime.app.gplay                D  yesterdayGoalMet: true
2025-09-20 10:58:36.382 20714-20714 PieChartWi...Refactored com.offtime.app.gplay                D  isRewardPunishmentEnabled: true
2025-09-20 10:58:36.382 20714-20714 PieChartWi...Refactored com.offtime.app.gplay                D  rewardText: 'Chips 2 packs'
2025-09-20 10:58:36.382 20714-20714 PieChartWi...Refactored com.offtime.app.gplay                D  punishText: '俯卧撑'
2025-09-20 10:58:36.382 20714-20714 PieChartWi...Refactored com.offtime.app.gplay                D  yesterdayData: 0
2025-09-20 10:58:36.382 20714-20714 DeviceDetection         com.offtime.app.gplay                D  === 详细设备信息 ===
2025-09-20 10:58:36.382 20714-20714 DeviceDetection         com.offtime.app.gplay                D  型号(MODEL): sdk_gphone64_x86_64
2025-09-20 10:58:36.382 20714-20714 DeviceDetection         com.offtime.app.gplay                D  制造商(MANUFACTURER): Google
2025-09-20 10:58:36.382 20714-20714 DeviceDetection         com.offtime.app.gplay                D  设备(DEVICE): emu64xa
2025-09-20 10:58:36.382 20714-20714 DeviceDetection         com.offtime.app.gplay                D  产品(PRODUCT): sdk_gphone64_x86_64
2025-09-20 10:58:36.383 20714-20714 DeviceDetection         com.offtime.app.gplay                D  是否为Pixel 4: false
2025-09-20 10:58:36.383 20714-20714 DeviceDetection         com.offtime.app.gplay                D  是否为Pixel 9 Pro: false
2025-09-20 10:58:36.383 20714-20714 DeviceDetection         com.offtime.app.gplay                D  是否为模拟器Pixel: true
2025-09-20 10:58:36.383 20714-20714 DeviceDetection         com.offtime.app.gplay                D  最终判定为问题设备: true
2025-09-20 10:58:36.383 20714-20714 SimpleScaling           com.offtime.app.gplay                D  设备型号: sdk_gphone64_x86_64
2025-09-20 10:58:36.383 20714-20714 SimpleScaling           com.offtime.app.gplay                D  屏幕尺寸: 411.0x923.0dp
2025-09-20 10:58:36.383 20714-20714 SimpleScaling           com.offtime.app.gplay                D  简化缩放因子: 1.0275
2025-09-20 10:58:36.383 20714-20714 DeviceDetection         com.offtime.app.gplay                D  === 详细设备信息 ===
2025-09-20 10:58:36.383 20714-20714 DeviceDetection         com.offtime.app.gplay                D  型号(MODEL): sdk_gphone64_x86_64
2025-09-20 10:58:36.383 20714-20714 DeviceDetection         com.offtime.app.gplay                D  制造商(MANUFACTURER): Google
2025-09-20 10:58:36.383 20714-20714 DeviceDetection         com.offtime.app.gplay                D  设备(DEVICE): emu64xa
2025-09-20 10:58:36.383 20714-20714 DeviceDetection         com.offtime.app.gplay                D  产品(PRODUCT): sdk_gphone64_x86_64
2025-09-20 10:58:36.383 20714-20714 DeviceDetection         com.offtime.app.gplay                D  是否为Pixel 4: false
2025-09-20 10:58:36.383 20714-20714 DeviceDetection         com.offtime.app.gplay                D  是否为Pixel 9 Pro: false
2025-09-20 10:58:36.383 20714-20714 DeviceDetection         com.offtime.app.gplay                D  是否为模拟器Pixel: true
2025-09-20 10:58:36.383 20714-20714 DeviceDetection         com.offtime.app.gplay                D  最终判定为问题设备: true
2025-09-20 10:58:36.383 20714-20714 SimpleScaling           com.offtime.app.gplay                D  设备型号: sdk_gphone64_x86_64
2025-09-20 10:58:36.383 20714-20714 SimpleScaling           com.offtime.app.gplay                D  屏幕尺寸: 411.0x923.0dp
2025-09-20 10:58:36.383 20714-20714 SimpleScaling           com.offtime.app.gplay                D  简化缩放因子: 1.0275
2025-09-20 10:58:36.383 20714-20714 DeviceDetection         com.offtime.app.gplay                D  === 详细设备信息 ===
2025-09-20 10:58:36.383 20714-20714 DeviceDetection         com.offtime.app.gplay                D  型号(MODEL): sdk_gphone64_x86_64
2025-09-20 10:58:36.384 20714-20714 DeviceDetection         com.offtime.app.gplay                D  制造商(MANUFACTURER): Google
2025-09-20 10:58:36.384 20714-20714 DeviceDetection         com.offtime.app.gplay                D  设备(DEVICE): emu64xa
2025-09-20 10:58:36.384 20714-20714 DeviceDetection         com.offtime.app.gplay                D  产品(PRODUCT): sdk_gphone64_x86_64
2025-09-20 10:58:36.384 20714-20714 DeviceDetection         com.offtime.app.gplay                D  是否为Pixel 4: false
2025-09-20 10:58:36.384 20714-20714 DeviceDetection         com.offtime.app.gplay                D  是否为Pixel 9 Pro: false
2025-09-20 10:58:36.384 20714-20714 DeviceDetection         com.offtime.app.gplay                D  是否为模拟器Pixel: true
2025-09-20 10:58:36.384 20714-20714 DeviceDetection         com.offtime.app.gplay                D  最终判定为问题设备: true
