2025-09-20 10:58:39.441 20714-20714 SimpleScaling           com.offtime.app.gplay                D  屏幕尺寸: 411.0x923.0dp
2025-09-20 10:58:39.442 20714-20714 SimpleScaling           com.offtime.app.gplay                D  简化缩放因子: 1.0275
2025-09-20 10:58:39.446 20714-20714 PieChart                com.offtime.app.gplay                D  Canvas绘制: center=Offset(242.5, 242.5), radius=194.0
2025-09-20 10:58:39.471 20714-20714 HomeViewModel           com.offtime.app.gplay                D  昨日使用数据: real=0s, virtual=0s, goal=7200s
2025-09-20 10:58:39.471 20714-20714 HomeViewModel           com.offtime.app.gplay                D  应用安装时间检查: installTime=Sun Aug 17 16:04:39 GMT+08:00 2025, today=Sat Sep 20 00:00:00 GMT+08:00 2025, isInstalledToday=false
2025-09-20 10:58:39.471 20714-20714 HomeViewModel           com.offtime.app.gplay                D  当前活跃会话使用时间: 0s (分类ID: 1)
2025-09-20 10:58:39.472 20714-20714 HomeViewModel           com.offtime.app.gplay                D  今日普通分类加上活跃会话: +0s
2025-09-20 10:58:39.472 20714-20714 HomeViewModel           com.offtime.app.gplay                D  普通分类数据: realUsage=1517s, virtualUsage=1886s
2025-09-20 10:58:39.472 20714-20714 HomeViewModel           com.offtime.app.gplay                D  最终设置: realUsageSec=1517, virtualUsageSec=1886
2025-09-20 10:58:39.472 20714-20714 HomeViewModel           com.offtime.app.gplay                D  数据加载完成，奖罚模块显示昨日数据
2025-09-20 10:58:39.472 20714-20714 HomeViewModel           com.offtime.app.gplay                D  查询昨日奖罚状态: categoryId=1, date=2025-09-19
2025-09-20 10:58:39.501 20714-20714 HomeViewModel           com.offtime.app.gplay                D  日数据处理: 9/9 (2025-09-09), 状态=安装后, 使用时间=0分钟, 完成率=0.0, 奖励=0.0%, 惩罚=100.0%
2025-09-20 10:58:39.503 20714-20796 AppSessionRepository    com.offtime.app.gplay                D  getCurrentActiveUsageByCategory已修复: 不再返回错误的活跃时间，分类1返回0
2025-09-20 10:58:39.504 20714-20714 PieChartWi...Refactored com.offtime.app.gplay                D  === 昨日奖罚状态调试 ===
2025-09-20 10:58:39.504 20714-20714 PieChartWi...Refactored com.offtime.app.gplay                D  yesterdayHasData: true
2025-09-20 10:58:39.504 20714-20714 PieChartWi...Refactored com.offtime.app.gplay                D  yesterdayGoalMet: false
2025-09-20 10:58:39.504 20714-20714 PieChartWi...Refactored com.offtime.app.gplay                D  isRewardPunishmentEnabled: true
2025-09-20 10:58:39.504 20714-20714 PieChartWi...Refactored com.offtime.app.gplay                D  rewardText: 'Chips 2 packs'
2025-09-20 10:58:39.504 20714-20714 PieChartWi...Refactored com.offtime.app.gplay                D  punishText: '俯卧撑'
2025-09-20 10:58:39.504 20714-20714 PieChartWi...Refactored com.offtime.app.gplay                D  yesterdayData: null
2025-09-20 10:58:39.504 20714-20714 PieChartWi...Refactored com.offtime.app.gplay                D  最终使用的惩罚文本: '俯卧撑'（应惩罚量，非实际完成量）
2025-09-20 10:58:39.504 20714-20714 DeviceDetection         com.offtime.app.gplay                D  === 详细设备信息 ===
2025-09-20 10:58:39.504 20714-20714 DeviceDetection         com.offtime.app.gplay                D  型号(MODEL): sdk_gphone64_x86_64
2025-09-20 10:58:39.504 20714-20714 DeviceDetection         com.offtime.app.gplay                D  制造商(MANUFACTURER): Google
2025-09-20 10:58:39.504 20714-20714 DeviceDetection         com.offtime.app.gplay                D  设备(DEVICE): emu64xa
2025-09-20 10:58:39.504 20714-20714 DeviceDetection         com.offtime.app.gplay                D  产品(PRODUCT): sdk_gphone64_x86_64
2025-09-20 10:58:39.504 20714-20714 DeviceDetection         com.offtime.app.gplay                D  是否为Pixel 4: false
2025-09-20 10:58:39.504 20714-20714 DeviceDetection         com.offtime.app.gplay                D  是否为Pixel 9 Pro: false
2025-09-20 10:58:39.504 20714-20714 DeviceDetection         com.offtime.app.gplay                D  是否为模拟器Pixel: true
2025-09-20 10:58:39.504 20714-20714 DeviceDetection         com.offtime.app.gplay                D  最终判定为问题设备: true
2025-09-20 10:58:39.504 20714-20714 SimpleScaling           com.offtime.app.gplay                D  设备型号: sdk_gphone64_x86_64
2025-09-20 10:58:39.504 20714-20714 SimpleScaling           com.offtime.app.gplay                D  屏幕尺寸: 411.0x923.0dp
2025-09-20 10:58:39.504 20714-20714 SimpleScaling           com.offtime.app.gplay                D  简化缩放因子: 1.0275
2025-09-20 10:58:39.504 20714-20714 DeviceDetection         com.offtime.app.gplay                D  === 详细设备信息 ===
2025-09-20 10:58:39.504 20714-20714 DeviceDetection         com.offtime.app.gplay                D  型号(MODEL): sdk_gphone64_x86_64
2025-09-20 10:58:39.504 20714-20714 DeviceDetection         com.offtime.app.gplay                D  制造商(MANUFACTURER): Google
2025-09-20 10:58:39.504 20714-20714 DeviceDetection         com.offtime.app.gplay                D  设备(DEVICE): emu64xa
2025-09-20 10:58:39.504 20714-20714 DeviceDetection         com.offtime.app.gplay                D  产品(PRODUCT): sdk_gphone64_x86_64
2025-09-20 10:58:39.504 20714-20714 DeviceDetection         com.offtime.app.gplay                D  是否为Pixel 4: false
2025-09-20 10:58:39.504 20714-20714 DeviceDetection         com.offtime.app.gplay                D  是否为Pixel 9 Pro: false
2025-09-20 10:58:39.504 20714-20714 DeviceDetection         com.offtime.app.gplay                D  是否为模拟器Pixel: true
2025-09-20 10:58:39.504 20714-20714 DeviceDetection         com.offtime.app.gplay                D  最终判定为问题设备: true
2025-09-20 10:58:39.504 20714-20714 SimpleScaling           com.offtime.app.gplay                D  设备型号: sdk_gphone64_x86_64
2025-09-20 10:58:39.504 20714-20714 SimpleScaling           com.offtime.app.gplay                D  屏幕尺寸: 411.0x923.0dp
2025-09-20 10:58:39.505 20714-20714 SimpleScaling           com.offtime.app.gplay                D  简化缩放因子: 1.0275
2025-09-20 10:58:39.505 20714-20714 DeviceDetection         com.offtime.app.gplay                D  === 详细设备信息 ===
2025-09-20 10:58:39.505 20714-20714 DeviceDetection         com.offtime.app.gplay                D  型号(MODEL): sdk_gphone64_x86_64
2025-09-20 10:58:39.505 20714-20714 DeviceDetection         com.offtime.app.gplay                D  制造商(MANUFACTURER): Google
2025-09-20 10:58:39.505 20714-20714 DeviceDetection         com.offtime.app.gplay                D  设备(DEVICE): emu64xa
2025-09-20 10:58:39.505 20714-20714 DeviceDetection         com.offtime.app.gplay                D  产品(PRODUCT): sdk_gphone64_x86_64
2025-09-20 10:58:39.505 20714-20714 DeviceDetection         com.offtime.app.gplay                D  是否为Pixel 4: false
2025-09-20 10:58:39.505 20714-20714 DeviceDetection         com.offtime.app.gplay                D  是否为Pixel 9 Pro: false
2025-09-20 10:58:39.505 20714-20714 DeviceDetection         com.offtime.app.gplay                D  是否为模拟器Pixel: true
2025-09-20 10:58:39.505 20714-20714 DeviceDetection         com.offtime.app.gplay                D  最终判定为问题设备: true
2025-09-20 10:58:39.505 20714-20714 SimpleScaling           com.offtime.app.gplay                D  设备型号: sdk_gphone64_x86_64
2025-09-20 10:58:39.505 20714-20714 SimpleScaling           com.offtime.app.gplay                D  屏幕尺寸: 411.0x923.0dp
2025-09-20 10:58:39.505 20714-20714 SimpleScaling           com.offtime.app.gplay                D  简化缩放因子: 1.0275
2025-09-20 10:58:39.505 20714-20714 PendingPunishmentCard   com.offtime.app.gplay                D  === 惩罚卡片调试 ===
2025-09-20 10:58:39.505 20714-20714 PendingPunishmentCard   com.offtime.app.gplay                D  接收到的punishText: '俯卧撑'
2025-09-20 10:58:39.505 20714-20714 ParseRewardPunishment   com.offtime.app.gplay                D  解析文本: '俯卧撑'
2025-09-20 10:58:39.506 20714-20714 ParseRewardPunishment   com.offtime.app.gplay                D  解析结果: content='Push-ups', quantity='30'
2025-09-20 10:58:39.506 20714-20714 PendingPunishmentCard   com.offtime.app.gplay                D  解析结果: content='Push-ups', quantity='30'
2025-09-20 10:58:39.507 20714-20714 DeviceDetection         com.offtime.app.gplay                D  === 详细设备信息 ===
2025-09-20 10:58:39.507 20714-20714 DeviceDetection         com.offtime.app.gplay                D  型号(MODEL): sdk_gphone64_x86_64
2025-09-20 10:58:39.507 20714-20714 DeviceDetection         com.offtime.app.gplay                D  制造商(MANUFACTURER): Google
2025-09-20 10:58:39.507 20714-20714 DeviceDetection         com.offtime.app.gplay                D  设备(DEVICE): emu64xa
2025-09-20 10:58:39.507 20714-20714 DeviceDetection         com.offtime.app.gplay                D  产品(PRODUCT): sdk_gphone64_x86_64
2025-09-20 10:58:39.507 20714-20714 DeviceDetection         com.offtime.app.gplay                D  是否为Pixel 4: false
2025-09-20 10:58:39.507 20714-20714 DeviceDetection         com.offtime.app.gplay                D  是否为Pixel 9 Pro: false
2025-09-20 10:58:39.507 20714-20714 DeviceDetection         com.offtime.app.gplay                D  是否为模拟器Pixel: true
2025-09-20 10:58:39.507 20714-20714 DeviceDetection         com.offtime.app.gplay                D  最终判定为问题设备: true
2025-09-20 10:58:39.507 20714-20714 SimpleScaling           com.offtime.app.gplay                D  设备型号: sdk_gphone64_x86_64
2025-09-20 10:58:39.507 20714-20714 SimpleScaling           com.offtime.app.gplay                D  屏幕尺寸: 411.0x923.0dp
2025-09-20 10:58:39.507 20714-20714 SimpleScaling           com.offtime.app.gplay                D  简化缩放因子: 1.0275
2025-09-20 10:58:39.507 20714-20714 DeviceDetection         com.offtime.app.gplay                D  === 详细设备信息 ===
2025-09-20 10:58:39.507 20714-20714 DeviceDetection         com.offtime.app.gplay                D  型号(MODEL): sdk_gphone64_x86_64
2025-09-20 10:58:39.507 20714-20714 DeviceDetection         com.offtime.app.gplay                D  制造商(MANUFACTURER): Google
2025-09-20 10:58:39.507 20714-20714 DeviceDetection         com.offtime.app.gplay                D  设备(DEVICE): emu64xa
2025-09-20 10:58:39.507 20714-20714 DeviceDetection         com.offtime.app.gplay                D  产品(PRODUCT): sdk_gphone64_x86_64
2025-09-20 10:58:39.507 20714-20714 DeviceDetection         com.offtime.app.gplay                D  是否为Pixel 4: false
2025-09-20 10:58:39.507 20714-20714 DeviceDetection         com.offtime.app.gplay                D  是否为Pixel 9 Pro: false
2025-09-20 10:58:39.507 20714-20714 DeviceDetection         com.offtime.app.gplay                D  是否为模拟器Pixel: true
2025-09-20 10:58:39.508 20714-20714 DeviceDetection         com.offtime.app.gplay                D  最终判定为问题设备: true
2025-09-20 10:58:39.508 20714-20714 SimpleScaling           com.offtime.app.gplay                D  设备型号: sdk_gphone64_x86_64
2025-09-20 10:58:39.508 20714-20714 SimpleScaling           com.offtime.app.gplay                D  屏幕尺寸: 411.0x923.0dp
2025-09-20 10:58:39.508 20714-20714 SimpleScaling           com.offtime.app.gplay                D  简化缩放因子: 1.0275
2025-09-20 10:58:39.508 20714-20714 DeviceDetection         com.offtime.app.gplay                D  === 详细设备信息 ===
2025-09-20 10:58:39.508 20714-20714 DeviceDetection         com.offtime.app.gplay                D  型号(MODEL): sdk_gphone64_x86_64
2025-09-20 10:58:39.508 20714-20714 DeviceDetection         com.offtime.app.gplay                D  制造商(MANUFACTURER): Google
2025-09-20 10:58:39.508 20714-20714 DeviceDetection         com.offtime.app.gplay                D  设备(DEVICE): emu64xa
2025-09-20 10:58:39.508 20714-20714 DeviceDetection         com.offtime.app.gplay                D  产品(PRODUCT): sdk_gphone64_x86_64
2025-09-20 10:58:39.508 20714-20714 DeviceDetection         com.offtime.app.gplay                D  是否为Pixel 4: false
2025-09-20 10:58:39.508 20714-20714 DeviceDetection         com.offtime.app.gplay                D  是否为Pixel 9 Pro: false
2025-09-20 10:58:39.508 20714-20714 DeviceDetection         com.offtime.app.gplay                D  是否为模拟器Pixel: true
2025-09-20 10:58:39.508 20714-20714 DeviceDetection         com.offtime.app.gplay                D  最终判定为问题设备: true
2025-09-20 10:58:39.508 20714-20714 SimpleScaling           com.offtime.app.gplay                D  设备型号: sdk_gphone64_x86_64
2025-09-20 10:58:39.508 20714-20714 SimpleScaling           com.offtime.app.gplay                D  屏幕尺寸: 411.0x923.0dp
2025-09-20 10:58:39.508 20714-20714 SimpleScaling           com.offtime.app.gplay                D  简化缩放因子: 1.0275
2025-09-20 10:58:39.508 20714-20714 DeviceDetection         com.offtime.app.gplay                D  === 详细设备信息 ===
2025-09-20 10:58:39.508 20714-20714 DeviceDetection         com.offtime.app.gplay                D  型号(MODEL): sdk_gphone64_x86_64
2025-09-20 10:58:39.508 20714-20714 DeviceDetection         com.offtime.app.gplay                D  制造商(MANUFACTURER): Google
2025-09-20 10:58:39.508 20714-20714 DeviceDetection         com.offtime.app.gplay                D  设备(DEVICE): emu64xa
2025-09-20 10:58:39.508 20714-20714 DeviceDetection         com.offtime.app.gplay                D  产品(PRODUCT): sdk_gphone64_x86_64
2025-09-20 10:58:39.508 20714-20714 DeviceDetection         com.offtime.app.gplay                D  是否为Pixel 4: false
2025-09-20 10:58:39.508 20714-20714 DeviceDetection         com.offtime.app.gplay                D  是否为Pixel 9 Pro: false
2025-09-20 10:58:39.508 20714-20714 DeviceDetection         com.offtime.app.gplay                D  是否为模拟器Pixel: true
2025-09-20 10:58:39.508 20714-20714 DeviceDetection         com.offtime.app.gplay                D  最终判定为问题设备: true
2025-09-20 10:58:39.508 20714-20714 SimpleScaling           com.offtime.app.gplay                D  设备型号: sdk_gphone64_x86_64
2025-09-20 10:58:39.508 20714-20714 SimpleScaling           com.offtime.app.gplay                D  屏幕尺寸: 411.0x923.0dp
2025-09-20 10:58:39.508 20714-20714 SimpleScaling           com.offtime.app.gplay                D  简化缩放因子: 1.0275
2025-09-20 10:58:39.514 20714-20714 PieChart                com.offtime.app.gplay                D  Canvas绘制: center=Offset(242.5, 242.5), radius=194.0
2025-09-20 10:58:39.535 20714-20779 UsageStatsCollector     com.offtime.app.gplay                D  getForegroundApp: 最近使用的应用是 com.offtime.app.gplay
2025-09-20 10:58:39.535 20714-20779 UsageStatsCollector     com.offtime.app.gplay                D  ✅ 后台触发但确认用户在使用OffTimes，允许累计
2025-09-20 10:58:39.536 20714-20779 UsageStatsCollector     com.offtime.app.gplay                D  实时统计 → 当前活跃应用: com.offtime.app.gplay
2025-09-20 10:58:39.536 20714-20779 UsageStatsCollector     com.offtime.app.gplay                D  实时统计 → com.offtime.app.gplay, 已使用90秒
2025-09-20 10:58:39.539 20714-20779 AppSessionRepository    com.offtime.app.gplay                W  跳过实时新建会话(避免重复): com.offtime.app.gplay, date=2025-09-20, start=1758337029497
2025-09-20 10:58:39.558 20714-20714 HomeViewModel           com.offtime.app.gplay                D  昨日使用数据: real=0s, virtual=0s, goal=7200s
2025-09-20 10:58:39.559 20714-20714 HomeViewModel           com.offtime.app.gplay                D  应用安装时间检查: installTime=Sun Aug 17 16:04:39 GMT+08:00 2025, today=Sat Sep 20 00:00:00 GMT+08:00 2025, isInstalledToday=false
2025-09-20 10:58:39.560 20714-20714 HomeViewModel           com.offtime.app.gplay                D  期间[昨天]奖罚统计: 应获得奖励=0次, 完成奖励=0次, 实际奖励量=0, 应获得惩罚=1次, 完成惩罚=1次, 实际惩罚量=0
2025-09-20 10:58:39.560 20714-20714 HomeViewModel           com.offtime.app.gplay                D  昨日使用数据: real=0s, virtual=0s, goal=7200s
2025-09-20 10:58:39.560 20714-20714 HomeViewModel           com.offtime.app.gplay                D  应用安装时间检查: installTime=Sun Aug 17 16:04:39 GMT+08:00 2025, today=Sat Sep 20 00:00:00 GMT+08:00 2025, isInstalledToday=false
2025-09-20 10:58:39.560 20714-20714 HomeViewModel           com.offtime.app.gplay                D  昨日使用数据: real=0s, virtual=0s, goal=7200s
2025-09-20 10:58:39.561 20714-20714 HomeViewModel           com.offtime.app.gplay                D  应用安装时间检查: installTime=Sun Aug 17 16:04:39 GMT+08:00 2025, today=Sat Sep 20 00:00:00 GMT+08:00 2025, isInstalledToday=false
2025-09-20 10:58:39.561 20714-20714 HomeViewModel           com.offtime.app.gplay                D  当前活跃会话使用时间: 0s (分类ID: 1)
2025-09-20 10:58:39.561 20714-20714 HomeViewModel           com.offtime.app.gplay                D  今日普通分类加上活跃会话: +0s
2025-09-20 10:58:39.561 20714-20714 HomeViewModel           com.offtime.app.gplay                D  普通分类数据: realUsage=1517s, virtualUsage=1886s
2025-09-20 10:58:39.561 20714-20714 HomeViewModel           com.offtime.app.gplay                D  最终设置: realUsageSec=1517, virtualUsageSec=1886
2025-09-20 10:58:39.561 20714-20714 HomeViewModel           com.offtime.app.gplay                D  数据加载完成，奖罚模块显示昨日数据
2025-09-20 10:58:39.561 20714-20714 HomeViewModel           com.offtime.app.gplay                D  查询昨日奖罚状态: categoryId=1, date=2025-09-19
2025-09-20 10:58:39.606 20714-20714 HomeViewModel           com.offtime.app.gplay                D  昨日使用数据: real=0s, virtual=0s, goal=7200s
2025-09-20 10:58:39.607 20714-20714 HomeViewModel           com.offtime.app.gplay                D  应用安装时间检查: installTime=Sun Aug 17 16:04:39 GMT+08:00 2025, today=Sat Sep 20 00:00:00 GMT+08:00 2025, isInstalledToday=false
2025-09-20 10:58:39.697 20714-20714 HomeViewModel           com.offtime.app.gplay                D  === calculatePunishmentText Debug ===
2025-09-20 10:58:39.697 20714-20714 HomeViewModel           com.offtime.app.gplay                D  categoryId=1, usageSeconds=0, goalSeconds=7200
2025-09-20 10:58:39.698 20714-20714 HomeViewModel           com.offtime.app.gplay                D  goal=俯卧撑, punishNumber=30, punishUnit=个
2025-09-20 10:58:39.698 20714-20714 HomeViewModel           com.offtime.app.gplay                D  punishTimeUnit=小时, conditionType=0
2025-09-20 10:58:39.698 20714-20714 HomeViewModel           com.offtime.app.gplay                D  从昨日详细数据更新惩罚文本: 俯卧撑
2025-09-20 10:58:39.698 20714-20714 HomeViewModel           com.offtime.app.gplay                D  从奖惩记录表查询昨日奖罚状态: reward=0, punishment=1, goalMet=0
2025-09-20 10:58:39.698 20714-20714 HomeViewModel           com.offtime.app.gplay                D  分类 1 的目标时间: 120分钟 = 7200秒, 类型: 0
2025-09-20 10:58:39.698 20714-20714 HomeViewModel           com.offtime.app.gplay                D  === calculatePunishmentText Debug ===
2025-09-20 10:58:39.698 20714-20714 HomeViewModel           com.offtime.app.gplay                D  categoryId=1, usageSeconds=0, goalSeconds=7200
2025-09-20 10:58:39.698 20714-20714 HomeViewModel           com.offtime.app.gplay                D  goal=俯卧撑, punishNumber=30, punishUnit=个
2025-09-20 10:58:39.698 20714-20714 HomeViewModel           com.offtime.app.gplay                D  punishTimeUnit=小时, conditionType=0
2025-09-20 10:58:39.698 20714-20714 HomeViewModel           com.offtime.app.gplay                D  从昨日详细数据更新惩罚文本: 俯卧撑
2025-09-20 10:58:39.698 20714-20714 HomeViewModel           com.offtime.app.gplay                D  从奖惩记录表查询昨日奖罚状态: reward=0, punishment=1, goalMet=0
2025-09-20 10:58:39.698 20714-20714 HomeViewModel           com.offtime.app.gplay                D  分类 1 的目标时间: 120分钟 = 7200秒, 类型: 0
2025-09-20 10:58:39.699 20714-20714 HomeViewModel           com.offtime.app.gplay                D  昨日使用数据: real=0s, virtual=0s, goal=7200s
2025-09-20 10:58:39.699 20714-20714 HomeViewModel           com.offtime.app.gplay                D  应用安装时间检查: installTime=Sun Aug 17 16:04:39 GMT+08:00 2025, today=Sat Sep 20 00:00:00 GMT+08:00 2025, isInstalledToday=false
2025-09-20 10:58:39.739 20714-20714 HomeViewModel           com.offtime.app.gplay                D  === calculatePunishmentText Debug ===
2025-09-20 10:58:39.739 20714-20714 HomeViewModel           com.offtime.app.gplay                D  categoryId=1, usageSeconds=0, goalSeconds=7200
2025-09-20 10:58:39.739 20714-20714 HomeViewModel           com.offtime.app.gplay                D  goal=俯卧撑, punishNumber=30, punishUnit=个
2025-09-20 10:58:39.739 20714-20714 HomeViewModel           com.offtime.app.gplay                D  punishTimeUnit=小时, conditionType=0
2025-09-20 10:58:39.739 20714-20714 HomeViewModel           com.offtime.app.gplay                D  从昨日详细数据更新惩罚文本: 俯卧撑
2025-09-20 10:58:39.739 20714-20714 HomeViewModel           com.offtime.app.gplay                D  从奖惩记录表查询昨日奖罚状态: reward=0, punishment=1, goalMet=0
2025-09-20 10:58:39.739 20714-20714 HomeViewModel           com.offtime.app.gplay                D  分类 1 的目标时间: 120分钟 = 7200秒, 类型: 0
2025-09-20 10:58:39.826 20714-20714 HomeViewModel           com.offtime.app.gplay                D  日数据处理: 9/10 (2025-09-10), 状态=安装后, 使用时间=0分钟, 完成率=0.0, 奖励=0.0%, 惩罚=100.0%
2025-09-20 10:58:39.827 20714-20714 HomeViewModel           com.offtime.app.gplay                D  === calculatePunishmentText Debug ===
2025-09-20 10:58:39.827 20714-20714 HomeViewModel           com.offtime.app.gplay                D  categoryId=1, usageSeconds=0, goalSeconds=7200
2025-09-20 10:58:39.827 20714-20714 HomeViewModel           com.offtime.app.gplay                D  goal=俯卧撑, punishNumber=30, punishUnit=个
2025-09-20 10:58:39.827 20714-20714 HomeViewModel           com.offtime.app.gplay                D  punishTimeUnit=小时, conditionType=0
2025-09-20 10:58:39.827 20714-20714 HomeViewModel           com.offtime.app.gplay                D  从昨日详细数据更新惩罚文本: 俯卧撑
2025-09-20 10:58:39.827 20714-20714 HomeViewModel           com.offtime.app.gplay                D  从奖惩记录表查询昨日奖罚状态: reward=0, punishment=1, goalMet=0
2025-09-20 10:58:39.827 20714-20714 HomeViewModel           com.offtime.app.gplay                D  开始加载24小时数据: categoryId=1, date=2025-09-20
2025-09-20 10:58:39.827 20714-20714 HomeViewModel           com.offtime.app.gplay                D  当前时间: Sat Sep 20 10:58:39 GMT+08:00 2025, 当前小时: 10, 今天: 2025-09-20
2025-09-20 10:58:39.827 20714-20714 HomeViewModel           com.offtime.app.gplay                D  === calculatePunishmentText Debug ===
2025-09-20 10:58:39.827 20714-20714 HomeViewModel           com.offtime.app.gplay                D  categoryId=1, usageSeconds=0, goalSeconds=7200
2025-09-20 10:58:39.828 20714-20714 HomeViewModel           com.offtime.app.gplay                D  goal=俯卧撑, punishNumber=30, punishUnit=个
2025-09-20 10:58:39.828 20714-20714 HomeViewModel           com.offtime.app.gplay                D  punishTimeUnit=小时, conditionType=0
2025-09-20 10:58:39.828 20714-20714 HomeViewModel           com.offtime.app.gplay                D  从昨日详细数据更新惩罚文本: 俯卧撑
2025-09-20 10:58:39.828 20714-20714 HomeViewModel           com.offtime.app.gplay                D  从奖惩记录表查询昨日奖罚状态: reward=0, punishment=1, goalMet=0
2025-09-20 10:58:39.828 20714-20714 HomeViewModel           com.offtime.app.gplay                D  分类 1 的目标时间: 120分钟 = 7200秒, 类型: 0
2025-09-20 10:58:39.828 20714-20714 HomeViewModel           com.offtime.app.gplay                D  === calculatePunishmentText Debug ===
2025-09-20 10:58:39.828 20714-20714 HomeViewModel           com.offtime.app.gplay                D  categoryId=1, usageSeconds=0, goalSeconds=7200
2025-09-20 10:58:39.828 20714-20714 HomeViewModel           com.offtime.app.gplay                D  goal=俯卧撑, punishNumber=30, punishUnit=个
2025-09-20 10:58:39.828 20714-20714 HomeViewModel           com.offtime.app.gplay                D  punishTimeUnit=小时, conditionType=0
2025-09-20 10:58:39.828 20714-20714 HomeViewModel           com.offtime.app.gplay                D  从昨日详细数据更新惩罚文本: 俯卧撑
2025-09-20 10:58:39.828 20714-20714 HomeViewModel           com.offtime.app.gplay                D  从奖惩记录表查询昨日奖罚状态: reward=0, punishment=1, goalMet=0
2025-09-20 10:58:39.828 20714-20714 HomeViewModel           com.offtime.app.gplay                D  分类 1 的目标时间: 120分钟 = 7200秒, 类型: 0
2025-09-20 10:58:39.830 20714-20714 HomeViewModel           com.offtime.app.gplay                D  === calculatePunishmentText Debug ===
2025-09-20 10:58:39.830 20714-20714 HomeViewModel           com.offtime.app.gplay                D  categoryId=1, usageSeconds=0, goalSeconds=7200
2025-09-20 10:58:39.830 20714-20714 HomeViewModel           com.offtime.app.gplay                D  goal=俯卧撑, punishNumber=30, punishUnit=个
2025-09-20 10:58:39.830 20714-20714 HomeViewModel           com.offtime.app.gplay                D  punishTimeUnit=小时, conditionType=0
2025-09-20 10:58:39.831 20714-20714 HomeViewModel           com.offtime.app.gplay                D  从昨日详细数据更新惩罚文本: 俯卧撑
2025-09-20 10:58:39.831 20714-20714 HomeViewModel           com.offtime.app.gplay                D  从奖惩记录表查询昨日奖罚状态: reward=0, punishment=1, goalMet=0
2025-09-20 10:58:39.831 20714-20714 HomeViewModel           com.offtime.app.gplay                D  开始加载24小时数据: categoryId=1, date=2025-09-20
2025-09-20 10:58:39.831 20714-20714 HomeViewModel           com.offtime.app.gplay                D  当前时间: Sat Sep 20 10:58:39 GMT+08:00 2025, 当前小时: 10, 今天: 2025-09-20
2025-09-20 10:58:39.833 20714-20714 HomeViewModel           com.offtime.app.gplay                D  普通分类查询到真实小时数据: 2条, 虚拟小时数据: 2条
2025-09-20 10:58:39.833 20714-20714 HomeViewModel           com.offtime.app.gplay                D  普通分类24小时真实数据(分钟): [0, 0, 0, 0, 0, 0, 0, 0, 0, 4, 21, 0, 0, 0, 0, 0, 0, 0, 0, 0, 0, 0, 0, 0]
2025-09-20 10:58:39.833 20714-20714 HomeViewModel           com.offtime.app.gplay                D  普通分类24小时虚拟数据(分钟): [0, 0, 0, 0, 0, 0, 0, 0, 0, 0, 31, 0, 0, 0, 0, 0, 0, 0, 0, 0, 0, 0, 0, 0]
2025-09-20 10:58:39.834 20714-20714 HomeViewModel           com.offtime.app.gplay                D  当前是10 点，所以10 点之后的数据都设置为0
2025-09-20 10:58:39.834 20714-20714 HomeViewModel           com.offtime.app.gplay                D  加载折线图数据: categoryId=1, period=日
2025-09-20 10:58:39.834 20714-20714 HomeViewModel           com.offtime.app.gplay                D  开始加载最近15天数据 - 使用聚合表
2025-09-20 10:58:39.835 20714-20714 HomeViewModel           com.offtime.app.gplay                D  === calculatePunishmentText Debug ===
2025-09-20 10:58:39.835 20714-20714 HomeViewModel           com.offtime.app.gplay                D  categoryId=1, usageSeconds=0, goalSeconds=7200
2025-09-20 10:58:39.835 20714-20714 HomeViewModel           com.offtime.app.gplay                D  goal=俯卧撑, punishNumber=30, punishUnit=个
2025-09-20 10:58:39.835 20714-20714 HomeViewModel           com.offtime.app.gplay                D  punishTimeUnit=小时, conditionType=0
2025-09-20 10:58:39.835 20714-20714 HomeViewModel           com.offtime.app.gplay                D  从昨日详细数据更新惩罚文本: 俯卧撑
2025-09-20 10:58:39.835 20714-20714 HomeViewModel           com.offtime.app.gplay                D  从奖惩记录表查询昨日奖罚状态: reward=0, punishment=1, goalMet=0
2025-09-20 10:58:39.835 20714-20714 HomeViewModel           com.offtime.app.gplay                D  开始加载24小时数据: categoryId=1, date=2025-09-20
2025-09-20 10:58:39.836 20714-20714 HomeViewModel           com.offtime.app.gplay                D  当前时间: Sat Sep 20 10:58:39 GMT+08:00 2025, 当前小时: 10, 今天: 2025-09-20
2025-09-20 10:58:39.836 20714-20714 HomeViewModel           com.offtime.app.gplay                D  普通分类查询到真实小时数据: 2条, 虚拟小时数据: 2条
2025-09-20 10:58:39.836 20714-20714 HomeViewModel           com.offtime.app.gplay                D  普通分类24小时真实数据(分钟): [0, 0, 0, 0, 0, 0, 0, 0, 0, 4, 21, 0, 0, 0, 0, 0, 0, 0, 0, 0, 0, 0, 0, 0]
2025-09-20 10:58:39.836 20714-20714 HomeViewModel           com.offtime.app.gplay                D  普通分类24小时虚拟数据(分钟): [0, 0, 0, 0, 0, 0, 0, 0, 0, 0, 31, 0, 0, 0, 0, 0, 0, 0, 0, 0, 0, 0, 0, 0]
2025-09-20 10:58:39.836 20714-20714 HomeViewModel           com.offtime.app.gplay                D  当前是10 点，所以10 点之后的数据都设置为0
2025-09-20 10:58:39.836 20714-20714 HomeViewModel           com.offtime.app.gplay                D  加载折线图数据: categoryId=1, period=日
2025-09-20 10:58:39.836 20714-20714 HomeViewModel           com.offtime.app.gplay                D  开始加载最近15天数据 - 使用聚合表
2025-09-20 10:58:39.839 20714-20714 HomeViewModel           com.offtime.app.gplay                D  聚合表查询结果: usage=15条, completion=15条
2025-09-20 10:58:39.839 20714-20714 HomeViewModel           com.offtime.app.gplay                D  应用安装日期: 2025-08-17
2025-09-20 10:58:39.839 20714-20714 HomeViewModel           com.offtime.app.gplay                D  应用安装日期: 2025-08-17
2025-09-20 10:58:39.839 20714-20714 HomeViewModel           com.offtime.app.gplay                D  聚合表查询结果: usage=15条, completion=15条
2025-09-20 10:58:39.839 20714-20714 HomeViewModel           com.offtime.app.gplay                D  应用安装日期: 2025-08-17
2025-09-20 10:58:39.839 20714-20714 HomeViewModel           com.offtime.app.gplay                D  应用安装日期: 2025-08-17
2025-09-20 10:58:39.841 20714-20714 HomeViewModel           com.offtime.app.gplay                D  普通分类查询到真实小时数据: 2条, 虚拟小时数据: 2条
2025-09-20 10:58:39.841 20714-20714 HomeViewModel           com.offtime.app.gplay                D  普通分类24小时真实数据(分钟): [0, 0, 0, 0, 0, 0, 0, 0, 0, 4, 21, 0, 0, 0, 0, 0, 0, 0, 0, 0, 0, 0, 0, 0]
2025-09-20 10:58:39.841 20714-20714 HomeViewModel           com.offtime.app.gplay                D  普通分类24小时虚拟数据(分钟): [0, 0, 0, 0, 0, 0, 0, 0, 0, 0, 31, 0, 0, 0, 0, 0, 0, 0, 0, 0, 0, 0, 0, 0]
2025-09-20 10:58:39.841 20714-20714 HomeViewModel           com.offtime.app.gplay                D  当前是10 点，所以10 点之后的数据都设置为0
2025-09-20 10:58:39.841 20714-20714 HomeViewModel           com.offtime.app.gplay                D  加载折线图数据: categoryId=1, period=日
2025-09-20 10:58:39.841 20714-20714 HomeViewModel           com.offtime.app.gplay                D  开始加载最近15天数据 - 使用聚合表
2025-09-20 10:58:39.843 20714-20714 HomeViewModel           com.offtime.app.gplay                D  日数据处理: 9/11 (2025-09-11), 状态=安装后, 使用时间=0分钟, 完成率=0.0, 奖励=0.0%, 惩罚=100.0%
2025-09-20 10:58:39.845 20714-20714 HomeViewModel           com.offtime.app.gplay                D  期间[本周]奖罚统计: 应获得奖励=3次, 完成奖励=1次, 实际奖励量=2, 应获得惩罚=1次, 完成惩罚=1次, 实际惩罚量=0
2025-09-20 10:58:39.845 20714-20714 HomeViewModel           com.offtime.app.gplay                D  聚合表查询结果: usage=15条, completion=15条
2025-09-20 10:58:39.845 20714-20714 HomeViewModel           com.offtime.app.gplay                D  应用安装日期: 2025-08-17
2025-09-20 10:58:39.845 20714-20714 HomeViewModel           com.offtime.app.gplay                D  应用安装日期: 2025-08-17
2025-09-20 10:58:39.870 20714-20714 HomeViewModel           com.offtime.app.gplay                D  期间[本周]奖罚统计: 应获得奖励=3次, 完成奖励=1次, 实际奖励量=2, 应获得惩罚=1次, 完成惩罚=1次, 实际惩罚量=0
2025-09-20 10:58:39.871 20714-20714 HomeViewModel           com.offtime.app.gplay                D  日数据处理: 9/6 (2025-09-06), 状态=安装后, 使用时间=0分钟, 完成率=0.0, 奖励=0.0%, 惩罚=100.0%
2025-09-20 10:58:39.871 20714-20714 HomeViewModel           com.offtime.app.gplay                D  日数据处理: 9/6 (2025-09-06), 状态=安装后, 使用时间=0分钟, 完成率=0.0, 奖励=0.0%, 惩罚=100.0%
2025-09-20 10:58:39.872 20714-20714 HomeViewModel           com.offtime.app.gplay                D  日数据处理: 9/12 (2025-09-12), 状态=安装后, 使用时间=0分钟, 完成率=0.0, 奖励=0.0%, 惩罚=100.0%
2025-09-20 10:58:39.874 20714-20714 HomeViewModel           com.offtime.app.gplay                D  日数据处理: 9/6 (2025-09-06), 状态=安装后, 使用时间=0分钟, 完成率=0.0, 奖励=0.0%, 惩罚=100.0%
2025-09-20 10:58:39.877 20714-20714 HomeViewModel           com.offtime.app.gplay                D  日数据处理: 9/7 (2025-09-07), 状态=安装后, 使用时间=0分钟, 完成率=0.0, 奖励=0.0%, 惩罚=100.0%
2025-09-20 10:58:39.877 20714-20714 HomeViewModel           com.offtime.app.gplay                D  日数据处理: 9/13 (2025-09-13), 状态=安装后, 使用时间=0分钟, 完成率=0.0, 奖励=0.0%, 惩罚=100.0%
2025-09-20 10:58:39.878 20714-20714 HomeViewModel           com.offtime.app.gplay                D  日数据处理: 9/7 (2025-09-07), 状态=安装后, 使用时间=0分钟, 完成率=0.0, 奖励=0.0%, 惩罚=100.0%
2025-09-20 10:58:39.880 20714-20714 HomeViewModel           com.offtime.app.gplay                D  日数据处理: 9/7 (2025-09-07), 状态=安装后, 使用时间=0分钟, 完成率=0.0, 奖励=0.0%, 惩罚=100.0%
2025-09-20 10:58:39.883 20714-20714 HomeViewModel           com.offtime.app.gplay                D  日数据处理: 9/8 (2025-09-08), 状态=安装后, 使用时间=0分钟, 完成率=0.0, 奖励=0.0%, 惩罚=100.0%
2025-09-20 10:58:39.884 20714-20796 UnifiedUpdateService    com.offtime.app.gplay                D  跨日期活跃会话处理完成
2025-09-20 10:58:39.884 20714-20714 HomeViewModel           com.offtime.app.gplay                D  日数据处理: 9/8 (2025-09-08), 状态=安装后, 使用时间=0分钟, 完成率=0.0, 奖励=0.0%, 惩罚=100.0%
2025-09-20 10:58:39.886 20714-20714 HomeViewModel           com.offtime.app.gplay                D  日数据处理: 9/14 (2025-09-14), 状态=安装后, 使用时间=0分钟, 完成率=0.0, 奖励=0.0%, 惩罚=100.0%
2025-09-20 10:58:39.887 20714-20796 UsageStatsCollector     com.offtime.app.gplay                D  触发活跃应用更新（后台任务）
2025-09-20 10:58:39.887 20714-20714 UsageStatsCollector     com.offtime.app.gplay                D  Service onStartCommand: action=update_active_apps, flags=0, startId=19
2025-09-20 10:58:39.888 20714-20714 UsageStatsCollector     com.offtime.app.gplay                D  后台任务更新活跃应用
2025-09-20 10:58:39.888 20714-20714 HomeViewModel           com.offtime.app.gplay                D  日数据处理: 9/8 (2025-09-08), 状态=安装后, 使用时间=0分钟, 完成率=0.0, 奖励=0.0%, 惩罚=100.0%
2025-09-20 10:58:39.891 20714-20714 HomeViewModel           com.offtime.app.gplay                D  日数据处理: 9/9 (2025-09-09), 状态=安装后, 使用时间=0分钟, 完成率=0.0, 奖励=0.0%, 惩罚=100.0%
2025-09-20 10:58:39.891 20714-20796 UsageStatsCollector     com.offtime.app.gplay                D  getForegroundApp: 最近使用的应用是 com.offtime.app.gplay
2025-09-20 10:58:39.891 20714-20796 UsageStatsCollector     com.offtime.app.gplay                D  ✅ 后台触发但确认用户在使用OffTimes，允许累计
2025-09-20 10:58:39.891 20714-20796 UsageStatsCollector     com.offtime.app.gplay                D  实时统计 → 当前活跃应用: com.offtime.app.gplay
2025-09-20 10:58:39.891 20714-20796 UsageStatsCollector     com.offtime.app.gplay                D  实时统计 → com.offtime.app.gplay, 已使用90秒
2025-09-20 10:58:39.892 20714-20714 HomeViewModel           com.offtime.app.gplay                D  日数据处理: 9/9 (2025-09-09), 状态=安装后, 使用时间=0分钟, 完成率=0.0, 奖励=0.0%, 惩罚=100.0%
2025-09-20 10:58:39.894 20714-20714 HomeViewModel           com.offtime.app.gplay                D  日数据处理: 9/15 (2025-09-15), 状态=安装后, 使用时间=0分钟, 完成率=0.0, 奖励=0.0%, 惩罚=100.0%
2025-09-20 10:58:39.895 20714-20779 AppSessionRepository    com.offtime.app.gplay                W  跳过实时新建会话(避免重复): com.offtime.app.gplay, date=2025-09-20, start=1758337029497
2025-09-20 10:58:39.896 20714-20714 HomeViewModel           com.offtime.app.gplay                D  日数据处理: 9/10 (2025-09-10), 状态=安装后, 使用时间=0分钟, 完成率=0.0, 奖励=0.0%, 惩罚=100.0%
2025-09-20 10:58:39.897 20714-20714 HomeViewModel           com.offtime.app.gplay                D  日数据处理: 9/9 (2025-09-09), 状态=安装后, 使用时间=0分钟, 完成率=0.0, 奖励=0.0%, 惩罚=100.0%
2025-09-20 10:58:39.897 20714-20714 HomeViewModel           com.offtime.app.gplay                D  日数据处理: 9/10 (2025-09-10), 状态=安装后, 使用时间=0分钟, 完成率=0.0, 奖励=0.0%, 惩罚=100.0%
2025-09-20 10:58:39.899 20714-20714 HomeViewModel           com.offtime.app.gplay                D  日数据处理: 9/16 (2025-09-16), 状态=安装后, 使用时间=0分钟, 完成率=0.0, 奖励=0.0%, 惩罚=100.0%
2025-09-20 10:58:39.900 20714-20714 HomeViewModel           com.offtime.app.gplay                D  日数据处理: 9/17 (2025-09-17), 状态=安装后, 使用时间=0分钟, 完成率=0.0, 奖励=75.0%, 惩罚=100.0%
2025-09-20 10:58:39.900 20714-20714 HomeViewModel           com.offtime.app.gplay                D  日数据处理: 9/11 (2025-09-11), 状态=安装后, 使用时间=0分钟, 完成率=0.0, 奖励=0.0%, 惩罚=100.0%
2025-09-20 10:58:39.901 20714-20714 HomeViewModel           com.offtime.app.gplay                D  日数据处理: 9/10 (2025-09-10), 状态=安装后, 使用时间=0分钟, 完成率=0.0, 奖励=0.0%, 惩罚=100.0%
2025-09-20 10:58:39.901 20714-20714 HomeViewModel           com.offtime.app.gplay                D  日数据处理: 9/11 (2025-09-11), 状态=安装后, 使用时间=0分钟, 完成率=0.0, 奖励=0.0%, 惩罚=100.0%
2025-09-20 10:58:39.901 20714-20714 HomeViewModel           com.offtime.app.gplay                D  日数据处理: 9/18 (2025-09-18), 状态=安装后, 使用时间=208分钟, 完成率=87.013885, 奖励=0.0%, 惩罚=100.0%
2025-09-20 10:58:39.902 20714-20714 HomeViewModel           com.offtime.app.gplay                D  日数据处理: 9/19 (2025-09-19), 状态=安装后, 使用时间=153分钟, 完成率=63.868057, 奖励=100.0%, 惩罚=100.0%
2025-09-20 10:58:39.904 20714-20714 HomeViewModel           com.offtime.app.gplay                D  日数据处理: 今天 (2025-09-20), 状态=安装后, 使用时间=647分钟, 完成率=269.72223, 奖励=-1.0%, 惩罚=0.0%
2025-09-20 10:58:39.904 20714-20714 HomeViewModel           com.offtime.app.gplay                D  最近15天数据加载完成: usage=15条, completion=15条, reward=15条
2025-09-20 10:58:39.905 20714-20714 HomeViewModel           com.offtime.app.gplay                D  日数据处理: 9/12 (2025-09-12), 状态=安装后, 使用时间=0分钟, 完成率=0.0, 奖励=0.0%, 惩罚=100.0%
2025-09-20 10:58:39.905 20714-20714 HomeViewModel           com.offtime.app.gplay                D  日数据处理: 9/11 (2025-09-11), 状态=安装后, 使用时间=0分钟, 完成率=0.0, 奖励=0.0%, 惩罚=100.0%
2025-09-20 10:58:39.905 20714-20714 HomeViewModel           com.offtime.app.gplay                D  日数据处理: 9/12 (2025-09-12), 状态=安装后, 使用时间=0分钟, 完成率=0.0, 奖励=0.0%, 惩罚=100.0%
2025-09-20 10:58:39.908 20714-20714 HomeViewModel           com.offtime.app.gplay                D  日数据处理: 9/13 (2025-09-13), 状态=安装后, 使用时间=0分钟, 完成率=0.0, 奖励=0.0%, 惩罚=100.0%
2025-09-20 10:58:39.908 20714-20714 HomeViewModel           com.offtime.app.gplay                D  日数据处理: 9/13 (2025-09-13), 状态=安装后, 使用时间=0分钟, 完成率=0.0, 奖励=0.0%, 惩罚=100.0%
2025-09-20 10:58:39.910 20714-20714 HomeViewModel           com.offtime.app.gplay                D  日数据处理: 9/14 (2025-09-14), 状态=安装后, 使用时间=0分钟, 完成率=0.0, 奖励=0.0%, 惩罚=100.0%
2025-09-20 10:58:39.911 20714-20714 HomeViewModel           com.offtime.app.gplay                D  日数据处理: 9/12 (2025-09-12), 状态=安装后, 使用时间=0分钟, 完成率=0.0, 奖励=0.0%, 惩罚=100.0%
2025-09-20 10:58:39.912 20714-20714 HomeViewModel           com.offtime.app.gplay                D  日数据处理: 9/15 (2025-09-15), 状态=安装后, 使用时间=0分钟, 完成率=0.0, 奖励=0.0%, 惩罚=100.0%
2025-09-20 10:58:39.913 20714-20714 HomeViewModel           com.offtime.app.gplay                D  日数据处理: 9/14 (2025-09-14), 状态=安装后, 使用时间=0分钟, 完成率=0.0, 奖励=0.0%, 惩罚=100.0%
2025-09-20 10:58:39.914 20714-20714 HomeViewModel           com.offtime.app.gplay                D  日数据处理: 9/13 (2025-09-13), 状态=安装后, 使用时间=0分钟, 完成率=0.0, 奖励=0.0%, 惩罚=100.0%
2025-09-20 10:58:39.916 20714-20714 HomeViewModel           com.offtime.app.gplay                D  日数据处理: 9/15 (2025-09-15), 状态=安装后, 使用时间=0分钟, 完成率=0.0, 奖励=0.0%, 惩罚=100.0%
2025-09-20 10:58:39.917 20714-20714 HomeViewModel           com.offtime.app.gplay                D  日数据处理: 9/16 (2025-09-16), 状态=安装后, 使用时间=0分钟, 完成率=0.0, 奖励=0.0%, 惩罚=100.0%
2025-09-20 10:58:39.917 20714-20714 HomeViewModel           com.offtime.app.gplay                D  日数据处理: 9/17 (2025-09-17), 状态=安装后, 使用时间=0分钟, 完成率=0.0, 奖励=100.0%, 惩罚=100.0%
2025-09-20 10:58:39.918 20714-20714 HomeViewModel           com.offtime.app.gplay                D  日数据处理: 9/14 (2025-09-14), 状态=安装后, 使用时间=0分钟, 完成率=0.0, 奖励=0.0%, 惩罚=100.0%
2025-09-20 10:58:39.919 20714-20714 HomeViewModel           com.offtime.app.gplay                D  日数据处理: 9/18 (2025-09-18), 状态=安装后, 使用时间=73分钟, 完成率=61.27778, 奖励=0.0%, 惩罚=100.0%
2025-09-20 10:58:39.920 20714-20714 HomeViewModel           com.offtime.app.gplay                D  日数据处理: 9/16 (2025-09-16), 状态=安装后, 使用时间=0分钟, 完成率=0.0, 奖励=0.0%, 惩罚=100.0%
2025-09-20 10:58:39.920 20714-20714 HomeViewModel           com.offtime.app.gplay                D  日数据处理: 9/19 (2025-09-19), 状态=安装后, 使用时间=976分钟, 完成率=814.1111, 奖励=100.0%, 惩罚=100.0%
2025-09-20 10:58:39.920 20714-20714 HomeViewModel           com.offtime.app.gplay                D  日数据处理: 9/17 (2025-09-17), 状态=安装后, 使用时间=0分钟, 完成率=0.0, 奖励=100.0%, 惩罚=100.0%
2025-09-20 10:58:39.921 20714-20714 HomeViewModel           com.offtime.app.gplay                D  期间[本月]奖罚统计: 应获得奖励=3次, 完成奖励=1次, 实际奖励量=2, 应获得惩罚=1次, 完成惩罚=1次, 实际惩罚量=0
2025-09-20 10:58:39.921 20714-20714 HomeViewModel           com.offtime.app.gplay                D  日数据处理: 9/18 (2025-09-18), 状态=安装后, 使用时间=73分钟, 完成率=61.27778, 奖励=0.0%, 惩罚=100.0%
2025-09-20 10:58:39.922 20714-20714 HomeViewModel           com.offtime.app.gplay                D  日数据处理: 今天 (2025-09-20), 状态=安装后, 使用时间=56分钟, 完成率=47.26389, 奖励=-1.0%, 惩罚=100.0%
2025-09-20 10:58:39.922 20714-20714 HomeViewModel           com.offtime.app.gplay                D  最近15天数据加载完成: usage=15条, completion=15条, reward=15条
2025-09-20 10:58:39.923 20714-20714 HomeViewModel           com.offtime.app.gplay                D  日数据处理: 9/19 (2025-09-19), 状态=安装后, 使用时间=976分钟, 完成率=814.1111, 奖励=100.0%, 惩罚=100.0%
2025-09-20 10:58:39.923 20714-20714 HomeViewModel           com.offtime.app.gplay                D  日数据处理: 9/15 (2025-09-15), 状态=安装后, 使用时间=0分钟, 完成率=0.0, 奖励=0.0%, 惩罚=100.0%
2025-09-20 10:58:39.924 20714-20714 HomeViewModel           com.offtime.app.gplay                D  总计奖罚统计: 应获得奖励=3次, 完成奖励=1次, 实际奖励量=2, 应获得惩罚=2次, 完成惩罚=1次, 实际惩罚量=0
2025-09-20 10:58:39.924 20714-20714 HomeViewModel           com.offtime.app.gplay                D  日数据处理: 今天 (2025-09-20), 状态=安装后, 使用时间=56分钟, 完成率=47.26389, 奖励=-1.0%, 惩罚=100.0%
2025-09-20 10:58:39.924 20714-20714 HomeViewModel           com.offtime.app.gplay                D  最近15天数据加载完成: usage=15条, completion=15条, reward=15条
2025-09-20 10:58:39.925 20714-20714 HomeViewModel           com.offtime.app.gplay                D  期间[本月]奖罚统计: 应获得奖励=3次, 完成奖励=1次, 实际奖励量=2, 应获得惩罚=1次, 完成惩罚=1次, 实际惩罚量=0
2025-09-20 10:58:39.925 20714-20714 HomeViewModel           com.offtime.app.gplay                D  日数据处理: 9/16 (2025-09-16), 状态=安装后, 使用时间=0分钟, 完成率=0.0, 奖励=0.0%, 惩罚=100.0%
2025-09-20 10:58:39.926 20714-20714 HomeViewModel           com.offtime.app.gplay                D  总计奖罚统计: 应获得奖励=3次, 完成奖励=1次, 实际奖励量=2, 应获得惩罚=2次, 完成惩罚=1次, 实际惩罚量=0
2025-09-20 10:58:39.926 20714-20714 HomeViewModel           com.offtime.app.gplay                D  日数据处理: 9/17 (2025-09-17), 状态=安装后, 使用时间=0分钟, 完成率=0.0, 奖励=100.0%, 惩罚=100.0%
2025-09-20 10:58:39.926 20714-20714 HomeViewModel           com.offtime.app.gplay                D  日数据处理: 9/18 (2025-09-18), 状态=安装后, 使用时间=73分钟, 完成率=61.27778, 奖励=0.0%, 惩罚=100.0%
2025-09-20 10:58:39.926 20714-20714 HomeViewModel           com.offtime.app.gplay                D  日数据处理: 9/19 (2025-09-19), 状态=安装后, 使用时间=976分钟, 完成率=814.1111, 奖励=100.0%, 惩罚=100.0%
2025-09-20 10:58:39.927 20714-20714 HomeViewModel           com.offtime.app.gplay                D  日数据处理: 今天 (2025-09-20), 状态=安装后, 使用时间=56分钟, 完成率=47.26389, 奖励=-1.0%, 惩罚=100.0%
2025-09-20 10:58:39.927 20714-20714 HomeViewModel           com.offtime.app.gplay                D  最近15天数据加载完成: usage=15条, completion=15条, reward=15条
2025-09-20 10:58:39.937 20714-20714 PieChartWi...Refactored com.offtime.app.gplay                D  === 昨日奖罚状态调试 ===
2025-09-20 10:58:39.937 20714-20714 PieChartWi...Refactored com.offtime.app.gplay                D  yesterdayHasData: true
2025-09-20 10:58:39.937 20714-20714 PieChartWi...Refactored com.offtime.app.gplay                D  yesterdayGoalMet: false
2025-09-20 10:58:39.937 20714-20714 PieChartWi...Refactored com.offtime.app.gplay                D  isRewardPunishmentEnabled: true
2025-09-20 10:58:39.937 20714-20714 PieChartWi...Refactored com.offtime.app.gplay                D  rewardText: 'Chips 2 packs'
2025-09-20 10:58:39.937 20714-20714 PieChartWi...Refactored com.offtime.app.gplay                D  punishText: '俯卧撑'
2025-09-20 10:58:39.937 20714-20714 PieChartWi...Refactored com.offtime.app.gplay                D  yesterdayData: 30
2025-09-20 10:58:39.937 20714-20714 PieChartWi...Refactored com.offtime.app.gplay                D  最终使用的惩罚文本: '俯卧撑'（应惩罚量，非实际完成量）
2025-09-20 10:58:39.937 20714-20714 DeviceDetection         com.offtime.app.gplay                D  === 详细设备信息 ===
2025-09-20 10:58:39.937 20714-20714 DeviceDetection         com.offtime.app.gplay                D  型号(MODEL): sdk_gphone64_x86_64
2025-09-20 10:58:39.937 20714-20714 DeviceDetection         com.offtime.app.gplay                D  制造商(MANUFACTURER): Google
2025-09-20 10:58:39.937 20714-20714 DeviceDetection         com.offtime.app.gplay                D  设备(DEVICE): emu64xa
2025-09-20 10:58:39.937 20714-20714 DeviceDetection         com.offtime.app.gplay                D  产品(PRODUCT): sdk_gphone64_x86_64
2025-09-20 10:58:39.937 20714-20714 DeviceDetection         com.offtime.app.gplay                D  是否为Pixel 4: false
2025-09-20 10:58:39.937 20714-20714 DeviceDetection         com.offtime.app.gplay                D  是否为Pixel 9 Pro: false
2025-09-20 10:58:39.937 20714-20714 DeviceDetection         com.offtime.app.gplay                D  是否为模拟器Pixel: true
2025-09-20 10:58:39.937 20714-20714 DeviceDetection         com.offtime.app.gplay                D  最终判定为问题设备: true
2025-09-20 10:58:39.937 20714-20714 SimpleScaling           com.offtime.app.gplay                D  设备型号: sdk_gphone64_x86_64
2025-09-20 10:58:39.937 20714-20714 SimpleScaling           com.offtime.app.gplay                D  屏幕尺寸: 411.0x923.0dp
2025-09-20 10:58:39.937 20714-20714 SimpleScaling           com.offtime.app.gplay                D  简化缩放因子: 1.0275
2025-09-20 10:58:39.937 20714-20714 DeviceDetection         com.offtime.app.gplay                D  === 详细设备信息 ===
2025-09-20 10:58:39.937 20714-20714 DeviceDetection         com.offtime.app.gplay                D  型号(MODEL): sdk_gphone64_x86_64
2025-09-20 10:58:39.937 20714-20714 DeviceDetection         com.offtime.app.gplay                D  制造商(MANUFACTURER): Google
2025-09-20 10:58:39.937 20714-20714 DeviceDetection         com.offtime.app.gplay                D  设备(DEVICE): emu64xa
2025-09-20 10:58:39.937 20714-20714 DeviceDetection         com.offtime.app.gplay                D  产品(PRODUCT): sdk_gphone64_x86_64
2025-09-20 10:58:39.937 20714-20714 DeviceDetection         com.offtime.app.gplay                D  是否为Pixel 4: false
2025-09-20 10:58:39.937 20714-20714 DeviceDetection         com.offtime.app.gplay                D  是否为Pixel 9 Pro: false
2025-09-20 10:58:39.937 20714-20714 DeviceDetection         com.offtime.app.gplay                D  是否为模拟器Pixel: true
2025-09-20 10:58:39.937 20714-20714 DeviceDetection         com.offtime.app.gplay                D  最终判定为问题设备: true
2025-09-20 10:58:39.937 20714-20714 SimpleScaling           com.offtime.app.gplay                D  设备型号: sdk_gphone64_x86_64
2025-09-20 10:58:39.937 20714-20714 SimpleScaling           com.offtime.app.gplay                D  屏幕尺寸: 411.0x923.0dp
2025-09-20 10:58:39.938 20714-20714 SimpleScaling           com.offtime.app.gplay                D  简化缩放因子: 1.0275
2025-09-20 10:58:39.938 20714-20714 DeviceDetection         com.offtime.app.gplay                D  === 详细设备信息 ===
2025-09-20 10:58:39.938 20714-20714 DeviceDetection         com.offtime.app.gplay                D  型号(MODEL): sdk_gphone64_x86_64
2025-09-20 10:58:39.938 20714-20714 DeviceDetection         com.offtime.app.gplay                D  制造商(MANUFACTURER): Google
2025-09-20 10:58:39.938 20714-20714 DeviceDetection         com.offtime.app.gplay                D  设备(DEVICE): emu64xa
2025-09-20 10:58:39.938 20714-20714 DeviceDetection         com.offtime.app.gplay                D  产品(PRODUCT): sdk_gphone64_x86_64
2025-09-20 10:58:39.938 20714-20714 DeviceDetection         com.offtime.app.gplay                D  是否为Pixel 4: false
2025-09-20 10:58:39.938 20714-20714 DeviceDetection         com.offtime.app.gplay                D  是否为Pixel 9 Pro: false
2025-09-20 10:58:39.938 20714-20714 DeviceDetection         com.offtime.app.gplay                D  是否为模拟器Pixel: true
2025-09-20 10:58:39.938 20714-20714 DeviceDetection         com.offtime.app.gplay                D  最终判定为问题设备: true
2025-09-20 10:58:39.938 20714-20714 SimpleScaling           com.offtime.app.gplay                D  设备型号: sdk_gphone64_x86_64
2025-09-20 10:58:39.938 20714-20714 SimpleScaling           com.offtime.app.gplay                D  屏幕尺寸: 411.0x923.0dp
2025-09-20 10:58:39.938 20714-20714 SimpleScaling           com.offtime.app.gplay                D  简化缩放因子: 1.0275
2025-09-20 10:58:39.938 20714-20714 PendingPunishmentCard   com.offtime.app.gplay                D  === 惩罚卡片调试 ===
2025-09-20 10:58:39.938 20714-20714 PendingPunishmentCard   com.offtime.app.gplay                D  接收到的punishText: '俯卧撑'
2025-09-20 10:58:39.938 20714-20714 ParseRewardPunishment   com.offtime.app.gplay                D  解析文本: '俯卧撑'
2025-09-20 10:58:39.939 20714-20714 ParseRewardPunishment   com.offtime.app.gplay                D  解析结果: content='Push-ups', quantity='30'
2025-09-20 10:58:39.939 20714-20714 PendingPunishmentCard   com.offtime.app.gplay                D  解析结果: content='Push-ups', quantity='30'
2025-09-20 10:58:39.939 20714-20714 DeviceDetection         com.offtime.app.gplay                D  === 详细设备信息 ===
2025-09-20 10:58:39.939 20714-20714 DeviceDetection         com.offtime.app.gplay                D  型号(MODEL): sdk_gphone64_x86_64
2025-09-20 10:58:39.939 20714-20714 DeviceDetection         com.offtime.app.gplay                D  制造商(MANUFACTURER): Google
2025-09-20 10:58:39.939 20714-20714 DeviceDetection         com.offtime.app.gplay                D  设备(DEVICE): emu64xa
2025-09-20 10:58:39.939 20714-20714 DeviceDetection         com.offtime.app.gplay                D  产品(PRODUCT): sdk_gphone64_x86_64
2025-09-20 10:58:39.939 20714-20714 DeviceDetection         com.offtime.app.gplay                D  是否为Pixel 4: false
2025-09-20 10:58:39.939 20714-20714 DeviceDetection         com.offtime.app.gplay                D  是否为Pixel 9 Pro: false
2025-09-20 10:58:39.939 20714-20714 DeviceDetection         com.offtime.app.gplay                D  是否为模拟器Pixel: true
2025-09-20 10:58:39.939 20714-20714 DeviceDetection         com.offtime.app.gplay                D  最终判定为问题设备: true
2025-09-20 10:58:39.939 20714-20714 SimpleScaling           com.offtime.app.gplay                D  设备型号: sdk_gphone64_x86_64
2025-09-20 10:58:39.939 20714-20714 SimpleScaling           com.offtime.app.gplay                D  屏幕尺寸: 411.0x923.0dp
2025-09-20 10:58:39.939 20714-20714 SimpleScaling           com.offtime.app.gplay                D  简化缩放因子: 1.0275
2025-09-20 10:58:39.940 20714-20714 DeviceDetection         com.offtime.app.gplay                D  === 详细设备信息 ===
2025-09-20 10:58:39.940 20714-20714 DeviceDetection         com.offtime.app.gplay                D  型号(MODEL): sdk_gphone64_x86_64
2025-09-20 10:58:39.940 20714-20714 DeviceDetection         com.offtime.app.gplay                D  制造商(MANUFACTURER): Google
2025-09-20 10:58:39.940 20714-20714 DeviceDetection         com.offtime.app.gplay                D  设备(DEVICE): emu64xa
