2025-09-20 10:58:09.917 20714-20714 DeviceDetection         com.offtime.app.gplay                D  是否为模拟器Pixel: true
2025-09-20 10:58:09.917 20714-20714 DeviceDetection         com.offtime.app.gplay                D  最终判定为问题设备: true
2025-09-20 10:58:09.917 20714-20714 SimpleScaling           com.offtime.app.gplay                D  设备型号: sdk_gphone64_x86_64
2025-09-20 10:58:09.917 20714-20714 SimpleScaling           com.offtime.app.gplay                D  屏幕尺寸: 411.0x923.0dp
2025-09-20 10:58:09.917 20714-20714 SimpleScaling           com.offtime.app.gplay                D  简化缩放因子: 1.0275
2025-09-20 10:58:09.917 20714-20714 DeviceDetection         com.offtime.app.gplay                D  === 详细设备信息 ===
2025-09-20 10:58:09.917 20714-20714 DeviceDetection         com.offtime.app.gplay                D  型号(MODEL): sdk_gphone64_x86_64
2025-09-20 10:58:09.917 20714-20714 DeviceDetection         com.offtime.app.gplay                D  制造商(MANUFACTURER): Google
2025-09-20 10:58:09.917 20714-20714 DeviceDetection         com.offtime.app.gplay                D  设备(DEVICE): emu64xa
2025-09-20 10:58:09.918 20714-20714 DeviceDetection         com.offtime.app.gplay                D  产品(PRODUCT): sdk_gphone64_x86_64
2025-09-20 10:58:09.918 20714-20714 DeviceDetection         com.offtime.app.gplay                D  是否为Pixel 4: false
2025-09-20 10:58:09.918 20714-20714 DeviceDetection         com.offtime.app.gplay                D  是否为Pixel 9 Pro: false
2025-09-20 10:58:09.918 20714-20714 DeviceDetection         com.offtime.app.gplay                D  是否为模拟器Pixel: true
2025-09-20 10:58:09.918 20714-20714 DeviceDetection         com.offtime.app.gplay                D  最终判定为问题设备: true
2025-09-20 10:58:09.918 20714-20714 SimpleScaling           com.offtime.app.gplay                D  设备型号: sdk_gphone64_x86_64
2025-09-20 10:58:09.918 20714-20714 SimpleScaling           com.offtime.app.gplay                D  屏幕尺寸: 411.0x923.0dp
2025-09-20 10:58:09.918 20714-20714 SimpleScaling           com.offtime.app.gplay                D  简化缩放因子: 1.0275
2025-09-20 10:58:09.918 20714-20714 ParseRewardPunishment   com.offtime.app.gplay                D  解析文本: 'Chips 2 packs'
2025-09-20 10:58:09.918 20714-20714 ParseRewardPunishment   com.offtime.app.gplay                D  解析结果: content='Chips', quantity='2 packs'
2025-09-20 10:58:09.919 20714-20714 DeviceDetection         com.offtime.app.gplay                D  === 详细设备信息 ===
2025-09-20 10:58:09.919 20714-20714 DeviceDetection         com.offtime.app.gplay                D  型号(MODEL): sdk_gphone64_x86_64
2025-09-20 10:58:09.919 20714-20714 DeviceDetection         com.offtime.app.gplay                D  制造商(MANUFACTURER): Google
2025-09-20 10:58:09.919 20714-20714 DeviceDetection         com.offtime.app.gplay                D  设备(DEVICE): emu64xa
2025-09-20 10:58:09.919 20714-20714 DeviceDetection         com.offtime.app.gplay                D  产品(PRODUCT): sdk_gphone64_x86_64
2025-09-20 10:58:09.919 20714-20714 DeviceDetection         com.offtime.app.gplay                D  是否为Pixel 4: false
2025-09-20 10:58:09.919 20714-20714 DeviceDetection         com.offtime.app.gplay                D  是否为Pixel 9 Pro: false
2025-09-20 10:58:09.919 20714-20714 DeviceDetection         com.offtime.app.gplay                D  是否为模拟器Pixel: true
2025-09-20 10:58:09.919 20714-20714 DeviceDetection         com.offtime.app.gplay                D  最终判定为问题设备: true
2025-09-20 10:58:09.919 20714-20714 SimpleScaling           com.offtime.app.gplay                D  设备型号: sdk_gphone64_x86_64
2025-09-20 10:58:09.919 20714-20714 SimpleScaling           com.offtime.app.gplay                D  屏幕尺寸: 411.0x923.0dp
2025-09-20 10:58:09.919 20714-20714 SimpleScaling           com.offtime.app.gplay                D  简化缩放因子: 1.0275
2025-09-20 10:58:09.919 20714-20714 DeviceDetection         com.offtime.app.gplay                D  === 详细设备信息 ===
2025-09-20 10:58:09.919 20714-20714 DeviceDetection         com.offtime.app.gplay                D  型号(MODEL): sdk_gphone64_x86_64
2025-09-20 10:58:09.919 20714-20714 DeviceDetection         com.offtime.app.gplay                D  制造商(MANUFACTURER): Google
2025-09-20 10:58:09.919 20714-20714 DeviceDetection         com.offtime.app.gplay                D  设备(DEVICE): emu64xa
2025-09-20 10:58:09.919 20714-20714 DeviceDetection         com.offtime.app.gplay                D  产品(PRODUCT): sdk_gphone64_x86_64
2025-09-20 10:58:09.919 20714-20714 DeviceDetection         com.offtime.app.gplay                D  是否为Pixel 4: false
2025-09-20 10:58:09.919 20714-20714 DeviceDetection         com.offtime.app.gplay                D  是否为Pixel 9 Pro: false
2025-09-20 10:58:09.919 20714-20714 DeviceDetection         com.offtime.app.gplay                D  是否为模拟器Pixel: true
2025-09-20 10:58:09.919 20714-20714 DeviceDetection         com.offtime.app.gplay                D  最终判定为问题设备: true
2025-09-20 10:58:09.919 20714-20714 SimpleScaling           com.offtime.app.gplay                D  设备型号: sdk_gphone64_x86_64
2025-09-20 10:58:09.927 20714-20714 SimpleScaling           com.offtime.app.gplay                D  屏幕尺寸: 411.0x923.0dp
2025-09-20 10:58:09.928 20714-20714 SimpleScaling           com.offtime.app.gplay                D  简化缩放因子: 1.0275
2025-09-20 10:58:09.928 20714-20714 DeviceDetection         com.offtime.app.gplay                D  === 详细设备信息 ===
2025-09-20 10:58:09.928 20714-20714 DeviceDetection         com.offtime.app.gplay                D  型号(MODEL): sdk_gphone64_x86_64
2025-09-20 10:58:09.928 20714-20714 DeviceDetection         com.offtime.app.gplay                D  制造商(MANUFACTURER): Google
2025-09-20 10:58:09.928 20714-20714 DeviceDetection         com.offtime.app.gplay                D  设备(DEVICE): emu64xa
2025-09-20 10:58:09.928 20714-20714 DeviceDetection         com.offtime.app.gplay                D  产品(PRODUCT): sdk_gphone64_x86_64
2025-09-20 10:58:09.928 20714-20714 DeviceDetection         com.offtime.app.gplay                D  是否为Pixel 4: false
2025-09-20 10:58:09.928 20714-20714 DeviceDetection         com.offtime.app.gplay                D  是否为Pixel 9 Pro: false
2025-09-20 10:58:09.928 20714-20714 DeviceDetection         com.offtime.app.gplay                D  是否为模拟器Pixel: true
2025-09-20 10:58:09.928 20714-20714 DeviceDetection         com.offtime.app.gplay                D  最终判定为问题设备: true
2025-09-20 10:58:09.928 20714-20714 SimpleScaling           com.offtime.app.gplay                D  设备型号: sdk_gphone64_x86_64
2025-09-20 10:58:09.928 20714-20714 SimpleScaling           com.offtime.app.gplay                D  屏幕尺寸: 411.0x923.0dp
2025-09-20 10:58:09.928 20714-20714 SimpleScaling           com.offtime.app.gplay                D  简化缩放因子: 1.0275
2025-09-20 10:58:09.928 20714-20714 DeviceDetection         com.offtime.app.gplay                D  === 详细设备信息 ===
2025-09-20 10:58:09.928 20714-20714 DeviceDetection         com.offtime.app.gplay                D  型号(MODEL): sdk_gphone64_x86_64
2025-09-20 10:58:09.928 20714-20714 DeviceDetection         com.offtime.app.gplay                D  制造商(MANUFACTURER): Google
2025-09-20 10:58:09.928 20714-20714 DeviceDetection         com.offtime.app.gplay                D  设备(DEVICE): emu64xa
2025-09-20 10:58:09.928 20714-20714 DeviceDetection         com.offtime.app.gplay                D  产品(PRODUCT): sdk_gphone64_x86_64
2025-09-20 10:58:09.928 20714-20714 DeviceDetection         com.offtime.app.gplay                D  是否为Pixel 4: false
2025-09-20 10:58:09.928 20714-20714 DeviceDetection         com.offtime.app.gplay                D  是否为Pixel 9 Pro: false
2025-09-20 10:58:09.928 20714-20714 DeviceDetection         com.offtime.app.gplay                D  是否为模拟器Pixel: true
2025-09-20 10:58:09.928 20714-20714 DeviceDetection         com.offtime.app.gplay                D  最终判定为问题设备: true
2025-09-20 10:58:09.928 20714-20714 SimpleScaling           com.offtime.app.gplay                D  设备型号: sdk_gphone64_x86_64
2025-09-20 10:58:09.928 20714-20714 SimpleScaling           com.offtime.app.gplay                D  屏幕尺寸: 411.0x923.0dp
2025-09-20 10:58:09.928 20714-20714 SimpleScaling           com.offtime.app.gplay                D  简化缩放因子: 1.0275
2025-09-20 10:58:09.933 20714-20714 PieChart                com.offtime.app.gplay                D  Canvas绘制: center=Offset(242.5, 242.5), radius=194.0
2025-09-20 10:58:09.964 20714-20714 HomeViewModel           com.offtime.app.gplay                D  加载总使用分类数据
2025-09-20 10:58:09.965 20714-20714 HomeViewModel           com.offtime.app.gplay                D  查询昨日奖罚状态: categoryId=4, date=2025-09-19
2025-09-20 10:58:09.965 20714-20714 HomeViewModel           com.offtime.app.gplay                D  查询昨日奖罚状态: categoryId=4, date=2025-09-19
2025-09-20 10:58:10.066 20714-20795 AppSessionRepository    com.offtime.app.gplay                D  getCurrentActiveUsageByCategory已修复: 不再返回错误的活跃时间，分类4返回0
2025-09-20 10:58:10.108 20714-20714 HomeViewModel           com.offtime.app.gplay                D  昨日使用数据: real=9194s, virtual=0s, goal=14400s
2025-09-20 10:58:10.108 20714-20714 HomeViewModel           com.offtime.app.gplay                D  应用安装时间检查: installTime=Sun Aug 17 16:04:39 GMT+08:00 2025, today=Sat Sep 20 00:00:00 GMT+08:00 2025, isInstalledToday=false
2025-09-20 10:58:10.109 20714-20714 HomeViewModel           com.offtime.app.gplay                D  昨日使用数据: real=9194s, virtual=0s, goal=14400s
2025-09-20 10:58:10.109 20714-20714 HomeViewModel           com.offtime.app.gplay                D  应用安装时间检查: installTime=Sun Aug 17 16:04:39 GMT+08:00 2025, today=Sat Sep 20 00:00:00 GMT+08:00 2025, isInstalledToday=false
2025-09-20 10:58:10.109 20714-20714 HomeViewModel           com.offtime.app.gplay                D  期间[昨天]奖罚统计: 应获得奖励=1次, 完成奖励=1次, 实际奖励量=2, 应获得惩罚=0次, 完成惩罚=0次, 实际惩罚量=0
2025-09-20 10:58:10.109 20714-20714 HomeViewModel           com.offtime.app.gplay                D  当前活跃会话使用时间: 0s (分类ID: 4)
2025-09-20 10:58:10.109 20714-20714 HomeViewModel           com.offtime.app.gplay                D  今日总使用分类加上活跃会话: +0s
2025-09-20 10:58:10.109 20714-20714 HomeViewModel           com.offtime.app.gplay                D  开始加载各分类使用数据用于多分类显示
2025-09-20 10:58:10.203 20714-20714 HomeViewModel           com.offtime.app.gplay                D  使用已有昨日详细数据的奖励文本: Chips 2 packs
2025-09-20 10:58:10.203 20714-20714 HomeViewModel           com.offtime.app.gplay                D  从奖惩记录表查询昨日奖罚状态: reward=1, punishment=0, goalMet=1
2025-09-20 10:58:10.203 20714-20714 HomeViewModel           com.offtime.app.gplay                D  分类 4 的目标时间: 240分钟 = 14400秒, 类型: 0
2025-09-20 10:58:10.203 20714-20714 HomeViewModel           com.offtime.app.gplay                D  使用已有昨日详细数据的奖励文本: Chips 2 packs
2025-09-20 10:58:10.203 20714-20714 HomeViewModel           com.offtime.app.gplay                D  从奖惩记录表查询昨日奖罚状态: reward=1, punishment=0, goalMet=1
2025-09-20 10:58:10.203 20714-20714 HomeViewModel           com.offtime.app.gplay                D  分类 4 的目标时间: 240分钟 = 14400秒, 类型: 0
2025-09-20 10:58:10.240 20714-20714 HomeViewModel           com.offtime.app.gplay                D  加载了3个分类的使用数据
2025-09-20 10:58:10.240 20714-20714 HomeViewModel           com.offtime.app.gplay                D  总使用分类数据: realUsage=33126s, virtualUsage=5705s
2025-09-20 10:58:10.240 20714-20714 HomeViewModel           com.offtime.app.gplay                D  最终设置: realUsageSec=33126, virtualUsageSec=5705
2025-09-20 10:58:10.240 20714-20714 HomeViewModel           com.offtime.app.gplay                D  数据加载完成，奖罚模块显示昨日数据
2025-09-20 10:58:10.240 20714-20714 HomeViewModel           com.offtime.app.gplay                D  查询昨日奖罚状态: categoryId=4, date=2025-09-19
2025-09-20 10:58:10.241 20714-20714 HomeViewModel           com.offtime.app.gplay                D  昨日使用数据: real=9194s, virtual=0s, goal=14400s
2025-09-20 10:58:10.242 20714-20714 HomeViewModel           com.offtime.app.gplay                D  应用安装时间检查: installTime=Sun Aug 17 16:04:39 GMT+08:00 2025, today=Sat Sep 20 00:00:00 GMT+08:00 2025, isInstalledToday=false
2025-09-20 10:58:10.242 20714-20714 HomeViewModel           com.offtime.app.gplay                D  使用已有昨日详细数据的奖励文本: Chips 2 packs
2025-09-20 10:58:10.243 20714-20714 HomeViewModel           com.offtime.app.gplay                D  从奖惩记录表查询昨日奖罚状态: reward=1, punishment=0, goalMet=1
2025-09-20 10:58:10.243 20714-20714 HomeViewModel           com.offtime.app.gplay                D  开始加载24小时数据: categoryId=4, date=2025-09-20
2025-09-20 10:58:10.243 20714-20714 HomeViewModel           com.offtime.app.gplay                D  当前时间: Sat Sep 20 10:58:10 GMT+08:00 2025, 当前小时: 10, 今天: 2025-09-20
2025-09-20 10:58:10.244 20714-20714 HomeViewModel           com.offtime.app.gplay                D  加载总使用分类的24小时数据
2025-09-20 10:58:10.245 20714-20714 HomeViewModel           com.offtime.app.gplay                D  总使用分类查询到真实小时数据: 11条, 虚拟小时数据: 2条
2025-09-20 10:58:10.245 20714-20714 HomeViewModel           com.offtime.app.gplay                D  开始加载各分类24小时数据用于多分类显示
2025-09-20 10:58:10.246 20714-20714 HomeViewModel           com.offtime.app.gplay                D  期间[本周]奖罚统计: 应获得奖励=3次, 完成奖励=2次, 实际奖励量=6, 应获得惩罚=1次, 完成惩罚=0次, 实际惩罚量=0
2025-09-20 10:58:10.248 20714-20714 HomeViewModel           com.offtime.app.gplay                D  加载了3个分类的24小时数据
2025-09-20 10:58:10.249 20714-20714 HomeViewModel           com.offtime.app.gplay                D  总使用分类24小时真实数据(分钟): [21, 59, 59, 59, 59, 59, 59, 59, 59, 29, 21, 0, 0, 0, 0, 0, 0, 0, 0, 0, 0, 0, 0, 0]
2025-09-20 10:58:10.249 20714-20714 HomeViewModel           com.offtime.app.gplay                D  总使用分类24小时虚拟数据(分钟): [0, 0, 0, 0, 0, 0, 0, 0, 0, 36, 58, 0, 0, 0, 0, 0, 0, 0, 0, 0, 0, 0, 0, 0]
2025-09-20 10:58:10.249 20714-20714 HomeViewModel           com.offtime.app.gplay                D  当前是10 点，所以10 点之后的数据都设置为0
2025-09-20 10:58:10.249 20714-20714 HomeViewModel           com.offtime.app.gplay                D  加载折线图数据: categoryId=4, period=日
2025-09-20 10:58:10.249 20714-20714 HomeViewModel           com.offtime.app.gplay                D  开始加载最近15天数据 - 使用聚合表
2025-09-20 10:58:10.251 20714-20714 HomeViewModel           com.offtime.app.gplay                D  聚合表查询结果: usage=15条, completion=15条
2025-09-20 10:58:10.251 20714-20714 HomeViewModel           com.offtime.app.gplay                D  应用安装日期: 2025-08-17
2025-09-20 10:58:10.251 20714-20714 HomeViewModel           com.offtime.app.gplay                D  应用安装日期: 2025-08-17
2025-09-20 10:58:10.254 20714-20714 HomeViewModel           com.offtime.app.gplay                D  日数据处理: 9/6 (2025-09-06), 状态=安装后, 使用时间=0分钟, 完成率=0.0, 奖励=0.0%, 惩罚=100.0%
2025-09-20 10:58:10.257 20714-20714 HomeViewModel           com.offtime.app.gplay                D  日数据处理: 9/7 (2025-09-07), 状态=安装后, 使用时间=0分钟, 完成率=0.0, 奖励=0.0%, 惩罚=100.0%
2025-09-20 10:58:10.259 20714-20714 HomeViewModel           com.offtime.app.gplay                D  日数据处理: 9/8 (2025-09-08), 状态=安装后, 使用时间=0分钟, 完成率=0.0, 奖励=0.0%, 惩罚=100.0%
2025-09-20 10:58:10.262 20714-20714 HomeViewModel           com.offtime.app.gplay                D  日数据处理: 9/9 (2025-09-09), 状态=安装后, 使用时间=0分钟, 完成率=0.0, 奖励=0.0%, 惩罚=100.0%
2025-09-20 10:58:10.265 20714-20714 HomeViewModel           com.offtime.app.gplay                D  日数据处理: 9/10 (2025-09-10), 状态=安装后, 使用时间=0分钟, 完成率=0.0, 奖励=0.0%, 惩罚=100.0%
2025-09-20 10:58:10.267 20714-20714 HomeViewModel           com.offtime.app.gplay                D  日数据处理: 9/11 (2025-09-11), 状态=安装后, 使用时间=0分钟, 完成率=0.0, 奖励=0.0%, 惩罚=100.0%
2025-09-20 10:58:10.269 20714-20714 HomeViewModel           com.offtime.app.gplay                D  日数据处理: 9/12 (2025-09-12), 状态=安装后, 使用时间=0分钟, 完成率=0.0, 奖励=0.0%, 惩罚=100.0%
2025-09-20 10:58:10.271 20714-20714 HomeViewModel           com.offtime.app.gplay                D  日数据处理: 9/13 (2025-09-13), 状态=安装后, 使用时间=0分钟, 完成率=0.0, 奖励=0.0%, 惩罚=100.0%
2025-09-20 10:58:10.274 20714-20714 HomeViewModel           com.offtime.app.gplay                D  日数据处理: 9/14 (2025-09-14), 状态=安装后, 使用时间=0分钟, 完成率=0.0, 奖励=0.0%, 惩罚=100.0%
2025-09-20 10:58:10.275 20714-20714 HomeViewModel           com.offtime.app.gplay                D  期间[本月]奖罚统计: 应获得奖励=3次, 完成奖励=2次, 实际奖励量=6, 应获得惩罚=1次, 完成惩罚=0次, 实际惩罚量=0
2025-09-20 10:58:10.276 20714-20714 HomeViewModel           com.offtime.app.gplay                D  日数据处理: 9/15 (2025-09-15), 状态=安装后, 使用时间=0分钟, 完成率=0.0, 奖励=0.0%, 惩罚=100.0%
2025-09-20 10:58:10.277 20714-20714 HomeViewModel           com.offtime.app.gplay                D  总计奖罚统计: 应获得奖励=4次, 完成奖励=2次, 实际奖励量=6, 应获得惩罚=0次, 完成惩罚=0次, 实际惩罚量=0
2025-09-20 10:58:10.278 20714-20714 HomeViewModel           com.offtime.app.gplay                D  日数据处理: 9/16 (2025-09-16), 状态=安装后, 使用时间=0分钟, 完成率=0.0, 奖励=0.0%, 惩罚=100.0%
2025-09-20 10:58:10.279 20714-20714 HomeViewModel           com.offtime.app.gplay                D  日数据处理: 9/17 (2025-09-17), 状态=安装后, 使用时间=0分钟, 完成率=0.0, 奖励=75.0%, 惩罚=100.0%
2025-09-20 10:58:10.280 20714-20714 HomeViewModel           com.offtime.app.gplay                D  日数据处理: 9/18 (2025-09-18), 状态=安装后, 使用时间=208分钟, 完成率=87.013885, 奖励=0.0%, 惩罚=100.0%
2025-09-20 10:58:10.280 20714-20714 HomeViewModel           com.offtime.app.gplay                D  日数据处理: 9/19 (2025-09-19), 状态=安装后, 使用时间=153分钟, 完成率=63.868057, 奖励=100.0%, 惩罚=100.0%
2025-09-20 10:58:10.281 20714-20714 HomeViewModel           com.offtime.app.gplay                D  日数据处理: 今天 (2025-09-20), 状态=安装后, 使用时间=647分钟, 完成率=269.72223, 奖励=-1.0%, 惩罚=0.0%
2025-09-20 10:58:10.281 20714-20714 HomeViewModel           com.offtime.app.gplay                D  最近15天数据加载完成: usage=15条, completion=15条, reward=15条
2025-09-20 10:58:10.452 20714-20795 UnifiedUpdateService    com.offtime.app.gplay                D  跨日期活跃会话处理完成
2025-09-20 10:58:10.454 20714-20795 UsageStatsCollector     com.offtime.app.gplay                D  触发活跃应用更新（后台任务）
2025-09-20 10:58:10.454 20714-20714 UsageStatsCollector     com.offtime.app.gplay                D  Service onStartCommand: action=update_active_apps, flags=0, startId=14
2025-09-20 10:58:10.455 20714-20714 UsageStatsCollector     com.offtime.app.gplay                D  后台任务更新活跃应用
2025-09-20 10:58:10.458 20714-20795 UsageStatsCollector     com.offtime.app.gplay                D  getForegroundApp: 最近使用的应用是 com.offtime.app.gplay
2025-09-20 10:58:10.458 20714-20795 UsageStatsCollector     com.offtime.app.gplay                D  ✅ 后台触发但确认用户在使用OffTimes，允许累计
2025-09-20 10:58:10.458 20714-20795 UsageStatsCollector     com.offtime.app.gplay                D  实时统计 → 当前活跃应用: com.offtime.app.gplay
2025-09-20 10:58:10.458 20714-20795 UsageStatsCollector     com.offtime.app.gplay                D  实时统计 → com.offtime.app.gplay, 已使用60秒
2025-09-20 10:58:10.461 20714-20795 AppSessionRepository    com.offtime.app.gplay                W  跳过实时新建会话(避免重复): com.offtime.app.gplay, date=2025-09-20, start=1758337029497
2025-09-20 10:58:10.757 20714-20795 UnifiedUpdateService    com.offtime.app.gplay                D  基础数据表更新完成
2025-09-20 10:58:10.757 20714-20795 UnifiedUpdateService    com.offtime.app.gplay                D  第三阶段：聚合数据更新
2025-09-20 10:58:10.757 20714-20795 UnifiedUpdateService    com.offtime.app.gplay                D  更新聚合数据表开始
2025-09-20 10:58:10.761 20714-20795 OffTime_Da...ionService com.offtime.app.gplay                I  开始聚合数据: 2025-09-20
2025-09-20 10:58:10.761 20714-20795 OffTime_Da...ionService com.offtime.app.gplay                I  🔍 开始检查历史未聚合数据
2025-09-20 10:58:10.875 20714-20795 DataAggregationService  com.offtime.app.gplay                D  总使用小时汇总包含: 分类=学习(2), 0点, 秒数=1317
2025-09-20 10:58:10.876 20714-20795 DataAggregationService  com.offtime.app.gplay                D  总使用小时汇总包含: 分类=学习(2), 1点, 秒数=3599
2025-09-20 10:58:10.876 20714-20795 DataAggregationService  com.offtime.app.gplay                D  总使用小时汇总包含: 分类=学习(2), 2点, 秒数=3599
2025-09-20 10:58:10.876 20714-20795 DataAggregationService  com.offtime.app.gplay                D  总使用小时汇总包含: 分类=学习(2), 3点, 秒数=3599
2025-09-20 10:58:10.876 20714-20795 DataAggregationService  com.offtime.app.gplay                D  总使用小时汇总包含: 分类=学习(2), 4点, 秒数=3599
2025-09-20 10:58:10.876 20714-20795 DataAggregationService  com.offtime.app.gplay                D  总使用小时汇总包含: 分类=学习(2), 5点, 秒数=3599
2025-09-20 10:58:10.876 20714-20795 DataAggregationService  com.offtime.app.gplay                D  总使用小时汇总包含: 分类=学习(2), 6点, 秒数=3599
2025-09-20 10:58:10.876 20714-20795 DataAggregationService  com.offtime.app.gplay                D  总使用小时汇总包含: 分类=学习(2), 7点, 秒数=3599
2025-09-20 10:58:10.876 20714-20795 DataAggregationService  com.offtime.app.gplay                D  总使用小时汇总包含: 分类=学习(2), 8点, 秒数=3599
2025-09-20 10:58:10.876 20714-20795 DataAggregationService  com.offtime.app.gplay                D  总使用小时汇总包含: 分类=学习(2), 9点, 秒数=1500
2025-09-20 10:58:10.876 20714-20795 DataAggregationService  com.offtime.app.gplay                D  总使用小时汇总包含: 分类=娱乐(1), 9点, 秒数=244
2025-09-20 10:58:10.876 20714-20795 DataAggregationService  com.offtime.app.gplay                D  总使用小时汇总包含: 分类=娱乐(1), 10点, 秒数=1273
2025-09-20 10:58:10.876 20714-20795 DataAggregationService  com.offtime.app.gplay                D  总使用小时汇总包含: 分类=娱乐(1), 9点, 秒数=6
2025-09-20 10:58:10.876 20714-20795 DataAggregationService  com.offtime.app.gplay                D  总使用小时汇总包含: 分类=学习(2), 9点, 秒数=1090
2025-09-20 10:58:10.876 20714-20795 DataAggregationService  com.offtime.app.gplay                D  总使用小时汇总包含: 分类=健身(3), 9点, 秒数=1087
2025-09-20 10:58:10.876 20714-20795 DataAggregationService  com.offtime.app.gplay                D  总使用小时汇总包含: 分类=娱乐(1), 10点, 秒数=1880
2025-09-20 10:58:10.876 20714-20795 DataAggregationService  com.offtime.app.gplay                D  总使用小时汇总包含: 分类=健身(3), 10点, 秒数=1642
2025-09-20 10:58:10.878 20714-20779 DataAggregationService  com.offtime.app.gplay                D  总使用小时汇总: hour=0, 类型=真实APP, duration=1317s
2025-09-20 10:58:10.879 20714-20795 DataAggregationService  com.offtime.app.gplay                D  总使用小时汇总: hour=1, 类型=真实APP, duration=3599s
2025-09-20 10:58:10.879 20714-20795 DataAggregationService  com.offtime.app.gplay                D  总使用小时汇总: hour=2, 类型=真实APP, duration=3599s
2025-09-20 10:58:10.880 20714-20795 DataAggregationService  com.offtime.app.gplay                D  总使用小时汇总: hour=3, 类型=真实APP, duration=3599s
2025-09-20 10:58:10.881 20714-20795 DataAggregationService  com.offtime.app.gplay                D  总使用小时汇总: hour=4, 类型=真实APP, duration=3599s
2025-09-20 10:58:10.882 20714-20795 DataAggregationService  com.offtime.app.gplay                D  总使用小时汇总: hour=5, 类型=真实APP, duration=3599s
2025-09-20 10:58:10.883 20714-20795 DataAggregationService  com.offtime.app.gplay                D  总使用小时汇总: hour=6, 类型=真实APP, duration=3599s
2025-09-20 10:58:10.884 20714-20779 DataAggregationService  com.offtime.app.gplay                D  总使用小时汇总: hour=7, 类型=真实APP, duration=3599s
2025-09-20 10:58:10.885 20714-20795 DataAggregationService  com.offtime.app.gplay                D  总使用小时汇总: hour=8, 类型=真实APP, duration=3599s
2025-09-20 10:58:10.887 20714-20795 DataAggregationService  com.offtime.app.gplay                D  总使用小时汇总: hour=9, 类型=真实APP, duration=1744s
2025-09-20 10:58:10.888 20714-20795 DataAggregationService  com.offtime.app.gplay                D  总使用小时汇总: hour=10, 类型=真实APP, duration=1273s
2025-09-20 10:58:10.889 20714-20795 DataAggregationService  com.offtime.app.gplay                D  总使用小时汇总: hour=9, 类型=线下活动, duration=2183s
2025-09-20 10:58:10.891 20714-20795 DataAggregationService  com.offtime.app.gplay                D  总使用小时汇总: hour=10, 类型=线下活动, duration=3522s
2025-09-20 10:58:10.891 20714-20795 OffTime_Da...ionService com.offtime.app.gplay                I  daily_usage_user聚合完成: 处理了8个真实APP会话(排除0个被排除应用)和6个线下活动
2025-09-20 10:58:10.898 20714-20779 OffTime_Da...ionService com.offtime.app.gplay                I  总使用汇总: date=2025-09-20, totalSec=38840s (汇总3个分类)
2025-09-20 10:58:10.898 20714-20779 OffTime_Da...ionService com.offtime.app.gplay                I  summary_usage_user聚合完成: 处理了8个真实APP会话(排除0个被排除应用)和6个线下活动
2025-09-20 10:58:10.905 20714-20779 DataAggregationService  com.offtime.app.gplay                D  总使用周汇总包含: 分类=娱乐(1), 秒数=7815
2025-09-20 10:58:10.905 20714-20779 DataAggregationService  com.offtime.app.gplay                D  总使用周汇总包含: 分类=学习(2), 秒数=46831
2025-09-20 10:58:10.906 20714-20779 DataAggregationService  com.offtime.app.gplay                D  总使用周汇总包含: 分类=健身(3), 秒数=5909
2025-09-20 10:58:10.907 20714-20779 DataAggregationService  com.offtime.app.gplay                D  总使用周汇总: week=2025-09-15, totalSec=60555s, dayCount=3, avgDaily=20185s
2025-09-20 10:58:10.907 20714-20779 OffTime_Da...ionService com.offtime.app.gplay                I  周汇总完成: 处理了4个分类的周数据
2025-09-20 10:58:10.917 20714-20796 DataAggregationService  com.offtime.app.gplay                D  月汇总: catId=1, 总时长=7815s, 天数=2, 日均=3907s
2025-09-20 10:58:10.918 20714-20796 DataAggregationService  com.offtime.app.gplay                D  月汇总: catId=2, 总时长=46831s, 天数=3, 日均=15610s
2025-09-20 10:58:10.919 20714-20796 DataAggregationService  com.offtime.app.gplay                D  月汇总: catId=3, 总时长=5909s, 天数=3, 日均=1969s
2025-09-20 10:58:10.920 20714-20796 DataAggregationService  com.offtime.app.gplay                D  月汇总: catId=4, 总时长=60555s, 天数=3, 日均=20185s
2025-09-20 10:58:10.930 20714-20796 DataAggregationService  com.offtime.app.gplay                D  总使用月汇总包含: 分类=娱乐(1), 秒数=7815
2025-09-20 10:58:10.930 20714-20796 DataAggregationService  com.offtime.app.gplay                D  总使用月汇总包含: 分类=学习(2), 秒数=46831
2025-09-20 10:58:10.930 20714-20796 DataAggregationService  com.offtime.app.gplay                D  总使用月汇总包含: 分类=健身(3), 秒数=5909
2025-09-20 10:58:10.930 20714-20796 DataAggregationService  com.offtime.app.gplay                D  总使用月汇总: month=2025-09, totalSec=60555s, dayCount=3, avgDaily=20185s
2025-09-20 10:58:10.930 20714-20796 OffTime_Da...ionService com.offtime.app.gplay                I  月汇总完成: 处理了4个分类的月数据
2025-09-20 10:58:10.931 20714-20796 DataAggregationService  com.offtime.app.gplay                D  计算奖惩周汇总: 周开始=2025-09-08, 周结束=2025-09-14, 包含天数=7
2025-09-20 10:58:10.931 20714-20796 DataAggregationService  com.offtime.app.gplay                D  周日期列表: 2025-09-08, 2025-09-09, 2025-09-10, 2025-09-11, 2025-09-12, 2025-09-13, 2025-09-14
2025-09-20 10:58:10.932 20714-20779 DataAggregationService  com.offtime.app.gplay                D  日期 2025-09-08 找到 0 条奖惩记录
2025-09-20 10:58:10.933 20714-20779 DataAggregationService  com.offtime.app.gplay                D  日期 2025-09-09 找到 0 条奖惩记录
2025-09-20 10:58:10.933 20714-20779 DataAggregationService  com.offtime.app.gplay                D  日期 2025-09-10 找到 0 条奖惩记录
2025-09-20 10:58:10.934 20714-20779 DataAggregationService  com.offtime.app.gplay                D  日期 2025-09-11 找到 0 条奖惩记录
2025-09-20 10:58:10.934 20714-20779 DataAggregationService  com.offtime.app.gplay                D  日期 2025-09-12 找到 0 条奖惩记录
2025-09-20 10:58:10.935 20714-20779 DataAggregationService  com.offtime.app.gplay                D  日期 2025-09-13 找到 0 条奖惩记录
2025-09-20 10:58:10.935 20714-20779 DataAggregationService  com.offtime.app.gplay                D  日期 2025-09-14 找到 0 条奖惩记录
2025-09-20 10:58:10.936 20714-20779 DataAggregationService  com.offtime.app.gplay                D  奖惩周汇总完成: 处理了0个分类
2025-09-20 10:58:10.937 20714-20779 DataAggregationService  com.offtime.app.gplay                D  计算奖惩月汇总: 月份=2025-09, 包含天数=20
2025-09-20 10:58:10.937 20714-20779 DataAggregationService  com.offtime.app.gplay                D  日期 2025-09-01 找到 0 条奖惩记录
2025-09-20 10:58:10.938 20714-20779 DataAggregationService  com.offtime.app.gplay                D  日期 2025-09-02 找到 0 条奖惩记录
2025-09-20 10:58:10.939 20714-20779 DataAggregationService  com.offtime.app.gplay                D  日期 2025-09-03 找到 0 条奖惩记录
2025-09-20 10:58:10.940 20714-20779 DataAggregationService  com.offtime.app.gplay                D  日期 2025-09-04 找到 0 条奖惩记录
2025-09-20 10:58:10.941 20714-20779 DataAggregationService  com.offtime.app.gplay                D  日期 2025-09-05 找到 0 条奖惩记录
2025-09-20 10:58:10.942 20714-20779 DataAggregationService  com.offtime.app.gplay                D  日期 2025-09-06 找到 0 条奖惩记录
2025-09-20 10:58:10.942 20714-20779 DataAggregationService  com.offtime.app.gplay                D  日期 2025-09-07 找到 0 条奖惩记录
2025-09-20 10:58:10.943 20714-20779 DataAggregationService  com.offtime.app.gplay                D  日期 2025-09-08 找到 0 条奖惩记录
2025-09-20 10:58:10.944 20714-20779 DataAggregationService  com.offtime.app.gplay                D  日期 2025-09-09 找到 0 条奖惩记录
2025-09-20 10:58:10.944 20714-20779 DataAggregationService  com.offtime.app.gplay                D  日期 2025-09-10 找到 0 条奖惩记录
2025-09-20 10:58:10.945 20714-20779 DataAggregationService  com.offtime.app.gplay                D  日期 2025-09-11 找到 0 条奖惩记录
2025-09-20 10:58:10.946 20714-20779 DataAggregationService  com.offtime.app.gplay                D  日期 2025-09-12 找到 0 条奖惩记录
2025-09-20 10:58:10.946 20714-20779 DataAggregationService  com.offtime.app.gplay                D  日期 2025-09-13 找到 0 条奖惩记录
2025-09-20 10:58:10.947 20714-20779 DataAggregationService  com.offtime.app.gplay                D  日期 2025-09-14 找到 0 条奖惩记录
2025-09-20 10:58:10.947 20714-20779 DataAggregationService  com.offtime.app.gplay                D  日期 2025-09-15 找到 0 条奖惩记录
2025-09-20 10:58:10.948 20714-20779 DataAggregationService  com.offtime.app.gplay                D  日期 2025-09-16 找到 0 条奖惩记录
2025-09-20 10:58:10.948 20714-20779 DataAggregationService  com.offtime.app.gplay                D  日期 2025-09-17 找到 4 条奖惩记录
2025-09-20 10:58:10.949 20714-20779 DataAggregationService  com.offtime.app.gplay                D  2025-09-17 catId=1: 目标达成=1, 奖励完成=1, 惩罚完成=0
2025-09-20 10:58:10.949 20714-20779 DataAggregationService  com.offtime.app.gplay                D  2025-09-17 catId=2: 目标达成=0, 奖励完成=0, 惩罚完成=1
2025-09-20 10:58:10.949 20714-20779 DataAggregationService  com.offtime.app.gplay                D  2025-09-17 catId=3: 目标达成=0, 奖励完成=0, 惩罚完成=1
2025-09-20 10:58:10.949 20714-20779 DataAggregationService  com.offtime.app.gplay                D  2025-09-17 catId=4: 目标达成=1, 奖励完成=1, 惩罚完成=0
2025-09-20 10:58:10.949 20714-20779 DataAggregationService  com.offtime.app.gplay                D  日期 2025-09-18 找到 4 条奖惩记录
2025-09-20 10:58:10.950 20714-20779 DataAggregationService  com.offtime.app.gplay                D  2025-09-18 catId=3: 目标达成=1, 奖励完成=0, 惩罚完成=0
2025-09-20 10:58:10.950 20714-20779 DataAggregationService  com.offtime.app.gplay                D  2025-09-18 catId=1: 目标达成=1, 奖励完成=0, 惩罚完成=0
2025-09-20 10:58:10.950 20714-20779 DataAggregationService  com.offtime.app.gplay                D  2025-09-18 catId=2: 目标达成=1, 奖励完成=0, 惩罚完成=0
2025-09-20 10:58:10.951 20714-20779 DataAggregationService  com.offtime.app.gplay                D  2025-09-18 catId=4: 目标达成=1, 奖励完成=0, 惩罚完成=0
2025-09-20 10:58:10.951 20714-20779 DataAggregationService  com.offtime.app.gplay                D  日期 2025-09-19 找到 4 条奖惩记录
2025-09-20 10:58:10.952 20714-20779 DataAggregationService  com.offtime.app.gplay                D  2025-09-19 catId=1: 目标达成=0, 奖励完成=0, 惩罚完成=1
2025-09-20 10:58:10.952 20714-20779 DataAggregationService  com.offtime.app.gplay                D  2025-09-19 catId=2: 目标达成=1, 奖励完成=1, 惩罚完成=0
2025-09-20 10:58:10.952 20714-20779 DataAggregationService  com.offtime.app.gplay                D  2025-09-19 catId=3: 目标达成=0, 奖励完成=0, 惩罚完成=1
2025-09-20 10:58:10.953 20714-20779 DataAggregationService  com.offtime.app.gplay                D  2025-09-19 catId=4: 目标达成=1, 奖励完成=1, 惩罚完成=0
2025-09-20 10:58:10.953 20714-20779 DataAggregationService  com.offtime.app.gplay                D  日期 2025-09-20 找到 0 条奖惩记录
2025-09-20 10:58:10.955 20714-20779 DataAggregationService  com.offtime.app.gplay                D  月奖惩汇总: catId=1, 总奖励=3, 完成奖励=1, 总惩罚=3, 完成惩罚=1
2025-09-20 10:58:10.956 20714-20779 DataAggregationService  com.offtime.app.gplay                D  月奖惩汇总: catId=2, 总奖励=3, 完成奖励=1, 总惩罚=3, 完成惩罚=1
2025-09-20 10:58:10.957 20714-20779 DataAggregationService  com.offtime.app.gplay                D  月奖惩汇总: catId=3, 总奖励=3, 完成奖励=0, 总惩罚=3, 完成惩罚=2
2025-09-20 10:58:10.958 20714-20796 DataAggregationService  com.offtime.app.gplay                D  月奖惩汇总: catId=4, 总奖励=3, 完成奖励=2, 总惩罚=3, 完成惩罚=0
2025-09-20 10:58:10.958 20714-20796 DataAggregationService  com.offtime.app.gplay                D  奖惩月汇总完成: 处理了4个分类
2025-09-20 10:58:10.958 20714-20796 OffTime_Da...ionService com.offtime.app.gplay                I  数据聚合完成: 2025-09-20
2025-09-20 10:58:11.760 20714-20796 UnifiedUpdateService    com.offtime.app.gplay                D  聚合数据表更新完成
2025-09-20 10:58:11.760 20714-20796 UnifiedUpdateService    com.offtime.app.gplay                D  第四阶段：数据清理检查
2025-09-20 10:58:11.760 20714-20796 UnifiedUpdateService    com.offtime.app.gplay                D  开始执行数据清理...
2025-09-20 10:58:11.761 20714-20796 DataCleanupManager      com.offtime.app.gplay                I  === 开始执行数据清理 ===
2025-09-20 10:58:11.763 20714-20796 DataCleanupManager      com.offtime.app.gplay                I  清理前数据统计: app_sessions_users=96条, timer_sessions_users=6条
2025-09-20 10:58:11.763 20714-20796 DataCleanupManager      com.offtime.app.gplay                I  清理60天前的app_sessions_users数据...
2025-09-20 10:58:11.764 20714-20796 AppSessionRepository    com.offtime.app.gplay                I  清理了2025-07-22之前的app_sessions_users数据
2025-09-20 10:58:11.764 20714-20796 DataCleanupManager      com.offtime.app.gplay                I  清理60天前的timer_sessions_users数据...
2025-09-20 10:58:11.765 20714-20796 TimerSessionRepository  com.offtime.app.gplay                I  清理了2025-07-22之前的timer_sessions_users数据
2025-09-20 10:58:11.766 20714-20796 DataCleanupManager      com.offtime.app.gplay                I  清理后数据统计: app_sessions_users=96条, timer_sessions_users=6条
2025-09-20 10:58:11.766 20714-20796 DataCleanupManager      com.offtime.app.gplay                I  清理结果: 删除了0条app_sessions, 0条timer_sessions
2025-09-20 10:58:11.766 20714-20796 DataCleanupManager      com.offtime.app.gplay                I  === 数据清理完成 ===
2025-09-20 10:58:11.766 20714-20796 UnifiedUpdateService    com.offtime.app.gplay                D  数据清理完成
2025-09-20 10:58:11.766 20714-20796 UnifiedUpdateService    com.offtime.app.gplay                D  第五阶段：UI刷新通知
2025-09-20 10:58:11.767 20714-20796 DataUpdateManager       com.offtime.app.gplay                D  发送数据更新事件: manual
2025-09-20 10:58:11.767 20714-20796 UnifiedUpdateService    com.offtime.app.gplay                D  已通知UI数据更新 - manual
2025-09-20 10:58:11.767 20714-20796 UnifiedUpdateService    com.offtime.app.gplay                D  统一更新流程完成 - manual，耗时：4849ms
2025-09-20 10:58:11.767 20714-20714 HomeViewModel           com.offtime.app.gplay                D  收到数据更新事件: manual
2025-09-20 10:58:11.767 20714-20714 HomeViewModel           com.offtime.app.gplay                D  开始加载使用数据: categoryId=4, today=2025-09-20
2025-09-20 10:58:11.768 20714-20714 HomeViewModel           com.offtime.app.gplay                D  查询指定日期数据: catId=4, date=2025-09-20
2025-09-20 10:58:11.768   686-705   Foreground...ggerModule system_server                        W  FGS stop call for: 10219 has no types!
2025-09-20 10:58:11.769   686-1130  Background...rolService system_server                        D  Package event received: 0
2025-09-20 10:58:11.769 20714-20714 HomeViewModel           com.offtime.app.gplay                D  加载总使用分类数据
2025-09-20 10:58:11.770 20714-20714 HomeViewModel           com.offtime.app.gplay                D  查询昨日奖罚状态: categoryId=4, date=2025-09-19
2025-09-20 10:58:11.770 20714-20714 HomeViewModel           com.offtime.app.gplay                D  查询昨日奖罚状态: categoryId=4, date=2025-09-19
2025-09-20 10:58:11.771 20714-20714 UnifiedUpdateService    com.offtime.app.gplay                D  停止定时更新机制
2025-09-20 10:58:11.771 20714-20714 UnifiedUpdateService    com.offtime.app.gplay                D  统一更新服务已销毁
2025-09-20 10:58:11.774 20714-20796 AppSessionRepository    com.offtime.app.gplay                D  getCurrentActiveUsageByCategory已修复: 不再返回错误的活跃时间，分类4返回0
2025-09-20 10:58:11.775 20714-20714 HomeViewModel           com.offtime.app.gplay                D  昨日使用数据: real=9194s, virtual=0s, goal=14400s
2025-09-20 10:58:11.775 20714-20714 HomeViewModel           com.offtime.app.gplay                D  应用安装时间检查: installTime=Sun Aug 17 16:04:39 GMT+08:00 2025, today=Sat Sep 20 00:00:00 GMT+08:00 2025, isInstalledToday=false
2025-09-20 10:58:11.775 20714-20714 HomeViewModel           com.offtime.app.gplay                D  当前活跃会话使用时间: 0s (分类ID: 4)
2025-09-20 10:58:11.775 20714-20714 HomeViewModel           com.offtime.app.gplay                D  今日总使用分类加上活跃会话: +0s
2025-09-20 10:58:11.775 20714-20714 HomeViewModel           com.offtime.app.gplay                D  开始加载各分类使用数据用于多分类显示
2025-09-20 10:58:11.775 20714-20714 HomeViewModel           com.offtime.app.gplay                D  昨日使用数据: real=9194s, virtual=0s, goal=14400s
2025-09-20 10:58:11.775 20714-20714 HomeViewModel           com.offtime.app.gplay                D  应用安装时间检查: installTime=Sun Aug 17 16:04:39 GMT+08:00 2025, today=Sat Sep 20 00:00:00 GMT+08:00 2025, isInstalledToday=false
2025-09-20 10:58:11.775 20714-20714 HomeViewModel           com.offtime.app.gplay                D  期间[昨天]奖罚统计: 应获得奖励=1次, 完成奖励=1次, 实际奖励量=2, 应获得惩罚=0次, 完成惩罚=0次, 实际惩罚量=0
2025-09-20 10:58:11.776  1475-1475  NotificationListener    com...le.android.apps.nexuslauncher  I  received notification removed event - com.offtime.app.gplay#UserHandle{0},category=-1
2025-09-20 10:58:11.777 20714-20714 HomeViewModel           com.offtime.app.gplay                D  使用已有昨日详细数据的奖励文本: Chips 2 packs
2025-09-20 10:58:11.778 20714-20714 HomeViewModel           com.offtime.app.gplay                D  从奖惩记录表查询昨日奖罚状态: reward=1, punishment=0, goalMet=1
2025-09-20 10:58:11.778 20714-20714 HomeViewModel           com.offtime.app.gplay                D  分类 4 的目标时间: 240分钟 = 14400秒, 类型: 0
2025-09-20 10:58:11.778 20714-20714 HomeViewModel           com.offtime.app.gplay                D  使用已有昨日详细数据的奖励文本: Chips 2 packs
2025-09-20 10:58:11.778 20714-20714 HomeViewModel           com.offtime.app.gplay                D  从奖惩记录表查询昨日奖罚状态: reward=1, punishment=0, goalMet=1
2025-09-20 10:58:11.779 20714-20714 HomeViewModel           com.offtime.app.gplay                D  分类 4 的目标时间: 240分钟 = 14400秒, 类型: 0
2025-09-20 10:58:11.781 20714-20714 HomeViewModel           com.offtime.app.gplay                D  加载了3个分类的使用数据
2025-09-20 10:58:11.781 20714-20714 HomeViewModel           com.offtime.app.gplay                D  总使用分类数据: realUsage=33126s, virtualUsage=5705s
2025-09-20 10:58:11.781 20714-20714 HomeViewModel           com.offtime.app.gplay                D  最终设置: realUsageSec=33126, virtualUsageSec=5705
2025-09-20 10:58:11.781 20714-20714 HomeViewModel           com.offtime.app.gplay                D  数据加载完成，奖罚模块显示昨日数据
2025-09-20 10:58:11.781 20714-20714 HomeViewModel           com.offtime.app.gplay                D  查询昨日奖罚状态: categoryId=4, date=2025-09-19
2025-09-20 10:58:11.782 20714-20714 HomeViewModel           com.offtime.app.gplay                D  昨日使用数据: real=9194s, virtual=0s, goal=14400s
2025-09-20 10:58:11.782 20714-20714 HomeViewModel           com.offtime.app.gplay                D  应用安装时间检查: installTime=Sun Aug 17 16:04:39 GMT+08:00 2025, today=Sat Sep 20 00:00:00 GMT+08:00 2025, isInstalledToday=false
2025-09-20 10:58:11.783   686-1075  BestClock               system_server                        W  java.time.DateTimeException: No network time available
2025-09-20 10:58:11.783   686-1075  BestClock               system_server                        W  java.time.DateTimeException: No network time available
2025-09-20 10:58:11.783 20714-20714 HomeViewModel           com.offtime.app.gplay                D  使用已有昨日详细数据的奖励文本: Chips 2 packs
2025-09-20 10:58:11.783 20714-20714 HomeViewModel           com.offtime.app.gplay                D  从奖惩记录表查询昨日奖罚状态: reward=1, punishment=0, goalMet=1
2025-09-20 10:58:11.783 20714-20714 HomeViewModel           com.offtime.app.gplay                D  开始加载24小时数据: categoryId=4, date=2025-09-20
2025-09-20 10:58:11.783   686-1075  BestClock               system_server                        W  java.time.DateTimeException: No network time available
2025-09-20 10:58:11.783 20714-20714 HomeViewModel           com.offtime.app.gplay                D  当前时间: Sat Sep 20 10:58:11 GMT+08:00 2025, 当前小时: 10, 今天: 2025-09-20
2025-09-20 10:58:11.784   686-1075  BestClock               system_server                        W  java.time.DateTimeException: No network time available
2025-09-20 10:58:11.784   686-1075  BestClock               system_server                        W  java.time.DateTimeException: No network time available
2025-09-20 10:58:11.784 20714-20714 HomeViewModel           com.offtime.app.gplay                D  加载总使用分类的24小时数据
2025-09-20 10:58:11.785 20714-20714 HomeViewModel           com.offtime.app.gplay                D  总使用分类查询到真实小时数据: 11条, 虚拟小时数据: 2条
2025-09-20 10:58:11.785 20714-20714 HomeViewModel           com.offtime.app.gplay                D  开始加载各分类24小时数据用于多分类显示
2025-09-20 10:58:11.788 20714-20714 HomeViewModel           com.offtime.app.gplay                D  期间[本周]奖罚统计: 应获得奖励=3次, 完成奖励=2次, 实际奖励量=6, 应获得惩罚=1次, 完成惩罚=0次, 实际惩罚量=0
2025-09-20 10:58:11.788 20714-20714 HomeViewModel           com.offtime.app.gplay                D  加载了3个分类的24小时数据
2025-09-20 10:58:11.789 20714-20714 HomeViewModel           com.offtime.app.gplay                D  总使用分类24小时真实数据(分钟): [21, 59, 59, 59, 59, 59, 59, 59, 59, 29, 21, 0, 0, 0, 0, 0, 0, 0, 0, 0, 0, 0, 0, 0]
2025-09-20 10:58:11.789 20714-20714 HomeViewModel           com.offtime.app.gplay                D  总使用分类24小时虚拟数据(分钟): [0, 0, 0, 0, 0, 0, 0, 0, 0, 36, 58, 0, 0, 0, 0, 0, 0, 0, 0, 0, 0, 0, 0, 0]
2025-09-20 10:58:11.789 20714-20714 HomeViewModel           com.offtime.app.gplay                D  当前是10 点，所以10 点之后的数据都设置为0
2025-09-20 10:58:11.789 20714-20714 HomeViewModel           com.offtime.app.gplay                D  加载折线图数据: categoryId=4, period=日
2025-09-20 10:58:11.789 20714-20714 HomeViewModel           com.offtime.app.gplay                D  开始加载最近15天数据 - 使用聚合表
2025-09-20 10:58:11.790 20714-20714 HomeViewModel           com.offtime.app.gplay                D  聚合表查询结果: usage=15条, completion=15条
2025-09-20 10:58:11.791 20714-20714 HomeViewModel           com.offtime.app.gplay                D  应用安装日期: 2025-08-17
2025-09-20 10:58:11.791 20714-20714 HomeViewModel           com.offtime.app.gplay                D  应用安装日期: 2025-08-17
2025-09-20 10:58:11.795 20714-20714 HomeViewModel           com.offtime.app.gplay                D  日数据处理: 9/6 (2025-09-06), 状态=安装后, 使用时间=0分钟, 完成率=0.0, 奖励=0.0%, 惩罚=100.0%
2025-09-20 10:58:11.797 20714-20714 HomeViewModel           com.offtime.app.gplay                D  日数据处理: 9/7 (2025-09-07), 状态=安装后, 使用时间=0分钟, 完成率=0.0, 奖励=0.0%, 惩罚=100.0%
2025-09-20 10:58:11.800 20714-20714 HomeViewModel           com.offtime.app.gplay                D  日数据处理: 9/8 (2025-09-08), 状态=安装后, 使用时间=0分钟, 完成率=0.0, 奖励=0.0%, 惩罚=100.0%
2025-09-20 10:58:11.802 20714-20714 HomeViewModel           com.offtime.app.gplay                D  日数据处理: 9/9 (2025-09-09), 状态=安装后, 使用时间=0分钟, 完成率=0.0, 奖励=0.0%, 惩罚=100.0%
2025-09-20 10:58:11.805 20714-20714 HomeViewModel           com.offtime.app.gplay                D  日数据处理: 9/10 (2025-09-10), 状态=安装后, 使用时间=0分钟, 完成率=0.0, 奖励=0.0%, 惩罚=100.0%
2025-09-20 10:58:11.808 20714-20714 HomeViewModel           com.offtime.app.gplay                D  日数据处理: 9/11 (2025-09-11), 状态=安装后, 使用时间=0分钟, 完成率=0.0, 奖励=0.0%, 惩罚=100.0%
2025-09-20 10:58:11.811 20714-20714 HomeViewModel           com.offtime.app.gplay                D  日数据处理: 9/12 (2025-09-12), 状态=安装后, 使用时间=0分钟, 完成率=0.0, 奖励=0.0%, 惩罚=100.0%
2025-09-20 10:58:11.814 20714-20714 HomeViewModel           com.offtime.app.gplay                D  日数据处理: 9/13 (2025-09-13), 状态=安装后, 使用时间=0分钟, 完成率=0.0, 奖励=0.0%, 惩罚=100.0%
2025-09-20 10:58:11.816 20714-20714 HomeViewModel           com.offtime.app.gplay                D  日数据处理: 9/14 (2025-09-14), 状态=安装后, 使用时间=0分钟, 完成率=0.0, 奖励=0.0%, 惩罚=100.0%
2025-09-20 10:58:11.818 20714-20714 HomeViewModel           com.offtime.app.gplay                D  日数据处理: 9/15 (2025-09-15), 状态=安装后, 使用时间=0分钟, 完成率=0.0, 奖励=0.0%, 惩罚=100.0%
2025-09-20 10:58:11.821 20714-20714 HomeViewModel           com.offtime.app.gplay                D  日数据处理: 9/16 (2025-09-16), 状态=安装后, 使用时间=0分钟, 完成率=0.0, 奖励=0.0%, 惩罚=100.0%
2025-09-20 10:58:11.821 20714-20714 HomeViewModel           com.offtime.app.gplay                D  日数据处理: 9/17 (2025-09-17), 状态=安装后, 使用时间=0分钟, 完成率=0.0, 奖励=75.0%, 惩罚=100.0%
2025-09-20 10:58:11.821 20714-20714 HomeViewModel           com.offtime.app.gplay                D  期间[本月]奖罚统计: 应获得奖励=3次, 完成奖励=2次, 实际奖励量=6, 应获得惩罚=1次, 完成惩罚=0次, 实际惩罚量=0
2025-09-20 10:58:11.822 20714-20714 HomeViewModel           com.offtime.app.gplay                D  日数据处理: 9/18 (2025-09-18), 状态=安装后, 使用时间=208分钟, 完成率=87.013885, 奖励=0.0%, 惩罚=100.0%
2025-09-20 10:58:11.823 20714-20714 HomeViewModel           com.offtime.app.gplay                D  日数据处理: 9/19 (2025-09-19), 状态=安装后, 使用时间=153分钟, 完成率=63.868057, 奖励=100.0%, 惩罚=100.0%
2025-09-20 10:58:11.823 20714-20714 HomeViewModel           com.offtime.app.gplay                D  总计奖罚统计: 应获得奖励=4次, 完成奖励=2次, 实际奖励量=6, 应获得惩罚=0次, 完成惩罚=0次, 实际惩罚量=0
2025-09-20 10:58:11.824 20714-20714 HomeViewModel           com.offtime.app.gplay                D  日数据处理: 今天 (2025-09-20), 状态=安装后, 使用时间=647分钟, 完成率=269.72223, 奖励=-1.0%, 惩罚=0.0%
2025-09-20 10:58:11.824 20714-20714 HomeViewModel           com.offtime.app.gplay                D  最近15天数据加载完成: usage=15条, completion=15条, reward=15条
2025-09-20 10:58:11.951 10157-20652 NearbyMediums           com.google.android.gms.persistent    I  Found Fast Ble Advertisements :
                                                                                                    BleAdvertisement { version=2, socketVersion=2, isFast=true, serviceIdHash=null, data=[ 0x23 0x41 0x52 0x59 0x43 0x11 0x32 0x64 0x1a 0xff 0x56 0xd1 0x2d 0xfa 0x08 0x51 0x90 0x7f 0x48 0x60 0x38 0xba 0x02 ], deviceToken=[ 0xaf 0x98 ], rxAdvertisement=[ 0xa0 0x17 0x02 0x69 0x6e 0x5d 0x7e 0xd3 0x5f 0xe6 0x31 0xa7 0x75 0x41 0x49 0x8d 0xa3 0xc7 0xfb 0x85 0xe4 0x2a 0xdc 0x3f 0x2a 0x9e 0x56 0xd5 0x79 0xe4 0x5a 0x45 0x5c 0x63 0x84 0x15 0x05 0x7f 0x00 0x00 0x84 0x15 0x06 0x00 0x00 0x00 0x84 0x15 0x04 0x7f 0x00 0x00 0x83 0x15 0x01 0x09 0x8f ] } : 80 times.
                                                                                                    Total 80 fast advertisements from 1 unique advertisers.
2025-09-20 10:58:11.985  1475-1475  NotificationListener    com...le.android.apps.nexuslauncher  I  received notification removed event - com.offtime.app.gplay#UserHandle{0},category=-1
2025-09-20 10:58:11.988  1941-2543  AiAiEcho                com.google.android.as                W  LyftNotificationParser Ridesharing ETA not enabled
2025-09-20 10:58:11.988  1941-2543  AiAiEcho                com.google.android.as                I  SmartspaceNotificationPredictor no parser can handle this notification or notification is invalid
2025-09-20 10:58:14.787   686-1075  BestClock               system_server                        W  java.time.DateTimeException: No network time available
2025-09-20 10:58:14.787   686-1075  BestClock               system_server                        W  java.time.DateTimeException: No network time available
2025-09-20 10:58:14.787   686-1075  BestClock               system_server                        W  java.time.DateTimeException: No network time available
2025-09-20 10:58:14.787   686-1075  BestClock               system_server                        W  java.time.DateTimeException: No network time available
2025-09-20 10:58:14.787   686-1075  BestClock               system_server                        W  java.time.DateTimeException: No network time available
2025-09-20 10:58:15.127   686-864   ImeTracker              system_server                        I  system_server:f3601e69: setFinished at PHASE_WM_GET_CONTROL_WITH_LEASH with STATUS_TIMEOUT
2025-09-20 10:58:15.205  1357-1606  SatelliteController     com.android.phone                    D  iisInCarrierRoamingNbIotNtn: satellite is disabled
2025-09-20 10:58:17.059 20714-20714 DebugSessionsViewModel  com.offtime.app.gplay                D  触发后台数据更新...
2025-09-20 10:58:17.061 20714-20714 UsageStatsCollector     com.offtime.app.gplay                D  触发事件拉取（后台任务）
2025-09-20 10:58:17.061 20714-20714 DebugSessionsViewModel  com.offtime.app.gplay                D  等待4秒以确保后台数据处理完成...
2025-09-20 10:58:17.107 20714-20714 UsageStatsCollector     com.offtime.app.gplay                D  Service onStartCommand: action=pull_events, flags=0, startId=15
2025-09-20 10:58:17.107 20714-20714 UsageStatsCollector     com.offtime.app.gplay                D  后台任务拉取事件
2025-09-20 10:58:17.115 20714-20779 UsageStatsCollector     com.offtime.app.gplay                D  开始处理事件: 10:58:07 - 10:58:17
2025-09-20 10:58:17.116 20714-20779 UsageStatsCollector     com.offtime.app.gplay                D  事件处理完成: 总计2个事件 (启动0个, 结束1个)
2025-09-20 10:58:17.116 20714-20779 UsageStatsCollector     com.offtime.app.gplay                D  当前活跃应用: com.offtime.app.gplay
2025-09-20 10:58:17.116 20714-20779 UsageStatsCollector     com.offtime.app.gplay                D  Events pulled successfully from 1758337087126 to 1758337097108 (last=1758337091768)
2025-09-20 10:58:17.793   686-1075  BestClock               system_server                        W  java.time.DateTimeException: No network time available
2025-09-20 10:58:17.794   686-1075  BestClock               system_server                        W  java.time.DateTimeException: No network time available
2025-09-20 10:58:17.794   686-1075  BestClock               system_server                        W  java.time.DateTimeException: No network time available
2025-09-20 10:58:17.794   686-1075  BestClock               system_server                        W  java.time.DateTimeException: No network time available
2025-09-20 10:58:17.794   686-1075  BestClock               system_server                        W  java.time.DateTimeException: No network time available
